2026-05-18 21:48:13,086 | INFO     | Data Augmentation
2026-05-18 21:48:13,087 | INFO     | Source : ..\data\cleaned
2026-05-18 21:48:13,087 | INFO     | Output : ..\data\final
2026-05-18 21:48:13,087 | INFO     | Log    : ..\logs\augmentation_20260518_214813.log

2026-05-18 21:48:13,090 | INFO     | Augmenting : hibou_grand-duc  (81 originals × 5)
2026-05-18 21:48:13,132 | INFO     |   hibou_grand-duc_0001.jpg → 5 augmented images
2026-05-18 21:48:13,166 | INFO     |   hibou_grand-duc_0002.jpg → 5 augmented images
2026-05-18 21:48:13,201 | INFO     |   hibou_grand-duc_0003.jpg → 5 augmented images
2026-05-18 21:48:13,236 | INFO     |   hibou_grand-duc_0004.jpg → 5 augmented images
2026-05-18 21:48:13,272 | INFO     |   hibou_grand-duc_0005.jpg → 5 augmented images
2026-05-18 21:48:13,307 | INFO     |   hibou_grand-duc_0007.jpg → 5 augmented images
2026-05-18 21:48:13,343 | INFO     |   hibou_grand-duc_0008.jpg → 5 augmented images
2026-05-18 21:48:13,378 | INFO     |   hibou_grand-duc_0009.jpg → 5 augmented images
2026-05-18 21:48:13,414 | INFO     |   hibou_grand-duc_0010.jpg → 5 augmented images
2026-05-18 21:48:13,448 | INFO     |   hibou_grand-duc_0011.jpg → 5 augmented images
2026-05-18 21:48:13,482 | INFO     |   hibou_grand-duc_0013.jpg → 5 augmented images
2026-05-18 21:48:13,519 | INFO     |   hibou_grand-duc_0014.jpg → 5 augmented images
2026-05-18 21:48:13,555 | INFO     |   hibou_grand-duc_0017.jpg → 5 augmented images
2026-05-18 21:48:13,592 | INFO     |   hibou_grand-duc_0019.jpg → 5 augmented images
2026-05-18 21:48:13,632 | INFO     |   hibou_grand-duc_0022.jpg → 5 augmented images
2026-05-18 21:48:13,667 | INFO     |   hibou_grand-duc_0023.jpg → 5 augmented images
2026-05-18 21:48:13,712 | INFO     |   hibou_grand-duc_0024.jpg → 5 augmented images
2026-05-18 21:48:13,755 | INFO     |   hibou_grand-duc_0025.jpg → 5 augmented images
2026-05-18 21:48:13,793 | INFO     |   hibou_grand-duc_0026.jpg → 5 augmented images
2026-05-18 21:48:13,830 | INFO     |   hibou_grand-duc_0027.jpg → 5 augmented images
2026-05-18 21:48:13,868 | INFO     |   hibou_grand-duc_0029.jpg → 5 augmented images
2026-05-18 21:48:13,904 | INFO     |   hibou_grand-duc_0031.jpg → 5 augmented images
2026-05-18 21:48:14,403 | INFO     |   hibou_grand-duc_0032.jpeg → 5 augmented images
2026-05-18 21:48:14,441 | INFO     |   hibou_grand-duc_0032.jpg → 5 augmented images
2026-05-18 21:48:14,949 | INFO     |   hibou_grand-duc_0033.jpeg → 5 augmented images
2026-05-18 21:48:14,987 | INFO     |   hibou_grand-duc_0033.jpg → 5 augmented images
2026-05-18 21:48:15,489 | INFO     |   hibou_grand-duc_0034.jpeg → 5 augmented images
2026-05-18 21:48:15,525 | INFO     |   hibou_grand-duc_0034.jpg → 5 augmented images
2026-05-18 21:48:16,005 | INFO     |   hibou_grand-duc_0035.jpeg → 5 augmented images
2026-05-18 21:48:16,045 | INFO     |   hibou_grand-duc_0035.jpg → 5 augmented images
2026-05-18 21:48:16,571 | INFO     |   hibou_grand-duc_0036.jpeg → 5 augmented images
2026-05-18 21:48:16,606 | INFO     |   hibou_grand-duc_0036.jpg → 5 augmented images
2026-05-18 21:48:17,118 | INFO     |   hibou_grand-duc_0037.jpeg → 5 augmented images
2026-05-18 21:48:17,156 | INFO     |   hibou_grand-duc_0037.jpg → 5 augmented images
2026-05-18 21:48:17,784 | INFO     |   hibou_grand-duc_0038.jpeg → 5 augmented images
2026-05-18 21:48:17,823 | INFO     |   hibou_grand-duc_0038.jpg → 5 augmented images
2026-05-18 21:48:18,467 | INFO     |   hibou_grand-duc_0039.jpeg → 5 augmented images
2026-05-18 21:48:18,534 | INFO     |   hibou_grand-duc_0039.jpg → 5 augmented images
2026-05-18 21:48:18,581 | INFO     |   hibou_grand-duc_0040.jpg → 5 augmented images
2026-05-18 21:48:18,635 | INFO     |   hibou_grand-duc_0041.jpg → 5 augmented images
2026-05-18 21:48:18,695 | INFO     |   hibou_grand-duc_0042.jpg → 5 augmented images
2026-05-18 21:48:18,751 | INFO     |   hibou_grand-duc_0043.jpg → 5 augmented images
2026-05-18 21:48:18,810 | INFO     |   hibou_grand-duc_0044.jpg → 5 augmented images
2026-05-18 21:48:18,869 | INFO     |   hibou_grand-duc_0045.jpg → 5 augmented images
2026-05-18 21:48:18,926 | INFO     |   hibou_grand-duc_0046.jpg → 5 augmented images
2026-05-18 21:48:18,986 | INFO     |   hibou_grand-duc_0047.jpg → 5 augmented images
2026-05-18 21:48:19,055 | INFO     |   hibou_grand-duc_0048.jpg → 5 augmented images
2026-05-18 21:48:19,176 | INFO     |   hibou_grand-duc_0050.jpg → 5 augmented images
2026-05-18 21:48:19,244 | INFO     |   hibou_grand-duc_0051.jpg → 5 augmented images
2026-05-18 21:48:19,311 | INFO     |   hibou_grand-duc_0052.jpg → 5 augmented images
2026-05-18 21:48:19,375 | INFO     |   hibou_grand-duc_0053.jpg → 5 augmented images
2026-05-18 21:48:19,445 | INFO     |   hibou_grand-duc_0054.jpg → 5 augmented images
2026-05-18 21:48:19,508 | INFO     |   hibou_grand-duc_0055.jpg → 5 augmented images
2026-05-18 21:48:19,576 | INFO     |   hibou_grand-duc_0056.jpg → 5 augmented images
2026-05-18 21:48:19,644 | INFO     |   hibou_grand-duc_0057.jpg → 5 augmented images
2026-05-18 21:48:19,692 | INFO     |   hibou_grand-duc_0058.jpg → 5 augmented images
2026-05-18 21:48:19,737 | INFO     |   hibou_grand-duc_0059.jpg → 5 augmented images
2026-05-18 21:48:19,781 | INFO     |   hibou_grand-duc_0060.jpg → 5 augmented images
2026-05-18 21:48:19,837 | INFO     |   hibou_grand-duc_0061.jpg → 5 augmented images
2026-05-18 21:48:19,893 | INFO     |   hibou_grand-duc_0064.jpg → 5 augmented images
2026-05-18 21:48:19,951 | INFO     |   hibou_grand-duc_0066.jpg → 5 augmented images
2026-05-18 21:48:20,003 | INFO     |   hibou_grand-duc_0067.jpg → 5 augmented images
2026-05-18 21:48:20,059 | INFO     |   hibou_grand-duc_0068.jpg → 5 augmented images
2026-05-18 21:48:20,113 | INFO     |   hibou_grand-duc_0069.jpg → 5 augmented images
2026-05-18 21:48:20,153 | INFO     |   hibou_grand-duc_0072.jpg → 5 augmented images
2026-05-18 21:48:20,194 | INFO     |   hibou_grand-duc_0079.jpg → 5 augmented images
2026-05-18 21:48:20,236 | INFO     |   hibou_grand-duc_0080.jpg → 5 augmented images
2026-05-18 21:48:20,289 | INFO     |   hibou_grand-duc_0082.jpg → 5 augmented images
2026-05-18 21:48:20,330 | INFO     |   hibou_grand-duc_0083.jpg → 5 augmented images
2026-05-18 21:48:20,374 | INFO     |   hibou_grand-duc_0084.jpg → 5 augmented images
2026-05-18 21:48:20,418 | INFO     |   hibou_grand-duc_0086.jpg → 5 augmented images
2026-05-18 21:48:20,469 | INFO     |   hibou_grand-duc_0087.jpg → 5 augmented images
2026-05-18 21:48:20,513 | INFO     |   hibou_grand-duc_0088.jpg → 5 augmented images
2026-05-18 21:48:20,557 | INFO     |   hibou_grand-duc_0089.jpg → 5 augmented images
2026-05-18 21:48:20,613 | INFO     |   hibou_grand-duc_0090.jpg → 5 augmented images
2026-05-18 21:48:20,666 | INFO     |   hibou_grand-duc_0091.jpg → 5 augmented images
2026-05-18 21:48:20,718 | INFO     |   hibou_grand-duc_0092.jpg → 5 augmented images
2026-05-18 21:48:20,777 | INFO     |   hibou_grand-duc_0093.jpg → 5 augmented images
2026-05-18 21:48:20,827 | INFO     |   hibou_grand-duc_0094.jpg → 5 augmented images
2026-05-18 21:48:20,881 | INFO     |   hibou_grand-duc_0096.jpg → 5 augmented images
2026-05-18 21:48:20,926 | INFO     |   hibou_grand-duc_0099.jpg → 5 augmented images
2026-05-18 21:48:20,927 | INFO     | Total generated for 'hibou_grand-duc': 405 images
2026-05-18 21:48:20,933 | INFO     | Augmenting : flamant_rose  (90 originals × 5)
2026-05-18 21:48:20,984 | INFO     |   flamant_rose_0001.jpg → 5 augmented images
2026-05-18 21:48:21,037 | INFO     |   flamant_rose_0002.jpg → 5 augmented images
2026-05-18 21:48:21,086 | INFO     |   flamant_rose_0003.jpg → 5 augmented images
2026-05-18 21:48:21,130 | INFO     |   flamant_rose_0004.jpg → 5 augmented images
2026-05-18 21:48:21,182 | INFO     |   flamant_rose_0005.jpg → 5 augmented images
2026-05-18 21:48:21,240 | INFO     |   flamant_rose_0006.jpg → 5 augmented images
2026-05-18 21:48:21,288 | INFO     |   flamant_rose_0007.jpg → 5 augmented images
2026-05-18 21:48:21,345 | INFO     |   flamant_rose_0008.jpg → 5 augmented images
2026-05-18 21:48:21,393 | INFO     |   flamant_rose_0009.jpg → 5 augmented images
2026-05-18 21:48:21,443 | INFO     |   flamant_rose_0010.jpg → 5 augmented images
2026-05-18 21:48:21,494 | INFO     |   flamant_rose_0011.jpg → 5 augmented images
2026-05-18 21:48:21,558 | INFO     |   flamant_rose_0012.jpg → 5 augmented images
2026-05-18 21:48:21,625 | INFO     |   flamant_rose_0013.jpg → 5 augmented images
2026-05-18 21:48:21,683 | INFO     |   flamant_rose_0015.jpg → 5 augmented images
2026-05-18 21:48:21,740 | INFO     |   flamant_rose_0021.jpg → 5 augmented images
2026-05-18 21:48:21,807 | INFO     |   flamant_rose_0022.jpg → 5 augmented images
2026-05-18 21:48:21,871 | INFO     |   flamant_rose_0023.jpg → 5 augmented images
2026-05-18 21:48:21,932 | INFO     |   flamant_rose_0024.jpg → 5 augmented images
2026-05-18 21:48:21,990 | INFO     |   flamant_rose_0025.jpg → 5 augmented images
2026-05-18 21:48:22,073 | INFO     |   flamant_rose_0026.jpg → 5 augmented images
2026-05-18 21:48:22,130 | INFO     |   flamant_rose_0027.jpg → 5 augmented images
2026-05-18 21:48:22,182 | INFO     |   flamant_rose_0028.jpg → 5 augmented images
2026-05-18 21:48:22,227 | INFO     |   flamant_rose_0029.jpg → 5 augmented images
2026-05-18 21:48:22,277 | INFO     |   flamant_rose_0030.jpg → 5 augmented images
2026-05-18 21:48:22,335 | INFO     |   flamant_rose_0031.jpg → 5 augmented images
2026-05-18 21:48:22,401 | INFO     |   flamant_rose_0032.jpg → 5 augmented images
2026-05-18 21:48:22,459 | INFO     |   flamant_rose_0033.jpg → 5 augmented images
2026-05-18 21:48:22,520 | INFO     |   flamant_rose_0034.jpg → 5 augmented images
2026-05-18 21:48:22,582 | INFO     |   flamant_rose_0035.jpg → 5 augmented images
2026-05-18 21:48:22,627 | INFO     |   flamant_rose_0036.jpg → 5 augmented images
2026-05-18 21:48:22,681 | INFO     |   flamant_rose_0041.jpg → 5 augmented images
2026-05-18 21:48:22,734 | INFO     |   flamant_rose_0042.jpg → 5 augmented images
2026-05-18 21:48:22,783 | INFO     |   flamant_rose_0043.jpg → 5 augmented images
2026-05-18 21:48:22,835 | INFO     |   flamant_rose_0044.jpg → 5 augmented images
2026-05-18 21:48:22,883 | INFO     |   flamant_rose_0045.jpg → 5 augmented images
2026-05-18 21:48:22,927 | INFO     |   flamant_rose_0050.jpg → 5 augmented images
2026-05-18 21:48:22,975 | INFO     |   flamant_rose_0051.jpg → 5 augmented images
2026-05-18 21:48:23,026 | INFO     |   flamant_rose_0056.jpg → 5 augmented images
2026-05-18 21:48:23,069 | INFO     |   flamant_rose_0057.jpg → 5 augmented images
2026-05-18 21:48:23,121 | INFO     |   flamant_rose_0058.jpg → 5 augmented images
2026-05-18 21:48:23,174 | INFO     |   flamant_rose_0059.jpg → 5 augmented images
2026-05-18 21:48:23,229 | INFO     |   flamant_rose_0060.jpg → 5 augmented images
2026-05-18 21:48:23,282 | INFO     |   flamant_rose_0061.jpg → 5 augmented images
2026-05-18 21:48:23,334 | INFO     |   flamant_rose_0063.jpg → 5 augmented images
2026-05-18 21:48:23,386 | INFO     |   flamant_rose_0064.jpg → 5 augmented images
2026-05-18 21:48:23,438 | INFO     |   flamant_rose_0066.jpg → 5 augmented images
2026-05-18 21:48:23,496 | INFO     |   flamant_rose_0067.jpg → 5 augmented images
2026-05-18 21:48:23,556 | INFO     |   flamant_rose_0068.jpg → 5 augmented images
2026-05-18 21:48:23,612 | INFO     |   flamant_rose_0069.jpg → 5 augmented images
2026-05-18 21:48:23,666 | INFO     |   flamant_rose_0070.jpg → 5 augmented images
2026-05-18 21:48:23,720 | INFO     |   flamant_rose_0071.jpg → 5 augmented images
2026-05-18 21:48:23,769 | INFO     |   flamant_rose_0072.jpg → 5 augmented images
2026-05-18 21:48:23,822 | INFO     |   flamant_rose_0073.jpg → 5 augmented images
2026-05-18 21:48:24,608 | INFO     |   flamant_rose_0076.jpeg → 5 augmented images
2026-05-18 21:48:24,677 | INFO     |   flamant_rose_0076.jpg → 5 augmented images
2026-05-18 21:48:25,519 | INFO     |   flamant_rose_0077.jpeg → 5 augmented images
2026-05-18 21:48:25,578 | INFO     |   flamant_rose_0077.jpg → 5 augmented images
2026-05-18 21:48:26,275 | INFO     |   flamant_rose_0078.jpeg → 5 augmented images
2026-05-18 21:48:26,331 | INFO     |   flamant_rose_0078.jpg → 5 augmented images
2026-05-18 21:48:27,039 | INFO     |   flamant_rose_0079.jpeg → 5 augmented images
2026-05-18 21:48:27,098 | INFO     |   flamant_rose_0079.jpg → 5 augmented images
2026-05-18 21:48:27,742 | INFO     |   flamant_rose_0080.jpeg → 5 augmented images
2026-05-18 21:48:27,785 | INFO     |   flamant_rose_0080.jpg → 5 augmented images
2026-05-18 21:48:28,262 | INFO     |   flamant_rose_0081.jpeg → 5 augmented images
2026-05-18 21:48:28,309 | INFO     |   flamant_rose_0081.jpg → 5 augmented images
2026-05-18 21:48:28,839 | INFO     |   flamant_rose_0082.jpeg → 5 augmented images
2026-05-18 21:48:28,889 | INFO     |   flamant_rose_0082.jpg → 5 augmented images
2026-05-18 21:48:29,366 | INFO     |   flamant_rose_0083.jpeg → 5 augmented images
2026-05-18 21:48:29,412 | INFO     |   flamant_rose_0083.jpg → 5 augmented images
2026-05-18 21:48:30,052 | INFO     |   flamant_rose_0084.jpeg → 5 augmented images
2026-05-18 21:48:30,115 | INFO     |   flamant_rose_0084.jpg → 5 augmented images
2026-05-18 21:48:30,180 | INFO     |   flamant_rose_0085.jpg → 5 augmented images
2026-05-18 21:48:30,244 | INFO     |   flamant_rose_0086.jpg → 5 augmented images
2026-05-18 21:48:30,304 | INFO     |   flamant_rose_0087.jpg → 5 augmented images
2026-05-18 21:48:30,362 | INFO     |   flamant_rose_0088.jpg → 5 augmented images
2026-05-18 21:48:30,418 | INFO     |   flamant_rose_0089.jpg → 5 augmented images
2026-05-18 21:48:30,479 | INFO     |   flamant_rose_0090.jpg → 5 augmented images
2026-05-18 21:48:30,531 | INFO     |   flamant_rose_0091.jpg → 5 augmented images
2026-05-18 21:48:30,577 | INFO     |   flamant_rose_0092.jpg → 5 augmented images
2026-05-18 21:48:31,093 | INFO     |   flamant_rose_0093.jpeg → 5 augmented images
2026-05-18 21:48:31,138 | INFO     |   flamant_rose_0093.jpg → 5 augmented images
2026-05-18 21:48:31,686 | INFO     |   flamant_rose_0094.jpeg → 5 augmented images
2026-05-18 21:48:31,728 | INFO     |   flamant_rose_0094.jpg → 5 augmented images
2026-05-18 21:48:32,248 | INFO     |   flamant_rose_0096.jpeg → 5 augmented images
2026-05-18 21:48:32,304 | INFO     |   flamant_rose_0096.jpg → 5 augmented images
2026-05-18 21:48:33,026 | INFO     |   flamant_rose_0097.jpeg → 5 augmented images
2026-05-18 21:48:33,072 | INFO     |   flamant_rose_0097.jpg → 5 augmented images
2026-05-18 21:48:33,720 | INFO     |   flamant_rose_0099.jpeg → 5 augmented images
2026-05-18 21:48:33,765 | INFO     |   flamant_rose_0099.jpg → 5 augmented images
2026-05-18 21:48:33,818 | INFO     |   flamant_rose_0100.jpg → 5 augmented images
2026-05-18 21:48:33,818 | INFO     | Total generated for 'flamant_rose': 450 images
2026-05-18 21:48:33,823 | INFO     | Augmenting : martin-pecheur  (88 originals × 5)
2026-05-18 21:48:33,870 | INFO     |   martin-pecheur_0001.jpg → 5 augmented images
2026-05-18 21:48:33,926 | INFO     |   martin-pecheur_0002.jpg → 5 augmented images
2026-05-18 21:48:33,979 | INFO     |   martin-pecheur_0003.jpg → 5 augmented images
2026-05-18 21:48:34,029 | INFO     |   martin-pecheur_0005.jpg → 5 augmented images
2026-05-18 21:48:34,090 | INFO     |   martin-pecheur_0006.jpg → 5 augmented images
2026-05-18 21:48:34,136 | INFO     |   martin-pecheur_0008.jpg → 5 augmented images
2026-05-18 21:48:34,189 | INFO     |   martin-pecheur_0009.jpg → 5 augmented images
2026-05-18 21:48:34,234 | INFO     |   martin-pecheur_0010.jpg → 5 augmented images
2026-05-18 21:48:34,275 | INFO     |   martin-pecheur_0011.jpg → 5 augmented images
2026-05-18 21:48:34,320 | INFO     |   martin-pecheur_0012.jpg → 5 augmented images
2026-05-18 21:48:34,368 | INFO     |   martin-pecheur_0013.jpg → 5 augmented images
2026-05-18 21:48:34,419 | INFO     |   martin-pecheur_0014.jpg → 5 augmented images
2026-05-18 21:48:34,459 | INFO     |   martin-pecheur_0015.jpg → 5 augmented images
2026-05-18 21:48:34,505 | INFO     |   martin-pecheur_0016.jpg → 5 augmented images
2026-05-18 21:48:34,558 | INFO     |   martin-pecheur_0017.jpg → 5 augmented images
2026-05-18 21:48:34,613 | INFO     |   martin-pecheur_0018.jpg → 5 augmented images
2026-05-18 21:48:34,666 | INFO     |   martin-pecheur_0019.jpg → 5 augmented images
2026-05-18 21:48:34,726 | INFO     |   martin-pecheur_0020.jpg → 5 augmented images
2026-05-18 21:48:34,782 | INFO     |   martin-pecheur_0021.jpg → 5 augmented images
2026-05-18 21:48:34,833 | INFO     |   martin-pecheur_0022.jpg → 5 augmented images
2026-05-18 21:48:34,878 | INFO     |   martin-pecheur_0024.jpg → 5 augmented images
2026-05-18 21:48:34,923 | INFO     |   martin-pecheur_0025.jpg → 5 augmented images
2026-05-18 21:48:34,968 | INFO     |   martin-pecheur_0026.jpg → 5 augmented images
2026-05-18 21:48:35,021 | INFO     |   martin-pecheur_0027.jpg → 5 augmented images
2026-05-18 21:48:35,090 | INFO     |   martin-pecheur_0028.jpg → 5 augmented images
2026-05-18 21:48:35,156 | INFO     |   martin-pecheur_0029.jpg → 5 augmented images
2026-05-18 21:48:35,218 | INFO     |   martin-pecheur_0030.jpg → 5 augmented images
2026-05-18 21:48:35,288 | INFO     |   martin-pecheur_0031.jpg → 5 augmented images
2026-05-18 21:48:35,350 | INFO     |   martin-pecheur_0032.jpg → 5 augmented images
2026-05-18 21:48:35,421 | INFO     |   martin-pecheur_0033.jpg → 5 augmented images
2026-05-18 21:48:35,481 | INFO     |   martin-pecheur_0034.jpg → 5 augmented images
2026-05-18 21:48:35,542 | INFO     |   martin-pecheur_0035.jpg → 5 augmented images
2026-05-18 21:48:35,590 | INFO     |   martin-pecheur_0036.jpg → 5 augmented images
2026-05-18 21:48:35,637 | INFO     |   martin-pecheur_0037.jpg → 5 augmented images
2026-05-18 21:48:35,685 | INFO     |   martin-pecheur_0038.jpg → 5 augmented images
2026-05-18 21:48:35,728 | INFO     |   martin-pecheur_0040.jpg → 5 augmented images
2026-05-18 21:48:35,780 | INFO     |   martin-pecheur_0041.jpg → 5 augmented images
2026-05-18 21:48:35,832 | INFO     |   martin-pecheur_0042.jpg → 5 augmented images
2026-05-18 21:48:35,901 | INFO     |   martin-pecheur_0043.jpg → 5 augmented images
2026-05-18 21:48:35,959 | INFO     |   martin-pecheur_0044.jpg → 5 augmented images
2026-05-18 21:48:36,018 | INFO     |   martin-pecheur_0045.jpg → 5 augmented images
2026-05-18 21:48:36,084 | INFO     |   martin-pecheur_0046.jpg → 5 augmented images
2026-05-18 21:48:36,137 | INFO     |   martin-pecheur_0047.jpg → 5 augmented images
2026-05-18 21:48:36,189 | INFO     |   martin-pecheur_0049.jpg → 5 augmented images
2026-05-18 21:48:36,239 | INFO     |   martin-pecheur_0051.jpg → 5 augmented images
2026-05-18 21:48:36,290 | INFO     |   martin-pecheur_0052.jpg → 5 augmented images
2026-05-18 21:48:36,336 | INFO     |   martin-pecheur_0053.jpg → 5 augmented images
2026-05-18 21:48:36,380 | INFO     |   martin-pecheur_0054.jpg → 5 augmented images
2026-05-18 21:48:36,426 | INFO     |   martin-pecheur_0055.jpg → 5 augmented images
2026-05-18 21:48:36,464 | INFO     |   martin-pecheur_0056.jpg → 5 augmented images
2026-05-18 21:48:36,505 | INFO     |   martin-pecheur_0058.jpg → 5 augmented images
2026-05-18 21:48:36,556 | INFO     |   martin-pecheur_0059.jpg → 5 augmented images
2026-05-18 21:48:36,602 | INFO     |   martin-pecheur_0062.jpg → 5 augmented images
2026-05-18 21:48:36,647 | INFO     |   martin-pecheur_0063.jpg → 5 augmented images
2026-05-18 21:48:36,689 | INFO     |   martin-pecheur_0064.jpg → 5 augmented images
2026-05-18 21:48:36,749 | INFO     |   martin-pecheur_0065.jpg → 5 augmented images
2026-05-18 21:48:36,802 | INFO     |   martin-pecheur_0066.jpg → 5 augmented images
2026-05-18 21:48:36,844 | INFO     |   martin-pecheur_0067.jpg → 5 augmented images
2026-05-18 21:48:36,885 | INFO     |   martin-pecheur_0068.jpg → 5 augmented images
2026-05-18 21:48:36,927 | INFO     |   martin-pecheur_0069.jpg → 5 augmented images
2026-05-18 21:48:36,968 | INFO     |   martin-pecheur_0070.jpg → 5 augmented images
2026-05-18 21:48:37,015 | INFO     |   martin-pecheur_0071.jpg → 5 augmented images
2026-05-18 21:48:37,070 | INFO     |   martin-pecheur_0072.jpg → 5 augmented images
2026-05-18 21:48:37,146 | INFO     |   martin-pecheur_0074.jpg → 5 augmented images
2026-05-18 21:48:37,201 | INFO     |   martin-pecheur_0075.jpg → 5 augmented images
2026-05-18 21:48:37,263 | INFO     |   martin-pecheur_0076.jpg → 5 augmented images
2026-05-18 21:48:37,312 | INFO     |   martin-pecheur_0077.jpg → 5 augmented images
2026-05-18 21:48:37,366 | INFO     |   martin-pecheur_0079.jpg → 5 augmented images
2026-05-18 21:48:37,424 | INFO     |   martin-pecheur_0080.jpg → 5 augmented images
2026-05-18 21:48:37,491 | INFO     |   martin-pecheur_0081.jpg → 5 augmented images
2026-05-18 21:48:37,558 | INFO     |   martin-pecheur_0082.jpg → 5 augmented images
2026-05-18 21:48:37,629 | INFO     |   martin-pecheur_0083.jpg → 5 augmented images
2026-05-18 21:48:37,672 | INFO     |   martin-pecheur_0084.jpg → 5 augmented images
2026-05-18 21:48:37,720 | INFO     |   martin-pecheur_0085.jpg → 5 augmented images
2026-05-18 21:48:37,774 | INFO     |   martin-pecheur_0086.jpg → 5 augmented images
2026-05-18 21:48:37,824 | INFO     |   martin-pecheur_0088.jpg → 5 augmented images
2026-05-18 21:48:37,883 | INFO     |   martin-pecheur_0089.jpg → 5 augmented images
2026-05-18 21:48:37,930 | INFO     |   martin-pecheur_0091.jpg → 5 augmented images
2026-05-18 21:48:37,981 | INFO     |   martin-pecheur_0092.jpg → 5 augmented images
2026-05-18 21:48:38,025 | INFO     |   martin-pecheur_0093.jpg → 5 augmented images
2026-05-18 21:48:38,078 | INFO     |   martin-pecheur_0094.jpg → 5 augmented images
2026-05-18 21:48:38,129 | INFO     |   martin-pecheur_0095.jpg → 5 augmented images
2026-05-18 21:48:38,187 | INFO     |   martin-pecheur_0096.jpg → 5 augmented images
2026-05-18 21:48:38,236 | INFO     |   martin-pecheur_0097.jpg → 5 augmented images
2026-05-18 21:48:38,299 | INFO     |   martin-pecheur_0098.jpg → 5 augmented images
2026-05-18 21:48:38,944 | INFO     |   martin-pecheur_0099.jpeg → 5 augmented images
2026-05-18 21:48:38,987 | INFO     |   martin-pecheur_0099.jpg → 5 augmented images
2026-05-18 21:48:39,037 | INFO     |   martin-pecheur_0100.jpg → 5 augmented images
2026-05-18 21:48:39,038 | INFO     | Total generated for 'martin-pecheur': 440 images
2026-05-18 21:48:39,041 | INFO     | Augmenting : cygne_tubercule  (81 originals × 5)
2026-05-18 21:48:39,089 | INFO     |   cygne_tubercule_0001.jpg → 5 augmented images
2026-05-18 21:48:39,144 | INFO     |   cygne_tubercule_0002.jpg → 5 augmented images
2026-05-18 21:48:39,211 | INFO     |   cygne_tubercule_0003.jpg → 5 augmented images
2026-05-18 21:48:39,273 | INFO     |   cygne_tubercule_0004.jpg → 5 augmented images
2026-05-18 21:48:39,322 | INFO     |   cygne_tubercule_0005.jpg → 5 augmented images
2026-05-18 21:48:39,368 | INFO     |   cygne_tubercule_0007.jpg → 5 augmented images
2026-05-18 21:48:39,417 | INFO     |   cygne_tubercule_0009.jpg → 5 augmented images
2026-05-18 21:48:39,469 | INFO     |   cygne_tubercule_0010.jpg → 5 augmented images
2026-05-18 21:48:39,517 | INFO     |   cygne_tubercule_0011.jpg → 5 augmented images
2026-05-18 21:48:39,578 | INFO     |   cygne_tubercule_0012.jpg → 5 augmented images
2026-05-18 21:48:39,633 | INFO     |   cygne_tubercule_0013.jpg → 5 augmented images
2026-05-18 21:48:39,693 | INFO     |   cygne_tubercule_0014.jpg → 5 augmented images
2026-05-18 21:48:39,754 | INFO     |   cygne_tubercule_0015.jpg → 5 augmented images
2026-05-18 21:48:39,812 | INFO     |   cygne_tubercule_0018.jpg → 5 augmented images
2026-05-18 21:48:39,861 | INFO     |   cygne_tubercule_0019.jpg → 5 augmented images
2026-05-18 21:48:39,912 | INFO     |   cygne_tubercule_0020.jpg → 5 augmented images
2026-05-18 21:48:39,964 | INFO     |   cygne_tubercule_0021.jpg → 5 augmented images
2026-05-18 21:48:40,035 | INFO     |   cygne_tubercule_0022.jpg → 5 augmented images
2026-05-18 21:48:40,095 | INFO     |   cygne_tubercule_0023.jpg → 5 augmented images
2026-05-18 21:48:40,154 | INFO     |   cygne_tubercule_0027.jpg → 5 augmented images
2026-05-18 21:48:40,211 | INFO     |   cygne_tubercule_0028.jpg → 5 augmented images
2026-05-18 21:48:40,270 | INFO     |   cygne_tubercule_0029.jpg → 5 augmented images
2026-05-18 21:48:40,334 | INFO     |   cygne_tubercule_0030.jpg → 5 augmented images
2026-05-18 21:48:40,382 | INFO     |   cygne_tubercule_0031.jpg → 5 augmented images
2026-05-18 21:48:40,433 | INFO     |   cygne_tubercule_0032.jpg → 5 augmented images
2026-05-18 21:48:40,491 | INFO     |   cygne_tubercule_0033.jpg → 5 augmented images
2026-05-18 21:48:40,541 | INFO     |   cygne_tubercule_0034.jpg → 5 augmented images
2026-05-18 21:48:40,590 | INFO     |   cygne_tubercule_0035.jpg → 5 augmented images
2026-05-18 21:48:40,640 | INFO     |   cygne_tubercule_0036.jpg → 5 augmented images
2026-05-18 21:48:40,695 | INFO     |   cygne_tubercule_0038.jpg → 5 augmented images
2026-05-18 21:48:40,748 | INFO     |   cygne_tubercule_0039.jpg → 5 augmented images
2026-05-18 21:48:40,804 | INFO     |   cygne_tubercule_0040.jpg → 5 augmented images
2026-05-18 21:48:40,856 | INFO     |   cygne_tubercule_0041.jpg → 5 augmented images
2026-05-18 21:48:40,903 | INFO     |   cygne_tubercule_0042.jpg → 5 augmented images
2026-05-18 21:48:40,957 | INFO     |   cygne_tubercule_0043.jpg → 5 augmented images
2026-05-18 21:48:41,007 | INFO     |   cygne_tubercule_0044.jpg → 5 augmented images
2026-05-18 21:48:41,047 | INFO     |   cygne_tubercule_0045.jpg → 5 augmented images
2026-05-18 21:48:41,088 | INFO     |   cygne_tubercule_0046.jpg → 5 augmented images
2026-05-18 21:48:41,129 | INFO     |   cygne_tubercule_0047.jpg → 5 augmented images
2026-05-18 21:48:41,171 | INFO     |   cygne_tubercule_0048.jpg → 5 augmented images
2026-05-18 21:48:41,213 | INFO     |   cygne_tubercule_0049.jpg → 5 augmented images
2026-05-18 21:48:41,278 | INFO     |   cygne_tubercule_0050.jpg → 5 augmented images
2026-05-18 21:48:41,342 | INFO     |   cygne_tubercule_0052.jpg → 5 augmented images
2026-05-18 21:48:41,394 | INFO     |   cygne_tubercule_0054.jpg → 5 augmented images
2026-05-18 21:48:41,458 | INFO     |   cygne_tubercule_0056.jpg → 5 augmented images
2026-05-18 21:48:41,514 | INFO     |   cygne_tubercule_0057.jpg → 5 augmented images
2026-05-18 21:48:41,561 | INFO     |   cygne_tubercule_0058.jpg → 5 augmented images
2026-05-18 21:48:41,609 | INFO     |   cygne_tubercule_0059.jpg → 5 augmented images
2026-05-18 21:48:41,692 | INFO     |   cygne_tubercule_0060.jpg → 5 augmented images
2026-05-18 21:48:41,764 | INFO     |   cygne_tubercule_0062.jpg → 5 augmented images
2026-05-18 21:48:41,829 | INFO     |   cygne_tubercule_0063.jpg → 5 augmented images
2026-05-18 21:48:41,901 | INFO     |   cygne_tubercule_0065.jpg → 5 augmented images
2026-05-18 21:48:41,966 | INFO     |   cygne_tubercule_0066.jpg → 5 augmented images
2026-05-18 21:48:42,047 | INFO     |   cygne_tubercule_0067.jpg → 5 augmented images
2026-05-18 21:48:42,112 | INFO     |   cygne_tubercule_0068.jpg → 5 augmented images
2026-05-18 21:48:42,166 | INFO     |   cygne_tubercule_0070.jpg → 5 augmented images
2026-05-18 21:48:42,217 | INFO     |   cygne_tubercule_0072.jpg → 5 augmented images
2026-05-18 21:48:42,284 | INFO     |   cygne_tubercule_0073.jpg → 5 augmented images
2026-05-18 21:48:42,380 | INFO     |   cygne_tubercule_0074.jpg → 5 augmented images
2026-05-18 21:48:42,558 | INFO     |   cygne_tubercule_0075.jpg → 5 augmented images
2026-05-18 21:48:42,641 | INFO     |   cygne_tubercule_0076.jpg → 5 augmented images
2026-05-18 21:48:42,706 | INFO     |   cygne_tubercule_0077.jpg → 5 augmented images
2026-05-18 21:48:42,764 | INFO     |   cygne_tubercule_0078.jpg → 5 augmented images
2026-05-18 21:48:42,833 | INFO     |   cygne_tubercule_0079.jpg → 5 augmented images
2026-05-18 21:48:42,893 | INFO     |   cygne_tubercule_0080.jpg → 5 augmented images
2026-05-18 21:48:42,949 | INFO     |   cygne_tubercule_0081.jpg → 5 augmented images
2026-05-18 21:48:43,006 | INFO     |   cygne_tubercule_0082.jpg → 5 augmented images
2026-05-18 21:48:43,058 | INFO     |   cygne_tubercule_0083.jpg → 5 augmented images
2026-05-18 21:48:43,109 | INFO     |   cygne_tubercule_0084.jpg → 5 augmented images
2026-05-18 21:48:43,154 | INFO     |   cygne_tubercule_0085.jpg → 5 augmented images
2026-05-18 21:48:43,200 | INFO     |   cygne_tubercule_0086.jpg → 5 augmented images
2026-05-18 21:48:43,265 | INFO     |   cygne_tubercule_0087.jpg → 5 augmented images
2026-05-18 21:48:43,360 | INFO     |   cygne_tubercule_0088.jpg → 5 augmented images
2026-05-18 21:48:43,423 | INFO     |   cygne_tubercule_0089.jpg → 5 augmented images
2026-05-18 21:48:43,479 | INFO     |   cygne_tubercule_0090.jpg → 5 augmented images
2026-05-18 21:48:43,529 | INFO     |   cygne_tubercule_0091.jpg → 5 augmented images
2026-05-18 21:48:43,585 | INFO     |   cygne_tubercule_0093.jpg → 5 augmented images
2026-05-18 21:48:43,639 | INFO     |   cygne_tubercule_0094.jpg → 5 augmented images
2026-05-18 21:48:43,696 | INFO     |   cygne_tubercule_0095.jpg → 5 augmented images
2026-05-18 21:48:43,764 | INFO     |   cygne_tubercule_0097.jpg → 5 augmented images
2026-05-18 21:48:43,846 | INFO     |   cygne_tubercule_0099.jpg → 5 augmented images
2026-05-18 21:48:43,847 | INFO     | Total generated for 'cygne_tubercule': 405 images
2026-05-18 21:48:43,856 | INFO     | Augmenting : pic_vert  (95 originals × 5)
2026-05-18 21:48:43,927 | INFO     |   pic_vert_0001.jpg → 5 augmented images
2026-05-18 21:48:43,980 | INFO     |   pic_vert_0002.jpg → 5 augmented images
2026-05-18 21:48:44,025 | INFO     |   pic_vert_0003.jpg → 5 augmented images
2026-05-18 21:48:44,078 | INFO     |   pic_vert_0006.jpg → 5 augmented images
2026-05-18 21:48:44,128 | INFO     |   pic_vert_0007.jpg → 5 augmented images
2026-05-18 21:48:44,179 | INFO     |   pic_vert_0009.jpg → 5 augmented images
2026-05-18 21:48:44,229 | INFO     |   pic_vert_0010.jpg → 5 augmented images
2026-05-18 21:48:44,288 | INFO     |   pic_vert_0011.jpg → 5 augmented images
2026-05-18 21:48:44,344 | INFO     |   pic_vert_0012.jpg → 5 augmented images
2026-05-18 21:48:44,387 | INFO     |   pic_vert_0014.jpg → 5 augmented images
2026-05-18 21:48:44,428 | INFO     |   pic_vert_0016.jpg → 5 augmented images
2026-05-18 21:48:44,468 | INFO     |   pic_vert_0017.jpg → 5 augmented images
2026-05-18 21:48:44,512 | INFO     |   pic_vert_0019.jpg → 5 augmented images
2026-05-18 21:48:44,553 | INFO     |   pic_vert_0020.jpg → 5 augmented images
2026-05-18 21:48:44,599 | INFO     |   pic_vert_0021.jpg → 5 augmented images
2026-05-18 21:48:44,649 | INFO     |   pic_vert_0022.jpg → 5 augmented images
2026-05-18 21:48:44,703 | INFO     |   pic_vert_0023.jpg → 5 augmented images
2026-05-18 21:48:44,750 | INFO     |   pic_vert_0024.jpg → 5 augmented images
2026-05-18 21:48:44,797 | INFO     |   pic_vert_0025.jpg → 5 augmented images
2026-05-18 21:48:44,859 | INFO     |   pic_vert_0026.jpg → 5 augmented images
2026-05-18 21:48:44,909 | INFO     |   pic_vert_0027.jpg → 5 augmented images
2026-05-18 21:48:44,956 | INFO     |   pic_vert_0028.jpg → 5 augmented images
2026-05-18 21:48:45,003 | INFO     |   pic_vert_0029.jpg → 5 augmented images
2026-05-18 21:48:45,060 | INFO     |   pic_vert_0030.jpg → 5 augmented images
2026-05-18 21:48:45,576 | INFO     |   pic_vert_0031.jpeg → 5 augmented images
2026-05-18 21:48:45,623 | INFO     |   pic_vert_0031.jpg → 5 augmented images
2026-05-18 21:48:46,137 | INFO     |   pic_vert_0032.jpeg → 5 augmented images
2026-05-18 21:48:46,177 | INFO     |   pic_vert_0032.jpg → 5 augmented images
2026-05-18 21:48:46,808 | INFO     |   pic_vert_0033.jpeg → 5 augmented images
2026-05-18 21:48:46,864 | INFO     |   pic_vert_0033.jpg → 5 augmented images
2026-05-18 21:48:47,467 | INFO     |   pic_vert_0034.jpeg → 5 augmented images
2026-05-18 21:48:47,514 | INFO     |   pic_vert_0034.jpg → 5 augmented images
2026-05-18 21:48:48,112 | INFO     |   pic_vert_0035.jpeg → 5 augmented images
2026-05-18 21:48:48,163 | INFO     |   pic_vert_0035.jpg → 5 augmented images
2026-05-18 21:48:48,741 | INFO     |   pic_vert_0036.jpeg → 5 augmented images
2026-05-18 21:48:48,786 | INFO     |   pic_vert_0036.jpg → 5 augmented images
2026-05-18 21:48:49,354 | INFO     |   pic_vert_0037.jpeg → 5 augmented images
2026-05-18 21:48:49,397 | INFO     |   pic_vert_0037.jpg → 5 augmented images
2026-05-18 21:48:50,105 | INFO     |   pic_vert_0038.jpeg → 5 augmented images
2026-05-18 21:48:50,151 | INFO     |   pic_vert_0038.jpg → 5 augmented images
2026-05-18 21:48:50,902 | INFO     |   pic_vert_0039.jpeg → 5 augmented images
2026-05-18 21:48:50,951 | INFO     |   pic_vert_0039.jpg → 5 augmented images
2026-05-18 21:48:51,613 | INFO     |   pic_vert_0040.jpeg → 5 augmented images
2026-05-18 21:48:51,668 | INFO     |   pic_vert_0040.jpg → 5 augmented images
2026-05-18 21:48:52,242 | INFO     |   pic_vert_0041.jpeg → 5 augmented images
2026-05-18 21:48:52,289 | INFO     |   pic_vert_0041.jpg → 5 augmented images
2026-05-18 21:48:53,033 | INFO     |   pic_vert_0042.jpeg → 5 augmented images
2026-05-18 21:48:53,093 | INFO     |   pic_vert_0042.jpg → 5 augmented images
2026-05-18 21:48:53,902 | INFO     |   pic_vert_0043.jpeg → 5 augmented images
2026-05-18 21:48:53,953 | INFO     |   pic_vert_0043.jpg → 5 augmented images
2026-05-18 21:48:54,619 | INFO     |   pic_vert_0044.jpeg → 5 augmented images
2026-05-18 21:48:54,672 | INFO     |   pic_vert_0044.jpg → 5 augmented images
2026-05-18 21:48:55,268 | INFO     |   pic_vert_0045.jpeg → 5 augmented images
2026-05-18 21:48:55,307 | INFO     |   pic_vert_0045.jpg → 5 augmented images
2026-05-18 21:48:55,690 | INFO     |   pic_vert_0047.jpeg → 5 augmented images
2026-05-18 21:48:55,784 | INFO     |   pic_vert_0047.jpg → 5 augmented images
2026-05-18 21:48:56,226 | INFO     |   pic_vert_0048.jpeg → 5 augmented images
2026-05-18 21:48:56,300 | INFO     |   pic_vert_0048.jpg → 5 augmented images
2026-05-18 21:48:56,615 | INFO     |   pic_vert_0049.jpeg → 5 augmented images
2026-05-18 21:48:56,712 | INFO     |   pic_vert_0049.jpg → 5 augmented images
2026-05-18 21:48:57,055 | INFO     |   pic_vert_0050.jpeg → 5 augmented images
2026-05-18 21:48:57,120 | INFO     |   pic_vert_0050.jpg → 5 augmented images
2026-05-18 21:48:57,183 | INFO     |   pic_vert_0051.jpg → 5 augmented images
2026-05-18 21:48:57,242 | INFO     |   pic_vert_0052.jpg → 5 augmented images
2026-05-18 21:48:57,307 | INFO     |   pic_vert_0053.jpg → 5 augmented images
2026-05-18 21:48:57,366 | INFO     |   pic_vert_0054.jpg → 5 augmented images
2026-05-18 21:48:57,424 | INFO     |   pic_vert_0055.jpg → 5 augmented images
2026-05-18 21:48:57,475 | INFO     |   pic_vert_0059.jpg → 5 augmented images
2026-05-18 21:48:57,531 | INFO     |   pic_vert_0060.jpg → 5 augmented images
2026-05-18 21:48:57,584 | INFO     |   pic_vert_0061.jpg → 5 augmented images
2026-05-18 21:48:57,640 | INFO     |   pic_vert_0062.jpg → 5 augmented images
2026-05-18 21:48:57,704 | INFO     |   pic_vert_0065.jpg → 5 augmented images
2026-05-18 21:48:57,765 | INFO     |   pic_vert_0069.jpg → 5 augmented images
2026-05-18 21:48:57,827 | INFO     |   pic_vert_0070.jpg → 5 augmented images
2026-05-18 21:48:57,874 | INFO     |   pic_vert_0071.jpg → 5 augmented images
2026-05-18 21:48:57,919 | INFO     |   pic_vert_0072.jpg → 5 augmented images
2026-05-18 21:48:57,971 | INFO     |   pic_vert_0073.jpg → 5 augmented images
2026-05-18 21:48:58,019 | INFO     |   pic_vert_0074.jpg → 5 augmented images
2026-05-18 21:48:58,069 | INFO     |   pic_vert_0075.jpg → 5 augmented images
2026-05-18 21:48:58,124 | INFO     |   pic_vert_0076.jpg → 5 augmented images
2026-05-18 21:48:58,188 | INFO     |   pic_vert_0078.jpg → 5 augmented images
2026-05-18 21:48:58,252 | INFO     |   pic_vert_0080.jpg → 5 augmented images
2026-05-18 21:48:58,322 | INFO     |   pic_vert_0082.jpg → 5 augmented images
2026-05-18 21:48:58,387 | INFO     |   pic_vert_0084.jpg → 5 augmented images
2026-05-18 21:48:58,446 | INFO     |   pic_vert_0085.jpg → 5 augmented images
2026-05-18 21:48:58,508 | INFO     |   pic_vert_0086.jpg → 5 augmented images
2026-05-18 21:48:58,562 | INFO     |   pic_vert_0087.jpg → 5 augmented images
2026-05-18 21:48:58,614 | INFO     |   pic_vert_0088.jpg → 5 augmented images
2026-05-18 21:48:58,671 | INFO     |   pic_vert_0090.jpg → 5 augmented images
2026-05-18 21:48:58,729 | INFO     |   pic_vert_0091.jpg → 5 augmented images
2026-05-18 21:48:58,784 | INFO     |   pic_vert_0092.jpg → 5 augmented images
2026-05-18 21:48:58,837 | INFO     |   pic_vert_0093.jpg → 5 augmented images
2026-05-18 21:48:58,884 | INFO     |   pic_vert_0096.jpg → 5 augmented images
2026-05-18 21:48:58,931 | INFO     |   pic_vert_0097.jpg → 5 augmented images
2026-05-18 21:48:58,988 | INFO     |   pic_vert_0099.jpg → 5 augmented images
2026-05-18 21:48:58,988 | INFO     | Total generated for 'pic_vert': 475 images
2026-05-18 21:48:58,989 | INFO     | Total images generated : 2175
2026-05-18 21:48:58,989 | INFO     | Generating visualisation grids…
2026-05-18 21:49:22,727 | INFO     | Visualisation saved on ..\data\final\augmentation_hibou_grand-duc.png
2026-05-18 21:49:26,655 | INFO     | Visualisation saved on ..\data\final\augmentation_flamant_rose.png
2026-05-18 21:49:29,891 | INFO     | Visualisation saved on ..\data\final\augmentation_martin-pecheur.png
2026-05-18 21:49:33,001 | INFO     | Visualisation saved on ..\data\final\augmentation_cygne_tubercule.png
2026-05-18 21:50:28,759 | INFO     | Visualisation saved on ..\data\final\augmentation_pic_vert.png
2026-05-18 21:50:28,764 | INFO     | Augmentation complete.
