2026-05-18 21:43:57,140 | INFO     | Démarrage du prétraitement des images
2026-05-18 21:43:57,141 | INFO     | Taille cible   : 224×224 px
2026-05-18 21:43:57,141 | INFO     | Normalisation  : zero_one
2026-05-18 21:43:57,141 | INFO     | Qualité JPEG   : 95
2026-05-18 21:43:57,141 | INFO     | Fichier de log : ..\logs\preprocessing_20260518_214357.log

2026-05-18 21:43:57,144 | INFO     | Prétraitement : hibou_grand-duc  (73 images)
2026-05-18 21:43:57,145 | INFO     | Source : ..\data\cleaned\hibou_grand-duc
2026-05-18 21:43:57,145 | INFO     | Cible  : ..\data\cleaned\hibou_grand-duc
2026-05-18 21:43:57,185 | INFO     |   [   1/73]  hibou_grand-duc_0001.jpg  hibou_grand-duc_0001.jpg
2026-05-18 21:43:57,205 | INFO     |   [   2/73]  hibou_grand-duc_0002.jpg  hibou_grand-duc_0002.jpg
2026-05-18 21:43:57,213 | INFO     |   [   3/73]  hibou_grand-duc_0003.jpg  hibou_grand-duc_0003.jpg
2026-05-18 21:43:57,226 | INFO     |   [   4/73]  hibou_grand-duc_0004.jpg  hibou_grand-duc_0004.jpg
2026-05-18 21:43:57,246 | INFO     |   [   5/73]  hibou_grand-duc_0005.jpg  hibou_grand-duc_0005.jpg
2026-05-18 21:43:57,262 | INFO     |   [   6/73]  hibou_grand-duc_0007.jpg  hibou_grand-duc_0007.jpg
2026-05-18 21:43:57,278 | INFO     |   [   7/73]  hibou_grand-duc_0008.jpg  hibou_grand-duc_0008.jpg
2026-05-18 21:43:57,294 | INFO     |   [   8/73]  hibou_grand-duc_0009.jpg  hibou_grand-duc_0009.jpg
2026-05-18 21:43:57,313 | INFO     |   [   9/73]  hibou_grand-duc_0010.jpg  hibou_grand-duc_0010.jpg
2026-05-18 21:43:57,332 | INFO     |   [  10/73]  hibou_grand-duc_0011.jpg  hibou_grand-duc_0011.jpg
2026-05-18 21:43:57,340 | INFO     |   [  11/73]  hibou_grand-duc_0013.jpg  hibou_grand-duc_0013.jpg
2026-05-18 21:43:57,359 | INFO     |   [  12/73]  hibou_grand-duc_0014.jpg  hibou_grand-duc_0014.jpg
2026-05-18 21:43:57,375 | INFO     |   [  13/73]  hibou_grand-duc_0017.jpg  hibou_grand-duc_0017.jpg
2026-05-18 21:43:57,390 | INFO     |   [  14/73]  hibou_grand-duc_0019.jpg  hibou_grand-duc_0019.jpg
2026-05-18 21:43:57,402 | INFO     |   [  15/73]  hibou_grand-duc_0022.jpg  hibou_grand-duc_0022.jpg
2026-05-18 21:43:57,420 | INFO     |   [  16/73]  hibou_grand-duc_0023.jpg  hibou_grand-duc_0023.jpg
2026-05-18 21:43:57,437 | INFO     |   [  17/73]  hibou_grand-duc_0024.jpg  hibou_grand-duc_0024.jpg
2026-05-18 21:43:57,448 | INFO     |   [  18/73]  hibou_grand-duc_0025.jpg  hibou_grand-duc_0025.jpg
2026-05-18 21:43:57,467 | INFO     |   [  19/73]  hibou_grand-duc_0026.jpg  hibou_grand-duc_0026.jpg
2026-05-18 21:43:57,487 | INFO     |   [  20/73]  hibou_grand-duc_0027.jpg  hibou_grand-duc_0027.jpg
2026-05-18 21:43:57,507 | INFO     |   [  21/73]  hibou_grand-duc_0029.jpg  hibou_grand-duc_0029.jpg
2026-05-18 21:43:57,525 | INFO     |   [  22/73]  hibou_grand-duc_0031.jpg  hibou_grand-duc_0031.jpg
2026-05-18 21:43:57,542 | INFO     |   [  23/73]  hibou_grand-duc_0032.jpeg  hibou_grand-duc_0032.jpg
2026-05-18 21:43:57,564 | INFO     |   [  24/73]  hibou_grand-duc_0033.jpeg  hibou_grand-duc_0033.jpg
2026-05-18 21:43:57,583 | INFO     |   [  25/73]  hibou_grand-duc_0034.jpeg  hibou_grand-duc_0034.jpg
2026-05-18 21:43:57,602 | INFO     |   [  26/73]  hibou_grand-duc_0035.jpeg  hibou_grand-duc_0035.jpg
2026-05-18 21:43:57,619 | INFO     |   [  27/73]  hibou_grand-duc_0036.jpeg  hibou_grand-duc_0036.jpg
2026-05-18 21:43:57,636 | INFO     |   [  28/73]  hibou_grand-duc_0037.jpeg  hibou_grand-duc_0037.jpg
2026-05-18 21:43:57,653 | INFO     |   [  29/73]  hibou_grand-duc_0038.jpeg  hibou_grand-duc_0038.jpg
2026-05-18 21:43:57,675 | INFO     |   [  30/73]  hibou_grand-duc_0039.jpeg  hibou_grand-duc_0039.jpg
2026-05-18 21:43:57,703 | INFO     |   [  31/73]  hibou_grand-duc_0040.jpg  hibou_grand-duc_0040.jpg
2026-05-18 21:43:57,723 | INFO     |   [  32/73]  hibou_grand-duc_0041.jpg  hibou_grand-duc_0041.jpg
2026-05-18 21:43:57,740 | INFO     |   [  33/73]  hibou_grand-duc_0042.jpg  hibou_grand-duc_0042.jpg
2026-05-18 21:43:57,758 | INFO     |   [  34/73]  hibou_grand-duc_0043.jpg  hibou_grand-duc_0043.jpg
2026-05-18 21:43:57,777 | INFO     |   [  35/73]  hibou_grand-duc_0044.jpg  hibou_grand-duc_0044.jpg
2026-05-18 21:43:57,797 | INFO     |   [  36/73]  hibou_grand-duc_0045.jpg  hibou_grand-duc_0045.jpg
2026-05-18 21:43:57,818 | INFO     |   [  37/73]  hibou_grand-duc_0046.jpg  hibou_grand-duc_0046.jpg
2026-05-18 21:43:57,838 | INFO     |   [  38/73]  hibou_grand-duc_0047.jpg  hibou_grand-duc_0047.jpg
2026-05-18 21:43:57,856 | INFO     |   [  39/73]  hibou_grand-duc_0048.jpg  hibou_grand-duc_0048.jpg
2026-05-18 21:43:57,873 | INFO     |   [  40/73]  hibou_grand-duc_0050.jpg  hibou_grand-duc_0050.jpg
2026-05-18 21:43:57,893 | INFO     |   [  41/73]  hibou_grand-duc_0051.jpg  hibou_grand-duc_0051.jpg
2026-05-18 21:43:57,912 | INFO     |   [  42/73]  hibou_grand-duc_0052.jpg  hibou_grand-duc_0052.jpg
2026-05-18 21:43:57,932 | INFO     |   [  43/73]  hibou_grand-duc_0053.jpg  hibou_grand-duc_0053.jpg
2026-05-18 21:43:57,948 | INFO     |   [  44/73]  hibou_grand-duc_0054.jpg  hibou_grand-duc_0054.jpg
2026-05-18 21:43:57,963 | INFO     |   [  45/73]  hibou_grand-duc_0055.jpg  hibou_grand-duc_0055.jpg
2026-05-18 21:43:57,981 | INFO     |   [  46/73]  hibou_grand-duc_0056.jpg  hibou_grand-duc_0056.jpg
2026-05-18 21:43:57,998 | INFO     |   [  47/73]  hibou_grand-duc_0057.jpg  hibou_grand-duc_0057.jpg
2026-05-18 21:43:58,014 | INFO     |   [  48/73]  hibou_grand-duc_0058.jpg  hibou_grand-duc_0058.jpg
2026-05-18 21:43:58,031 | INFO     |   [  49/73]  hibou_grand-duc_0059.jpg  hibou_grand-duc_0059.jpg
2026-05-18 21:43:58,049 | INFO     |   [  50/73]  hibou_grand-duc_0060.jpg  hibou_grand-duc_0060.jpg
2026-05-18 21:43:58,067 | INFO     |   [  51/73]  hibou_grand-duc_0061.jpg  hibou_grand-duc_0061.jpg
2026-05-18 21:43:58,086 | INFO     |   [  52/73]  hibou_grand-duc_0064.jpg  hibou_grand-duc_0064.jpg
2026-05-18 21:43:58,106 | INFO     |   [  53/73]  hibou_grand-duc_0066.jpg  hibou_grand-duc_0066.jpg
2026-05-18 21:43:58,125 | INFO     |   [  54/73]  hibou_grand-duc_0067.jpg  hibou_grand-duc_0067.jpg
2026-05-18 21:43:58,143 | INFO     |   [  55/73]  hibou_grand-duc_0068.jpg  hibou_grand-duc_0068.jpg
2026-05-18 21:43:58,162 | INFO     |   [  56/73]  hibou_grand-duc_0069.jpg  hibou_grand-duc_0069.jpg
2026-05-18 21:43:58,180 | INFO     |   [  57/73]  hibou_grand-duc_0072.jpg  hibou_grand-duc_0072.jpg
2026-05-18 21:43:58,191 | INFO     |   [  58/73]  hibou_grand-duc_0079.jpg  hibou_grand-duc_0079.jpg
2026-05-18 21:43:58,210 | INFO     |   [  59/73]  hibou_grand-duc_0080.jpg  hibou_grand-duc_0080.jpg
2026-05-18 21:43:58,236 | INFO     |   [  60/73]  hibou_grand-duc_0082.jpg  hibou_grand-duc_0082.jpg
2026-05-18 21:43:58,261 | INFO     |   [  61/73]  hibou_grand-duc_0083.jpg  hibou_grand-duc_0083.jpg
2026-05-18 21:43:58,281 | INFO     |   [  62/73]  hibou_grand-duc_0084.jpg  hibou_grand-duc_0084.jpg
2026-05-18 21:43:58,296 | INFO     |   [  63/73]  hibou_grand-duc_0086.jpg  hibou_grand-duc_0086.jpg
2026-05-18 21:43:58,311 | INFO     |   [  64/73]  hibou_grand-duc_0087.jpg  hibou_grand-duc_0087.jpg
2026-05-18 21:43:58,325 | INFO     |   [  65/73]  hibou_grand-duc_0088.jpg  hibou_grand-duc_0088.jpg
2026-05-18 21:43:58,340 | INFO     |   [  66/73]  hibou_grand-duc_0089.jpg  hibou_grand-duc_0089.jpg
2026-05-18 21:43:58,356 | INFO     |   [  67/73]  hibou_grand-duc_0090.jpg  hibou_grand-duc_0090.jpg
2026-05-18 21:43:58,372 | INFO     |   [  68/73]  hibou_grand-duc_0091.jpg  hibou_grand-duc_0091.jpg
2026-05-18 21:43:58,388 | INFO     |   [  69/73]  hibou_grand-duc_0092.jpg  hibou_grand-duc_0092.jpg
2026-05-18 21:43:58,404 | INFO     |   [  70/73]  hibou_grand-duc_0093.jpg  hibou_grand-duc_0093.jpg
2026-05-18 21:43:58,420 | INFO     |   [  71/73]  hibou_grand-duc_0094.jpg  hibou_grand-duc_0094.jpg
2026-05-18 21:43:58,438 | INFO     |   [  72/73]  hibou_grand-duc_0096.jpg  hibou_grand-duc_0096.jpg
2026-05-18 21:43:58,454 | INFO     |   [  73/73]  hibou_grand-duc_0099.jpg  hibou_grand-duc_0099.jpg
2026-05-18 21:43:58,455 | INFO     | 
Résumé 'hibou_grand-duc': 73 traitées avec succès, 0 échecs.
2026-05-18 21:43:58,457 | INFO     | Prétraitement : flamant_rose  (76 images)
2026-05-18 21:43:58,458 | INFO     | Source : ..\data\cleaned\flamant_rose
2026-05-18 21:43:58,458 | INFO     | Cible  : ..\data\cleaned\flamant_rose
2026-05-18 21:43:58,473 | INFO     |   [   1/76]  flamant_rose_0001.jpg  flamant_rose_0001.jpg
2026-05-18 21:43:58,489 | INFO     |   [   2/76]  flamant_rose_0002.jpg  flamant_rose_0002.jpg
2026-05-18 21:43:58,504 | INFO     |   [   3/76]  flamant_rose_0003.jpg  flamant_rose_0003.jpg
2026-05-18 21:43:58,517 | INFO     |   [   4/76]  flamant_rose_0004.jpg  flamant_rose_0004.jpg
2026-05-18 21:43:58,531 | INFO     |   [   5/76]  flamant_rose_0005.jpg  flamant_rose_0005.jpg
2026-05-18 21:43:58,549 | INFO     |   [   6/76]  flamant_rose_0006.jpg  flamant_rose_0006.jpg
2026-05-18 21:43:58,568 | INFO     |   [   7/76]  flamant_rose_0007.jpg  flamant_rose_0007.jpg
2026-05-18 21:43:58,585 | INFO     |   [   8/76]  flamant_rose_0008.jpg  flamant_rose_0008.jpg
2026-05-18 21:43:58,602 | INFO     |   [   9/76]  flamant_rose_0009.jpg  flamant_rose_0009.jpg
2026-05-18 21:43:58,623 | INFO     |   [  10/76]  flamant_rose_0010.jpg  flamant_rose_0010.jpg
2026-05-18 21:43:58,646 | INFO     |   [  11/76]  flamant_rose_0011.jpg  flamant_rose_0011.jpg
2026-05-18 21:43:58,660 | INFO     |   [  12/76]  flamant_rose_0012.jpg  flamant_rose_0012.jpg
2026-05-18 21:43:58,678 | INFO     |   [  13/76]  flamant_rose_0013.jpg  flamant_rose_0013.jpg
2026-05-18 21:43:58,694 | INFO     |   [  14/76]  flamant_rose_0015.jpg  flamant_rose_0015.jpg
2026-05-18 21:43:58,709 | INFO     |   [  15/76]  flamant_rose_0021.jpg  flamant_rose_0021.jpg
2026-05-18 21:43:58,724 | INFO     |   [  16/76]  flamant_rose_0022.jpg  flamant_rose_0022.jpg
2026-05-18 21:43:58,739 | INFO     |   [  17/76]  flamant_rose_0023.jpg  flamant_rose_0023.jpg
2026-05-18 21:43:58,755 | INFO     |   [  18/76]  flamant_rose_0024.jpg  flamant_rose_0024.jpg
2026-05-18 21:43:58,770 | INFO     |   [  19/76]  flamant_rose_0025.jpg  flamant_rose_0025.jpg
2026-05-18 21:43:58,785 | INFO     |   [  20/76]  flamant_rose_0026.jpg  flamant_rose_0026.jpg
2026-05-18 21:43:58,801 | INFO     |   [  21/76]  flamant_rose_0027.jpg  flamant_rose_0027.jpg
2026-05-18 21:43:58,819 | INFO     |   [  22/76]  flamant_rose_0028.jpg  flamant_rose_0028.jpg
2026-05-18 21:43:58,839 | INFO     |   [  23/76]  flamant_rose_0029.jpg  flamant_rose_0029.jpg
2026-05-18 21:43:58,856 | INFO     |   [  24/76]  flamant_rose_0030.jpg  flamant_rose_0030.jpg
2026-05-18 21:43:58,872 | INFO     |   [  25/76]  flamant_rose_0031.jpg  flamant_rose_0031.jpg
2026-05-18 21:43:58,887 | INFO     |   [  26/76]  flamant_rose_0032.jpg  flamant_rose_0032.jpg
2026-05-18 21:43:58,906 | INFO     |   [  27/76]  flamant_rose_0033.jpg  flamant_rose_0033.jpg
2026-05-18 21:43:58,926 | INFO     |   [  28/76]  flamant_rose_0034.jpg  flamant_rose_0034.jpg
2026-05-18 21:43:58,946 | INFO     |   [  29/76]  flamant_rose_0035.jpg  flamant_rose_0035.jpg
2026-05-18 21:43:58,962 | INFO     |   [  30/76]  flamant_rose_0036.jpg  flamant_rose_0036.jpg
2026-05-18 21:43:58,984 | INFO     |   [  31/76]  flamant_rose_0041.jpg  flamant_rose_0041.jpg
2026-05-18 21:43:59,003 | INFO     |   [  32/76]  flamant_rose_0042.jpg  flamant_rose_0042.jpg
2026-05-18 21:43:59,024 | INFO     |   [  33/76]  flamant_rose_0043.jpg  flamant_rose_0043.jpg
2026-05-18 21:43:59,045 | INFO     |   [  34/76]  flamant_rose_0044.jpg  flamant_rose_0044.jpg
2026-05-18 21:43:59,066 | INFO     |   [  35/76]  flamant_rose_0045.jpg  flamant_rose_0045.jpg
2026-05-18 21:43:59,088 | INFO     |   [  36/76]  flamant_rose_0050.jpg  flamant_rose_0050.jpg
2026-05-18 21:43:59,108 | INFO     |   [  37/76]  flamant_rose_0051.jpg  flamant_rose_0051.jpg
2026-05-18 21:43:59,132 | INFO     |   [  38/76]  flamant_rose_0056.jpg  flamant_rose_0056.jpg
2026-05-18 21:43:59,152 | INFO     |   [  39/76]  flamant_rose_0057.jpg  flamant_rose_0057.jpg
2026-05-18 21:43:59,179 | INFO     |   [  40/76]  flamant_rose_0058.jpg  flamant_rose_0058.jpg
2026-05-18 21:43:59,200 | INFO     |   [  41/76]  flamant_rose_0059.jpg  flamant_rose_0059.jpg
2026-05-18 21:43:59,217 | INFO     |   [  42/76]  flamant_rose_0060.jpg  flamant_rose_0060.jpg
2026-05-18 21:43:59,237 | INFO     |   [  43/76]  flamant_rose_0061.jpg  flamant_rose_0061.jpg
2026-05-18 21:43:59,257 | INFO     |   [  44/76]  flamant_rose_0063.jpg  flamant_rose_0063.jpg
2026-05-18 21:43:59,277 | INFO     |   [  45/76]  flamant_rose_0064.jpg  flamant_rose_0064.jpg
2026-05-18 21:43:59,296 | INFO     |   [  46/76]  flamant_rose_0066.jpg  flamant_rose_0066.jpg
2026-05-18 21:43:59,311 | INFO     |   [  47/76]  flamant_rose_0067.jpg  flamant_rose_0067.jpg
2026-05-18 21:43:59,326 | INFO     |   [  48/76]  flamant_rose_0068.jpg  flamant_rose_0068.jpg
2026-05-18 21:43:59,341 | INFO     |   [  49/76]  flamant_rose_0069.jpg  flamant_rose_0069.jpg
2026-05-18 21:43:59,356 | INFO     |   [  50/76]  flamant_rose_0070.jpg  flamant_rose_0070.jpg
2026-05-18 21:43:59,372 | INFO     |   [  51/76]  flamant_rose_0071.jpg  flamant_rose_0071.jpg
2026-05-18 21:43:59,389 | INFO     |   [  52/76]  flamant_rose_0072.jpg  flamant_rose_0072.jpg
2026-05-18 21:43:59,409 | INFO     |   [  53/76]  flamant_rose_0073.jpg  flamant_rose_0073.jpg
2026-05-18 21:43:59,425 | INFO     |   [  54/76]  flamant_rose_0076.jpeg  flamant_rose_0076.jpg
2026-05-18 21:43:59,441 | INFO     |   [  55/76]  flamant_rose_0077.jpeg  flamant_rose_0077.jpg
2026-05-18 21:43:59,454 | INFO     |   [  56/76]  flamant_rose_0078.jpeg  flamant_rose_0078.jpg
2026-05-18 21:43:59,468 | INFO     |   [  57/76]  flamant_rose_0079.jpeg  flamant_rose_0079.jpg
2026-05-18 21:43:59,480 | INFO     |   [  58/76]  flamant_rose_0080.jpeg  flamant_rose_0080.jpg
2026-05-18 21:43:59,492 | INFO     |   [  59/76]  flamant_rose_0081.jpeg  flamant_rose_0081.jpg
2026-05-18 21:43:59,504 | INFO     |   [  60/76]  flamant_rose_0082.jpeg  flamant_rose_0082.jpg
2026-05-18 21:43:59,516 | INFO     |   [  61/76]  flamant_rose_0083.jpeg  flamant_rose_0083.jpg
2026-05-18 21:43:59,535 | INFO     |   [  62/76]  flamant_rose_0084.jpeg  flamant_rose_0084.jpg
2026-05-18 21:43:59,550 | INFO     |   [  63/76]  flamant_rose_0085.jpg  flamant_rose_0085.jpg
2026-05-18 21:43:59,564 | INFO     |   [  64/76]  flamant_rose_0086.jpg  flamant_rose_0086.jpg
2026-05-18 21:43:59,581 | INFO     |   [  65/76]  flamant_rose_0087.jpg  flamant_rose_0087.jpg
2026-05-18 21:43:59,598 | INFO     |   [  66/76]  flamant_rose_0088.jpg  flamant_rose_0088.jpg
2026-05-18 21:43:59,618 | INFO     |   [  67/76]  flamant_rose_0089.jpg  flamant_rose_0089.jpg
2026-05-18 21:43:59,632 | INFO     |   [  68/76]  flamant_rose_0090.jpg  flamant_rose_0090.jpg
2026-05-18 21:43:59,646 | INFO     |   [  69/76]  flamant_rose_0091.jpg  flamant_rose_0091.jpg
2026-05-18 21:43:59,663 | INFO     |   [  70/76]  flamant_rose_0092.jpg  flamant_rose_0092.jpg
2026-05-18 21:43:59,676 | INFO     |   [  71/76]  flamant_rose_0093.jpeg  flamant_rose_0093.jpg
2026-05-18 21:43:59,690 | INFO     |   [  72/76]  flamant_rose_0094.jpeg  flamant_rose_0094.jpg
2026-05-18 21:43:59,705 | INFO     |   [  73/76]  flamant_rose_0096.jpeg  flamant_rose_0096.jpg
2026-05-18 21:43:59,720 | INFO     |   [  74/76]  flamant_rose_0097.jpeg  flamant_rose_0097.jpg
2026-05-18 21:43:59,734 | INFO     |   [  75/76]  flamant_rose_0099.jpeg  flamant_rose_0099.jpg
2026-05-18 21:43:59,748 | INFO     |   [  76/76]  flamant_rose_0100.jpg  flamant_rose_0100.jpg
2026-05-18 21:43:59,749 | INFO     | 
Résumé 'flamant_rose': 76 traitées avec succès, 0 échecs.
2026-05-18 21:43:59,751 | INFO     | Prétraitement : martin-pecheur  (87 images)
2026-05-18 21:43:59,751 | INFO     | Source : ..\data\cleaned\martin-pecheur
2026-05-18 21:43:59,751 | INFO     | Cible  : ..\data\cleaned\martin-pecheur
2026-05-18 21:43:59,770 | INFO     |   [   1/87]  martin-pecheur_0001.jpg  martin-pecheur_0001.jpg
2026-05-18 21:43:59,789 | INFO     |   [   2/87]  martin-pecheur_0002.jpg  martin-pecheur_0002.jpg
2026-05-18 21:43:59,804 | INFO     |   [   3/87]  martin-pecheur_0003.jpg  martin-pecheur_0003.jpg
2026-05-18 21:43:59,820 | INFO     |   [   4/87]  martin-pecheur_0005.jpg  martin-pecheur_0005.jpg
2026-05-18 21:43:59,825 | INFO     |   [   5/87]  martin-pecheur_0006.jpg  martin-pecheur_0006.jpg
2026-05-18 21:43:59,846 | INFO     |   [   6/87]  martin-pecheur_0008.jpg  martin-pecheur_0008.jpg
2026-05-18 21:43:59,867 | INFO     |   [   7/87]  martin-pecheur_0009.jpg  martin-pecheur_0009.jpg
2026-05-18 21:43:59,886 | INFO     |   [   8/87]  martin-pecheur_0010.jpg  martin-pecheur_0010.jpg
2026-05-18 21:43:59,905 | INFO     |   [   9/87]  martin-pecheur_0011.jpg  martin-pecheur_0011.jpg
2026-05-18 21:43:59,923 | INFO     |   [  10/87]  martin-pecheur_0012.jpg  martin-pecheur_0012.jpg
2026-05-18 21:43:59,942 | INFO     |   [  11/87]  martin-pecheur_0013.jpg  martin-pecheur_0013.jpg
2026-05-18 21:43:59,961 | INFO     |   [  12/87]  martin-pecheur_0014.jpg  martin-pecheur_0014.jpg
2026-05-18 21:43:59,980 | INFO     |   [  13/87]  martin-pecheur_0015.jpg  martin-pecheur_0015.jpg
2026-05-18 21:44:00,004 | INFO     |   [  14/87]  martin-pecheur_0016.jpg  martin-pecheur_0016.jpg
2026-05-18 21:44:00,023 | INFO     |   [  15/87]  martin-pecheur_0017.jpg  martin-pecheur_0017.jpg
2026-05-18 21:44:00,041 | INFO     |   [  16/87]  martin-pecheur_0018.jpg  martin-pecheur_0018.jpg
2026-05-18 21:44:00,060 | INFO     |   [  17/87]  martin-pecheur_0019.jpg  martin-pecheur_0019.jpg
2026-05-18 21:44:00,070 | INFO     |   [  18/87]  martin-pecheur_0020.jpg  martin-pecheur_0020.jpg
2026-05-18 21:44:00,085 | INFO     |   [  19/87]  martin-pecheur_0021.jpg  martin-pecheur_0021.jpg
2026-05-18 21:44:00,101 | INFO     |   [  20/87]  martin-pecheur_0022.jpg  martin-pecheur_0022.jpg
2026-05-18 21:44:00,124 | INFO     |   [  21/87]  martin-pecheur_0024.jpg  martin-pecheur_0024.jpg
2026-05-18 21:44:00,145 | INFO     |   [  22/87]  martin-pecheur_0025.jpg  martin-pecheur_0025.jpg
2026-05-18 21:44:00,164 | INFO     |   [  23/87]  martin-pecheur_0026.jpg  martin-pecheur_0026.jpg
2026-05-18 21:44:00,184 | INFO     |   [  24/87]  martin-pecheur_0027.jpg  martin-pecheur_0027.jpg
2026-05-18 21:44:00,204 | INFO     |   [  25/87]  martin-pecheur_0028.jpg  martin-pecheur_0028.jpg
2026-05-18 21:44:00,219 | INFO     |   [  26/87]  martin-pecheur_0029.jpg  martin-pecheur_0029.jpg
2026-05-18 21:44:00,243 | INFO     |   [  27/87]  martin-pecheur_0030.jpg  martin-pecheur_0030.jpg
2026-05-18 21:44:00,261 | INFO     |   [  28/87]  martin-pecheur_0031.jpg  martin-pecheur_0031.jpg
2026-05-18 21:44:00,276 | INFO     |   [  29/87]  martin-pecheur_0032.jpg  martin-pecheur_0032.jpg
2026-05-18 21:44:00,299 | INFO     |   [  30/87]  martin-pecheur_0033.jpg  martin-pecheur_0033.jpg
2026-05-18 21:44:00,321 | INFO     |   [  31/87]  martin-pecheur_0034.jpg  martin-pecheur_0034.jpg
2026-05-18 21:44:00,338 | INFO     |   [  32/87]  martin-pecheur_0035.jpg  martin-pecheur_0035.jpg
2026-05-18 21:44:00,360 | INFO     |   [  33/87]  martin-pecheur_0036.jpg  martin-pecheur_0036.jpg
2026-05-18 21:44:00,379 | INFO     |   [  34/87]  martin-pecheur_0037.jpg  martin-pecheur_0037.jpg
2026-05-18 21:44:00,400 | INFO     |   [  35/87]  martin-pecheur_0038.jpg  martin-pecheur_0038.jpg
2026-05-18 21:44:00,413 | INFO     |   [  36/87]  martin-pecheur_0040.jpg  martin-pecheur_0040.jpg
2026-05-18 21:44:00,433 | INFO     |   [  37/87]  martin-pecheur_0041.jpg  martin-pecheur_0041.jpg
2026-05-18 21:44:00,450 | INFO     |   [  38/87]  martin-pecheur_0042.jpg  martin-pecheur_0042.jpg
2026-05-18 21:44:00,469 | INFO     |   [  39/87]  martin-pecheur_0043.jpg  martin-pecheur_0043.jpg
2026-05-18 21:44:00,485 | INFO     |   [  40/87]  martin-pecheur_0044.jpg  martin-pecheur_0044.jpg
2026-05-18 21:44:00,502 | INFO     |   [  41/87]  martin-pecheur_0045.jpg  martin-pecheur_0045.jpg
2026-05-18 21:44:00,520 | INFO     |   [  42/87]  martin-pecheur_0046.jpg  martin-pecheur_0046.jpg
2026-05-18 21:44:00,536 | INFO     |   [  43/87]  martin-pecheur_0047.jpg  martin-pecheur_0047.jpg
2026-05-18 21:44:00,560 | INFO     |   [  44/87]  martin-pecheur_0049.jpg  martin-pecheur_0049.jpg
2026-05-18 21:44:00,580 | INFO     |   [  45/87]  martin-pecheur_0051.jpg  martin-pecheur_0051.jpg
2026-05-18 21:44:00,600 | INFO     |   [  46/87]  martin-pecheur_0052.jpg  martin-pecheur_0052.jpg
2026-05-18 21:44:00,619 | INFO     |   [  47/87]  martin-pecheur_0053.jpg  martin-pecheur_0053.jpg
2026-05-18 21:44:00,637 | INFO     |   [  48/87]  martin-pecheur_0054.jpg  martin-pecheur_0054.jpg
2026-05-18 21:44:00,653 | INFO     |   [  49/87]  martin-pecheur_0055.jpg  martin-pecheur_0055.jpg
2026-05-18 21:44:00,660 | INFO     |   [  50/87]  martin-pecheur_0056.jpg  martin-pecheur_0056.jpg
2026-05-18 21:44:00,675 | INFO     |   [  51/87]  martin-pecheur_0058.jpg  martin-pecheur_0058.jpg
2026-05-18 21:44:00,684 | INFO     |   [  52/87]  martin-pecheur_0059.jpg  martin-pecheur_0059.jpg
2026-05-18 21:44:00,696 | INFO     |   [  53/87]  martin-pecheur_0062.jpg  martin-pecheur_0062.jpg
2026-05-18 21:44:00,712 | INFO     |   [  54/87]  martin-pecheur_0063.jpg  martin-pecheur_0063.jpg
2026-05-18 21:44:00,729 | INFO     |   [  55/87]  martin-pecheur_0064.jpg  martin-pecheur_0064.jpg
2026-05-18 21:44:00,744 | INFO     |   [  56/87]  martin-pecheur_0065.jpg  martin-pecheur_0065.jpg
2026-05-18 21:44:00,758 | INFO     |   [  57/87]  martin-pecheur_0066.jpg  martin-pecheur_0066.jpg
2026-05-18 21:44:00,772 | INFO     |   [  58/87]  martin-pecheur_0067.jpg  martin-pecheur_0067.jpg
2026-05-18 21:44:00,786 | INFO     |   [  59/87]  martin-pecheur_0068.jpg  martin-pecheur_0068.jpg
2026-05-18 21:44:00,800 | INFO     |   [  60/87]  martin-pecheur_0069.jpg  martin-pecheur_0069.jpg
2026-05-18 21:44:00,814 | INFO     |   [  61/87]  martin-pecheur_0070.jpg  martin-pecheur_0070.jpg
2026-05-18 21:44:00,829 | INFO     |   [  62/87]  martin-pecheur_0071.jpg  martin-pecheur_0071.jpg
2026-05-18 21:44:00,842 | INFO     |   [  63/87]  martin-pecheur_0072.jpg  martin-pecheur_0072.jpg
2026-05-18 21:44:00,864 | INFO     |   [  64/87]  martin-pecheur_0074.jpg  martin-pecheur_0074.jpg
2026-05-18 21:44:00,883 | INFO     |   [  65/87]  martin-pecheur_0075.jpg  martin-pecheur_0075.jpg
2026-05-18 21:44:00,903 | INFO     |   [  66/87]  martin-pecheur_0076.jpg  martin-pecheur_0076.jpg
2026-05-18 21:44:00,924 | INFO     |   [  67/87]  martin-pecheur_0077.jpg  martin-pecheur_0077.jpg
2026-05-18 21:44:00,944 | INFO     |   [  68/87]  martin-pecheur_0079.jpg  martin-pecheur_0079.jpg
2026-05-18 21:44:00,961 | INFO     |   [  69/87]  martin-pecheur_0080.jpg  martin-pecheur_0080.jpg
2026-05-18 21:44:00,979 | INFO     |   [  70/87]  martin-pecheur_0081.jpg  martin-pecheur_0081.jpg
2026-05-18 21:44:00,997 | INFO     |   [  71/87]  martin-pecheur_0082.jpg  martin-pecheur_0082.jpg
2026-05-18 21:44:01,014 | INFO     |   [  72/87]  martin-pecheur_0083.jpg  martin-pecheur_0083.jpg
2026-05-18 21:44:01,032 | INFO     |   [  73/87]  martin-pecheur_0084.jpg  martin-pecheur_0084.jpg
2026-05-18 21:44:01,046 | INFO     |   [  74/87]  martin-pecheur_0085.jpg  martin-pecheur_0085.jpg
2026-05-18 21:44:01,065 | INFO     |   [  75/87]  martin-pecheur_0086.jpg  martin-pecheur_0086.jpg
2026-05-18 21:44:01,081 | INFO     |   [  76/87]  martin-pecheur_0088.jpg  martin-pecheur_0088.jpg
2026-05-18 21:44:01,096 | INFO     |   [  77/87]  martin-pecheur_0089.jpg  martin-pecheur_0089.jpg
2026-05-18 21:44:01,115 | INFO     |   [  78/87]  martin-pecheur_0091.jpg  martin-pecheur_0091.jpg
2026-05-18 21:44:01,134 | INFO     |   [  79/87]  martin-pecheur_0092.jpg  martin-pecheur_0092.jpg
2026-05-18 21:44:01,154 | INFO     |   [  80/87]  martin-pecheur_0093.jpg  martin-pecheur_0093.jpg
2026-05-18 21:44:01,169 | INFO     |   [  81/87]  martin-pecheur_0094.jpg  martin-pecheur_0094.jpg
2026-05-18 21:44:01,187 | INFO     |   [  82/87]  martin-pecheur_0095.jpg  martin-pecheur_0095.jpg
2026-05-18 21:44:01,204 | INFO     |   [  83/87]  martin-pecheur_0096.jpg  martin-pecheur_0096.jpg
2026-05-18 21:44:01,222 | INFO     |   [  84/87]  martin-pecheur_0097.jpg  martin-pecheur_0097.jpg
2026-05-18 21:44:01,242 | INFO     |   [  85/87]  martin-pecheur_0098.jpg  martin-pecheur_0098.jpg
2026-05-18 21:44:01,257 | INFO     |   [  86/87]  martin-pecheur_0099.jpeg  martin-pecheur_0099.jpg
2026-05-18 21:44:01,264 | INFO     |   [  87/87]  martin-pecheur_0100.jpg  martin-pecheur_0100.jpg
2026-05-18 21:44:01,265 | INFO     | 
Résumé 'martin-pecheur': 87 traitées avec succès, 0 échecs.
2026-05-18 21:44:01,267 | INFO     | Prétraitement : cygne_tubercule  (81 images)
2026-05-18 21:44:01,267 | INFO     | Source : ..\data\cleaned\cygne_tubercule
2026-05-18 21:44:01,267 | INFO     | Cible  : ..\data\cleaned\cygne_tubercule
2026-05-18 21:44:01,286 | INFO     |   [   1/81]  cygne_tubercule_0001.jpg  cygne_tubercule_0001.jpg
2026-05-18 21:44:01,305 | INFO     |   [   2/81]  cygne_tubercule_0002.jpg  cygne_tubercule_0002.jpg
2026-05-18 21:44:01,324 | INFO     |   [   3/81]  cygne_tubercule_0003.jpg  cygne_tubercule_0003.jpg
2026-05-18 21:44:01,340 | INFO     |   [   4/81]  cygne_tubercule_0004.jpg  cygne_tubercule_0004.jpg
2026-05-18 21:44:01,356 | INFO     |   [   5/81]  cygne_tubercule_0005.jpg  cygne_tubercule_0005.jpg
2026-05-18 21:44:01,364 | INFO     |   [   6/81]  cygne_tubercule_0007.jpg  cygne_tubercule_0007.jpg
2026-05-18 21:44:01,378 | INFO     |   [   7/81]  cygne_tubercule_0009.jpg  cygne_tubercule_0009.jpg
2026-05-18 21:44:01,387 | INFO     |   [   8/81]  cygne_tubercule_0010.jpg  cygne_tubercule_0010.jpg
2026-05-18 21:44:01,398 | INFO     |   [   9/81]  cygne_tubercule_0011.jpg  cygne_tubercule_0011.jpg
2026-05-18 21:44:01,417 | INFO     |   [  10/81]  cygne_tubercule_0012.jpg  cygne_tubercule_0012.jpg
2026-05-18 21:44:01,437 | INFO     |   [  11/81]  cygne_tubercule_0013.jpg  cygne_tubercule_0013.jpg
2026-05-18 21:44:01,451 | INFO     |   [  12/81]  cygne_tubercule_0014.jpg  cygne_tubercule_0014.jpg
2026-05-18 21:44:01,470 | INFO     |   [  13/81]  cygne_tubercule_0015.jpg  cygne_tubercule_0015.jpg
2026-05-18 21:44:01,488 | INFO     |   [  14/81]  cygne_tubercule_0018.jpg  cygne_tubercule_0018.jpg
2026-05-18 21:44:01,507 | INFO     |   [  15/81]  cygne_tubercule_0019.jpg  cygne_tubercule_0019.jpg
2026-05-18 21:44:01,525 | INFO     |   [  16/81]  cygne_tubercule_0020.jpg  cygne_tubercule_0020.jpg
2026-05-18 21:44:01,551 | INFO     |   [  17/81]  cygne_tubercule_0021.jpg  cygne_tubercule_0021.jpg
2026-05-18 21:44:01,570 | INFO     |   [  18/81]  cygne_tubercule_0022.jpg  cygne_tubercule_0022.jpg
2026-05-18 21:44:01,592 | INFO     |   [  19/81]  cygne_tubercule_0023.jpg  cygne_tubercule_0023.jpg
2026-05-18 21:44:01,608 | INFO     |   [  20/81]  cygne_tubercule_0027.jpg  cygne_tubercule_0027.jpg
2026-05-18 21:44:01,630 | INFO     |   [  21/81]  cygne_tubercule_0028.jpg  cygne_tubercule_0028.jpg
2026-05-18 21:44:01,667 | INFO     |   [  22/81]  cygne_tubercule_0029.jpg  cygne_tubercule_0029.jpg
2026-05-18 21:44:01,688 | INFO     |   [  23/81]  cygne_tubercule_0030.jpg  cygne_tubercule_0030.jpg
2026-05-18 21:44:01,704 | INFO     |   [  24/81]  cygne_tubercule_0031.jpg  cygne_tubercule_0031.jpg
2026-05-18 21:44:01,729 | INFO     |   [  25/81]  cygne_tubercule_0032.jpg  cygne_tubercule_0032.jpg
2026-05-18 21:44:01,751 | INFO     |   [  26/81]  cygne_tubercule_0033.jpg  cygne_tubercule_0033.jpg
2026-05-18 21:44:01,773 | INFO     |   [  27/81]  cygne_tubercule_0034.jpg  cygne_tubercule_0034.jpg
2026-05-18 21:44:01,792 | INFO     |   [  28/81]  cygne_tubercule_0035.jpg  cygne_tubercule_0035.jpg
2026-05-18 21:44:01,811 | INFO     |   [  29/81]  cygne_tubercule_0036.jpg  cygne_tubercule_0036.jpg
2026-05-18 21:44:01,828 | INFO     |   [  30/81]  cygne_tubercule_0038.jpg  cygne_tubercule_0038.jpg
2026-05-18 21:44:01,850 | INFO     |   [  31/81]  cygne_tubercule_0039.jpg  cygne_tubercule_0039.jpg
2026-05-18 21:44:01,868 | INFO     |   [  32/81]  cygne_tubercule_0040.jpg  cygne_tubercule_0040.jpg
2026-05-18 21:44:01,885 | INFO     |   [  33/81]  cygne_tubercule_0041.jpg  cygne_tubercule_0041.jpg
2026-05-18 21:44:01,906 | INFO     |   [  34/81]  cygne_tubercule_0042.jpg  cygne_tubercule_0042.jpg
2026-05-18 21:44:01,930 | INFO     |   [  35/81]  cygne_tubercule_0043.jpg  cygne_tubercule_0043.jpg
2026-05-18 21:44:01,958 | INFO     |   [  36/81]  cygne_tubercule_0044.jpg  cygne_tubercule_0044.jpg
2026-05-18 21:44:01,990 | INFO     |   [  37/81]  cygne_tubercule_0045.jpg  cygne_tubercule_0045.jpg
2026-05-18 21:44:02,015 | INFO     |   [  38/81]  cygne_tubercule_0046.jpg  cygne_tubercule_0046.jpg
2026-05-18 21:44:02,054 | INFO     |   [  39/81]  cygne_tubercule_0047.jpg  cygne_tubercule_0047.jpg
2026-05-18 21:44:02,085 | INFO     |   [  40/81]  cygne_tubercule_0048.jpg  cygne_tubercule_0048.jpg
2026-05-18 21:44:02,114 | INFO     |   [  41/81]  cygne_tubercule_0049.jpg  cygne_tubercule_0049.jpg
2026-05-18 21:44:02,154 | INFO     |   [  42/81]  cygne_tubercule_0050.jpg  cygne_tubercule_0050.jpg
2026-05-18 21:44:02,188 | INFO     |   [  43/81]  cygne_tubercule_0052.jpg  cygne_tubercule_0052.jpg
2026-05-18 21:44:02,221 | INFO     |   [  44/81]  cygne_tubercule_0054.jpg  cygne_tubercule_0054.jpg
2026-05-18 21:44:02,252 | INFO     |   [  45/81]  cygne_tubercule_0056.jpg  cygne_tubercule_0056.jpg
2026-05-18 21:44:02,273 | INFO     |   [  46/81]  cygne_tubercule_0057.jpg  cygne_tubercule_0057.jpg
2026-05-18 21:44:02,297 | INFO     |   [  47/81]  cygne_tubercule_0058.jpg  cygne_tubercule_0058.jpg
2026-05-18 21:44:02,325 | INFO     |   [  48/81]  cygne_tubercule_0059.jpg  cygne_tubercule_0059.jpg
2026-05-18 21:44:02,353 | INFO     |   [  49/81]  cygne_tubercule_0060.jpg  cygne_tubercule_0060.jpg
2026-05-18 21:44:02,376 | INFO     |   [  50/81]  cygne_tubercule_0062.jpg  cygne_tubercule_0062.jpg
2026-05-18 21:44:02,404 | INFO     |   [  51/81]  cygne_tubercule_0063.jpg  cygne_tubercule_0063.jpg
2026-05-18 21:44:02,428 | INFO     |   [  52/81]  cygne_tubercule_0065.jpg  cygne_tubercule_0065.jpg
2026-05-18 21:44:02,449 | INFO     |   [  53/81]  cygne_tubercule_0066.jpg  cygne_tubercule_0066.jpg
2026-05-18 21:44:02,467 | INFO     |   [  54/81]  cygne_tubercule_0067.jpg  cygne_tubercule_0067.jpg
2026-05-18 21:44:02,491 | INFO     |   [  55/81]  cygne_tubercule_0068.jpg  cygne_tubercule_0068.jpg
2026-05-18 21:44:02,519 | INFO     |   [  56/81]  cygne_tubercule_0070.jpg  cygne_tubercule_0070.jpg
2026-05-18 21:44:02,544 | INFO     |   [  57/81]  cygne_tubercule_0072.jpg  cygne_tubercule_0072.jpg
2026-05-18 21:44:02,569 | INFO     |   [  58/81]  cygne_tubercule_0073.jpg  cygne_tubercule_0073.jpg
2026-05-18 21:44:02,594 | INFO     |   [  59/81]  cygne_tubercule_0074.jpg  cygne_tubercule_0074.jpg
2026-05-18 21:44:02,623 | INFO     |   [  60/81]  cygne_tubercule_0075.jpg  cygne_tubercule_0075.jpg
2026-05-18 21:44:02,652 | INFO     |   [  61/81]  cygne_tubercule_0076.jpg  cygne_tubercule_0076.jpg
2026-05-18 21:44:02,678 | INFO     |   [  62/81]  cygne_tubercule_0077.jpg  cygne_tubercule_0077.jpg
2026-05-18 21:44:02,706 | INFO     |   [  63/81]  cygne_tubercule_0078.jpg  cygne_tubercule_0078.jpg
2026-05-18 21:44:02,734 | INFO     |   [  64/81]  cygne_tubercule_0079.jpg  cygne_tubercule_0079.jpg
2026-05-18 21:44:02,757 | INFO     |   [  65/81]  cygne_tubercule_0080.jpg  cygne_tubercule_0080.jpg
2026-05-18 21:44:02,775 | INFO     |   [  66/81]  cygne_tubercule_0081.jpg  cygne_tubercule_0081.jpg
2026-05-18 21:44:02,790 | INFO     |   [  67/81]  cygne_tubercule_0082.jpg  cygne_tubercule_0082.jpg
2026-05-18 21:44:02,805 | INFO     |   [  68/81]  cygne_tubercule_0083.jpg  cygne_tubercule_0083.jpg
2026-05-18 21:44:02,820 | INFO     |   [  69/81]  cygne_tubercule_0084.jpg  cygne_tubercule_0084.jpg
2026-05-18 21:44:02,840 | INFO     |   [  70/81]  cygne_tubercule_0085.jpg  cygne_tubercule_0085.jpg
2026-05-18 21:44:02,856 | INFO     |   [  71/81]  cygne_tubercule_0086.jpg  cygne_tubercule_0086.jpg
2026-05-18 21:44:02,873 | INFO     |   [  72/81]  cygne_tubercule_0087.jpg  cygne_tubercule_0087.jpg
2026-05-18 21:44:02,893 | INFO     |   [  73/81]  cygne_tubercule_0088.jpg  cygne_tubercule_0088.jpg
2026-05-18 21:44:02,906 | INFO     |   [  74/81]  cygne_tubercule_0089.jpg  cygne_tubercule_0089.jpg
2026-05-18 21:44:02,924 | INFO     |   [  75/81]  cygne_tubercule_0090.jpg  cygne_tubercule_0090.jpg
2026-05-18 21:44:02,939 | INFO     |   [  76/81]  cygne_tubercule_0091.jpg  cygne_tubercule_0091.jpg
2026-05-18 21:44:02,955 | INFO     |   [  77/81]  cygne_tubercule_0093.jpg  cygne_tubercule_0093.jpg
2026-05-18 21:44:02,972 | INFO     |   [  78/81]  cygne_tubercule_0094.jpg  cygne_tubercule_0094.jpg
2026-05-18 21:44:02,988 | INFO     |   [  79/81]  cygne_tubercule_0095.jpg  cygne_tubercule_0095.jpg
2026-05-18 21:44:03,007 | INFO     |   [  80/81]  cygne_tubercule_0097.jpg  cygne_tubercule_0097.jpg
2026-05-18 21:44:03,028 | INFO     |   [  81/81]  cygne_tubercule_0099.jpg  cygne_tubercule_0099.jpg
2026-05-18 21:44:03,028 | INFO     | 
Résumé 'cygne_tubercule': 81 traitées avec succès, 0 échecs.
2026-05-18 21:44:03,033 | INFO     | Prétraitement : pic_vert  (76 images)
2026-05-18 21:44:03,034 | INFO     | Source : ..\data\cleaned\pic_vert
2026-05-18 21:44:03,034 | INFO     | Cible  : ..\data\cleaned\pic_vert
2026-05-18 21:44:03,043 | INFO     |   [   1/76]  pic_vert_0001.jpg  pic_vert_0001.jpg
2026-05-18 21:44:03,055 | INFO     |   [   2/76]  pic_vert_0002.jpg  pic_vert_0002.jpg
2026-05-18 21:44:03,068 | INFO     |   [   3/76]  pic_vert_0003.jpg  pic_vert_0003.jpg
2026-05-18 21:44:03,105 | INFO     |   [   4/76]  pic_vert_0006.jpg  pic_vert_0006.jpg
2026-05-18 21:44:03,136 | INFO     |   [   5/76]  pic_vert_0007.jpg  pic_vert_0007.jpg
2026-05-18 21:44:03,164 | INFO     |   [   6/76]  pic_vert_0009.jpg  pic_vert_0009.jpg
2026-05-18 21:44:03,191 | INFO     |   [   7/76]  pic_vert_0010.jpg  pic_vert_0010.jpg
2026-05-18 21:44:03,218 | INFO     |   [   8/76]  pic_vert_0011.jpg  pic_vert_0011.jpg
2026-05-18 21:44:03,245 | INFO     |   [   9/76]  pic_vert_0012.jpg  pic_vert_0012.jpg
2026-05-18 21:44:03,286 | INFO     |   [  10/76]  pic_vert_0014.jpg  pic_vert_0014.jpg
2026-05-18 21:44:03,343 | INFO     |   [  11/76]  pic_vert_0016.jpg  pic_vert_0016.jpg
2026-05-18 21:44:03,389 | INFO     |   [  12/76]  pic_vert_0017.jpg  pic_vert_0017.jpg
2026-05-18 21:44:03,433 | INFO     |   [  13/76]  pic_vert_0019.jpg  pic_vert_0019.jpg
2026-05-18 21:44:03,474 | INFO     |   [  14/76]  pic_vert_0020.jpg  pic_vert_0020.jpg
2026-05-18 21:44:03,498 | INFO     |   [  15/76]  pic_vert_0021.jpg  pic_vert_0021.jpg
2026-05-18 21:44:03,526 | INFO     |   [  16/76]  pic_vert_0022.jpg  pic_vert_0022.jpg
2026-05-18 21:44:03,555 | INFO     |   [  17/76]  pic_vert_0023.jpg  pic_vert_0023.jpg
2026-05-18 21:44:03,582 | INFO     |   [  18/76]  pic_vert_0024.jpg  pic_vert_0024.jpg
2026-05-18 21:44:03,605 | INFO     |   [  19/76]  pic_vert_0025.jpg  pic_vert_0025.jpg
2026-05-18 21:44:03,629 | INFO     |   [  20/76]  pic_vert_0026.jpg  pic_vert_0026.jpg
2026-05-18 21:44:03,657 | INFO     |   [  21/76]  pic_vert_0027.jpg  pic_vert_0027.jpg
2026-05-18 21:44:03,683 | INFO     |   [  22/76]  pic_vert_0028.jpg  pic_vert_0028.jpg
2026-05-18 21:44:03,712 | INFO     |   [  23/76]  pic_vert_0029.jpg  pic_vert_0029.jpg
2026-05-18 21:44:03,741 | INFO     |   [  24/76]  pic_vert_0030.jpg  pic_vert_0030.jpg
2026-05-18 21:44:03,759 | INFO     |   [  25/76]  pic_vert_0031.jpeg  pic_vert_0031.jpg
2026-05-18 21:44:03,777 | INFO     |   [  26/76]  pic_vert_0032.jpeg  pic_vert_0032.jpg
2026-05-18 21:44:03,793 | INFO     |   [  27/76]  pic_vert_0033.jpeg  pic_vert_0033.jpg
2026-05-18 21:44:03,809 | INFO     |   [  28/76]  pic_vert_0034.jpeg  pic_vert_0034.jpg
2026-05-18 21:44:03,836 | INFO     |   [  29/76]  pic_vert_0035.jpeg  pic_vert_0035.jpg
2026-05-18 21:44:03,860 | INFO     |   [  30/76]  pic_vert_0036.jpeg  pic_vert_0036.jpg
2026-05-18 21:44:03,885 | INFO     |   [  31/76]  pic_vert_0037.jpeg  pic_vert_0037.jpg
2026-05-18 21:44:03,910 | INFO     |   [  32/76]  pic_vert_0038.jpeg  pic_vert_0038.jpg
2026-05-18 21:44:03,939 | INFO     |   [  33/76]  pic_vert_0039.jpeg  pic_vert_0039.jpg
2026-05-18 21:44:03,962 | INFO     |   [  34/76]  pic_vert_0040.jpeg  pic_vert_0040.jpg
2026-05-18 21:44:03,987 | INFO     |   [  35/76]  pic_vert_0041.jpeg  pic_vert_0041.jpg
2026-05-18 21:44:04,013 | INFO     |   [  36/76]  pic_vert_0042.jpeg  pic_vert_0042.jpg
2026-05-18 21:44:04,037 | INFO     |   [  37/76]  pic_vert_0043.jpeg  pic_vert_0043.jpg
2026-05-18 21:44:04,070 | INFO     |   [  38/76]  pic_vert_0044.jpeg  pic_vert_0044.jpg
2026-05-18 21:44:04,103 | INFO     |   [  39/76]  pic_vert_0045.jpeg  pic_vert_0045.jpg
2026-05-18 21:44:04,123 | INFO     |   [  40/76]  pic_vert_0047.jpeg  pic_vert_0047.jpg
2026-05-18 21:44:04,142 | INFO     |   [  41/76]  pic_vert_0048.jpeg  pic_vert_0048.jpg
2026-05-18 21:44:04,155 | INFO     |   [  42/76]  pic_vert_0049.jpeg  pic_vert_0049.jpg
2026-05-18 21:44:04,169 | INFO     |   [  43/76]  pic_vert_0050.jpeg  pic_vert_0050.jpg
2026-05-18 21:44:04,189 | INFO     |   [  44/76]  pic_vert_0051.jpg  pic_vert_0051.jpg
2026-05-18 21:44:04,206 | INFO     |   [  45/76]  pic_vert_0052.jpg  pic_vert_0052.jpg
2026-05-18 21:44:04,222 | INFO     |   [  46/76]  pic_vert_0053.jpg  pic_vert_0053.jpg
2026-05-18 21:44:04,239 | INFO     |   [  47/76]  pic_vert_0054.jpg  pic_vert_0054.jpg
2026-05-18 21:44:04,264 | INFO     |   [  48/76]  pic_vert_0055.jpg  pic_vert_0055.jpg
2026-05-18 21:44:04,286 | INFO     |   [  49/76]  pic_vert_0059.jpg  pic_vert_0059.jpg
2026-05-18 21:44:04,304 | INFO     |   [  50/76]  pic_vert_0060.jpg  pic_vert_0060.jpg
2026-05-18 21:44:04,324 | INFO     |   [  51/76]  pic_vert_0061.jpg  pic_vert_0061.jpg
2026-05-18 21:44:04,344 | INFO     |   [  52/76]  pic_vert_0062.jpg  pic_vert_0062.jpg
2026-05-18 21:44:04,360 | INFO     |   [  53/76]  pic_vert_0065.jpg  pic_vert_0065.jpg
2026-05-18 21:44:04,377 | INFO     |   [  54/76]  pic_vert_0069.jpg  pic_vert_0069.jpg
2026-05-18 21:44:04,394 | INFO     |   [  55/76]  pic_vert_0070.jpg  pic_vert_0070.jpg
2026-05-18 21:44:04,408 | INFO     |   [  56/76]  pic_vert_0071.jpg  pic_vert_0071.jpg
2026-05-18 21:44:04,424 | INFO     |   [  57/76]  pic_vert_0072.jpg  pic_vert_0072.jpg
2026-05-18 21:44:04,442 | INFO     |   [  58/76]  pic_vert_0073.jpg  pic_vert_0073.jpg
2026-05-18 21:44:04,466 | INFO     |   [  59/76]  pic_vert_0074.jpg  pic_vert_0074.jpg
2026-05-18 21:44:04,486 | INFO     |   [  60/76]  pic_vert_0075.jpg  pic_vert_0075.jpg
2026-05-18 21:44:04,503 | INFO     |   [  61/76]  pic_vert_0076.jpg  pic_vert_0076.jpg
2026-05-18 21:44:04,521 | INFO     |   [  62/76]  pic_vert_0078.jpg  pic_vert_0078.jpg
2026-05-18 21:44:04,543 | INFO     |   [  63/76]  pic_vert_0080.jpg  pic_vert_0080.jpg
2026-05-18 21:44:04,565 | INFO     |   [  64/76]  pic_vert_0082.jpg  pic_vert_0082.jpg
2026-05-18 21:44:04,584 | INFO     |   [  65/76]  pic_vert_0084.jpg  pic_vert_0084.jpg
2026-05-18 21:44:04,609 | INFO     |   [  66/76]  pic_vert_0085.jpg  pic_vert_0085.jpg
2026-05-18 21:44:04,627 | INFO     |   [  67/76]  pic_vert_0086.jpg  pic_vert_0086.jpg
2026-05-18 21:44:04,643 | INFO     |   [  68/76]  pic_vert_0087.jpg  pic_vert_0087.jpg
2026-05-18 21:44:04,663 | INFO     |   [  69/76]  pic_vert_0088.jpg  pic_vert_0088.jpg
2026-05-18 21:44:04,686 | INFO     |   [  70/76]  pic_vert_0090.jpg  pic_vert_0090.jpg
2026-05-18 21:44:04,706 | INFO     |   [  71/76]  pic_vert_0091.jpg  pic_vert_0091.jpg
2026-05-18 21:44:04,724 | INFO     |   [  72/76]  pic_vert_0092.jpg  pic_vert_0092.jpg
2026-05-18 21:44:04,742 | INFO     |   [  73/76]  pic_vert_0093.jpg  pic_vert_0093.jpg
2026-05-18 21:44:04,763 | INFO     |   [  74/76]  pic_vert_0096.jpg  pic_vert_0096.jpg
2026-05-18 21:44:04,781 | INFO     |   [  75/76]  pic_vert_0097.jpg  pic_vert_0097.jpg
2026-05-18 21:44:04,798 | INFO     |   [  76/76]  pic_vert_0099.jpg  pic_vert_0099.jpg
2026-05-18 21:44:04,799 | INFO     | 
Résumé 'pic_vert': 76 traitées avec succès, 0 échecs.
2026-05-18 21:44:04,800 | INFO     | Résumé final  data/final/
2026-05-18 21:44:04,803 | INFO     |   hibou_grand-duc              73 images
2026-05-18 21:44:04,806 | INFO     |   flamant_rose                 76 images
2026-05-18 21:44:04,807 | INFO     |   martin-pecheur               87 images
2026-05-18 21:44:04,809 | INFO     |   cygne_tubercule              81 images
2026-05-18 21:44:04,811 | INFO     |   pic_vert                     76 images
2026-05-18 21:44:04,811 | INFO     | TOTAL                       393 images
2026-05-18 21:44:04,811 | INFO     | 
Prétraitement terminé.
