2026-05-18 20:50:29,192 | INFO     | Scraping started
2026-05-18 20:50:29,192 | INFO     | Log file: ..\logs\scraping_20260518_205029.log

2026-05-18 20:50:29,194 | INFO     | 
════════════════════════════════════════════════════════════
2026-05-18 20:50:29,194 | INFO     | Species : Hibou grand-duc  →  'Eurasian eagle-owl bird'
2026-05-18 20:50:29,194 | INFO     | Folder  : ..\data\raw\hibou_grand-duc
2026-05-18 20:50:29,194 | INFO     | ════════════════════════════════════════════════════════════
2026-05-18 20:50:29,194 | INFO     |   Collecting from iNaturalist…
2026-05-18 20:50:34,803 | INFO     |   iNaturalist page 1: 35 observations
2026-05-18 20:50:34,809 | INFO     |   Supplementing with Flickr (16 needed)…
2026-05-18 20:50:38,257 | INFO     |   Flickr tags='Eurasian,eagle-owl,bird': 20 results
2026-05-18 20:50:40,868 | INFO     |   Flickr tags='Eurasian,eagle-owl,bird,nature': 20 results
2026-05-18 20:50:40,870 | INFO     |   Total unique URLs: 123
2026-05-18 20:50:40,870 | INFO     |   [1/120] → hibou_grand-duc_0001.jpg
2026-05-18 20:50:43,863 | INFO     |   ✓ 1/100: hibou_grand-duc_0001.jpg
2026-05-18 20:50:43,864 | INFO     |   [2/120] → hibou_grand-duc_0002.jpg
2026-05-18 20:50:47,488 | INFO     |   ✓ 2/100: hibou_grand-duc_0002.jpg
2026-05-18 20:50:47,488 | INFO     |   [3/120] → hibou_grand-duc_0003.jpg
2026-05-18 20:50:50,025 | INFO     |   ✓ 3/100: hibou_grand-duc_0003.jpg
2026-05-18 20:50:50,025 | INFO     |   [4/120] → hibou_grand-duc_0004.jpg
2026-05-18 20:50:53,482 | INFO     |   ✓ 4/100: hibou_grand-duc_0004.jpg
2026-05-18 20:50:53,482 | INFO     |   [5/120] → hibou_grand-duc_0005.jpg
2026-05-18 20:50:56,117 | INFO     |   ✓ 5/100: hibou_grand-duc_0005.jpg
2026-05-18 20:50:56,117 | INFO     |   [6/120] → hibou_grand-duc_0006.jpg
2026-05-18 20:51:00,213 | INFO     |   ✓ 6/100: hibou_grand-duc_0006.jpg
2026-05-18 20:51:00,213 | INFO     |   [7/120] → hibou_grand-duc_0007.jpg
2026-05-18 20:51:03,911 | INFO     |   ✓ 7/100: hibou_grand-duc_0007.jpg
2026-05-18 20:51:03,911 | INFO     |   [8/120] → hibou_grand-duc_0008.jpg
2026-05-18 20:51:06,790 | INFO     |   ✓ 8/100: hibou_grand-duc_0008.jpg
2026-05-18 20:51:06,790 | INFO     |   [9/120] → hibou_grand-duc_0009.jpg
2026-05-18 20:51:10,299 | INFO     |   ✓ 9/100: hibou_grand-duc_0009.jpg
2026-05-18 20:51:10,299 | INFO     |   [10/120] → hibou_grand-duc_0010.jpg
2026-05-18 20:51:13,554 | INFO     |   ✓ 10/100: hibou_grand-duc_0010.jpg
2026-05-18 20:51:13,554 | INFO     |   [11/120] → hibou_grand-duc_0011.jpg
2026-05-18 20:51:16,978 | INFO     |   ✓ 11/100: hibou_grand-duc_0011.jpg
2026-05-18 20:51:16,979 | INFO     |   [12/120] → hibou_grand-duc_0012.jpg
2026-05-18 20:51:19,037 | INFO     |   ✓ 12/100: hibou_grand-duc_0012.jpg
2026-05-18 20:51:19,037 | INFO     |   [13/120] → hibou_grand-duc_0013.jpg
2026-05-18 20:51:22,041 | INFO     |   ✓ 13/100: hibou_grand-duc_0013.jpg
2026-05-18 20:51:22,041 | INFO     |   [14/120] → hibou_grand-duc_0014.jpg
2026-05-18 20:51:25,114 | INFO     |   ✓ 14/100: hibou_grand-duc_0014.jpg
2026-05-18 20:51:25,114 | INFO     |   [15/120] → hibou_grand-duc_0015.jpg
2026-05-18 20:51:28,318 | INFO     |   ✓ 15/100: hibou_grand-duc_0015.jpg
2026-05-18 20:51:28,318 | INFO     |   [16/120] → hibou_grand-duc_0016.jpg
2026-05-18 20:51:31,126 | INFO     |   ✓ 16/100: hibou_grand-duc_0016.jpg
2026-05-18 20:51:31,126 | INFO     |   [17/120] → hibou_grand-duc_0017.jpg
2026-05-18 20:51:34,360 | INFO     |   ✓ 17/100: hibou_grand-duc_0017.jpg
2026-05-18 20:51:34,360 | INFO     |   [18/120] → hibou_grand-duc_0018.jpg
2026-05-18 20:51:37,087 | INFO     |   ✓ 18/100: hibou_grand-duc_0018.jpg
2026-05-18 20:51:37,088 | INFO     |   [19/120] → hibou_grand-duc_0019.jpg
2026-05-18 20:51:40,391 | INFO     |   ✓ 19/100: hibou_grand-duc_0019.jpg
2026-05-18 20:51:40,391 | INFO     |   [20/120] → hibou_grand-duc_0020.jpg
2026-05-18 20:51:43,585 | INFO     |   ✓ 20/100: hibou_grand-duc_0020.jpg
2026-05-18 20:51:43,585 | INFO     |   [21/120] → hibou_grand-duc_0021.jpg
2026-05-18 20:51:47,193 | INFO     |   ✓ 21/100: hibou_grand-duc_0021.jpg
2026-05-18 20:51:47,193 | INFO     |   [22/120] → hibou_grand-duc_0022.jpg
2026-05-18 20:51:50,885 | INFO     |   ✓ 22/100: hibou_grand-duc_0022.jpg
2026-05-18 20:51:50,885 | INFO     |   [23/120] → hibou_grand-duc_0023.jpg
2026-05-18 20:51:54,019 | INFO     |   ✓ 23/100: hibou_grand-duc_0023.jpg
2026-05-18 20:51:54,020 | INFO     |   [24/120] → hibou_grand-duc_0024.jpg
2026-05-18 20:51:56,441 | INFO     |   ✓ 24/100: hibou_grand-duc_0024.jpg
2026-05-18 20:51:56,441 | INFO     |   [25/120] → hibou_grand-duc_0025.jpg
2026-05-18 20:51:59,212 | INFO     |   ✓ 25/100: hibou_grand-duc_0025.jpg
2026-05-18 20:51:59,212 | INFO     |   [26/120] → hibou_grand-duc_0026.jpg
2026-05-18 20:52:02,893 | INFO     |   ✓ 26/100: hibou_grand-duc_0026.jpg
2026-05-18 20:52:02,893 | INFO     |   [27/120] → hibou_grand-duc_0027.jpg
2026-05-18 20:52:05,871 | INFO     |   ✓ 27/100: hibou_grand-duc_0027.jpg
2026-05-18 20:52:05,871 | INFO     |   [28/120] → hibou_grand-duc_0028.jpg
2026-05-18 20:52:08,690 | INFO     |   ✓ 28/100: hibou_grand-duc_0028.jpg
2026-05-18 20:52:08,691 | INFO     |   [29/120] → hibou_grand-duc_0029.jpg
2026-05-18 20:52:13,480 | INFO     |   ✓ 29/100: hibou_grand-duc_0029.jpg
2026-05-18 20:52:13,481 | INFO     |   [30/120] → hibou_grand-duc_0030.jpg
2026-05-18 20:52:17,607 | INFO     |   ✓ 30/100: hibou_grand-duc_0030.jpg
2026-05-18 20:52:17,608 | INFO     |   [31/120] → hibou_grand-duc_0031.jpg
2026-05-18 20:52:21,349 | INFO     |   ✓ 31/100: hibou_grand-duc_0031.jpg
2026-05-18 20:52:21,349 | INFO     |   [32/120] → hibou_grand-duc_0032.jpeg
2026-05-18 20:52:25,296 | INFO     |   ✓ 32/100: hibou_grand-duc_0032.jpeg
2026-05-18 20:52:25,296 | INFO     |   [33/120] → hibou_grand-duc_0033.jpeg
2026-05-18 20:52:27,856 | INFO     |   ✓ 33/100: hibou_grand-duc_0033.jpeg
2026-05-18 20:52:27,856 | INFO     |   [34/120] → hibou_grand-duc_0034.jpeg
2026-05-18 20:52:30,753 | INFO     |   ✓ 34/100: hibou_grand-duc_0034.jpeg
2026-05-18 20:52:30,753 | INFO     |   [35/120] → hibou_grand-duc_0035.jpeg
2026-05-18 20:52:33,866 | INFO     |   ✓ 35/100: hibou_grand-duc_0035.jpeg
2026-05-18 20:52:33,867 | INFO     |   [36/120] → hibou_grand-duc_0036.jpeg
2026-05-18 20:52:36,564 | INFO     |   ✓ 36/100: hibou_grand-duc_0036.jpeg
2026-05-18 20:52:36,564 | INFO     |   [37/120] → hibou_grand-duc_0037.jpeg
2026-05-18 20:52:39,593 | INFO     |   ✓ 37/100: hibou_grand-duc_0037.jpeg
2026-05-18 20:52:39,593 | INFO     |   [38/120] → hibou_grand-duc_0038.jpeg
2026-05-18 20:52:41,792 | INFO     |   ✓ 38/100: hibou_grand-duc_0038.jpeg
2026-05-18 20:52:41,792 | INFO     |   [39/120] → hibou_grand-duc_0039.jpeg
2026-05-18 20:52:44,946 | INFO     |   ✓ 39/100: hibou_grand-duc_0039.jpeg
2026-05-18 20:52:44,946 | INFO     |   [40/120] → hibou_grand-duc_0040.jpg
2026-05-18 20:52:48,304 | INFO     |   ✓ 40/100: hibou_grand-duc_0040.jpg
2026-05-18 20:52:48,304 | INFO     |   [41/120] → hibou_grand-duc_0041.jpg
2026-05-18 20:52:51,524 | INFO     |   ✓ 41/100: hibou_grand-duc_0041.jpg
2026-05-18 20:52:51,524 | INFO     |   [42/120] → hibou_grand-duc_0042.jpg
2026-05-18 20:52:54,901 | INFO     |   ✓ 42/100: hibou_grand-duc_0042.jpg
2026-05-18 20:52:54,901 | INFO     |   [43/120] → hibou_grand-duc_0043.jpg
2026-05-18 20:52:58,371 | INFO     |   ✓ 43/100: hibou_grand-duc_0043.jpg
2026-05-18 20:52:58,371 | INFO     |   [44/120] → hibou_grand-duc_0044.jpg
2026-05-18 20:53:01,094 | INFO     |   ✓ 44/100: hibou_grand-duc_0044.jpg
2026-05-18 20:53:01,094 | INFO     |   [45/120] → hibou_grand-duc_0045.jpg
2026-05-18 20:53:04,527 | INFO     |   ✓ 45/100: hibou_grand-duc_0045.jpg
2026-05-18 20:53:04,527 | INFO     |   [46/120] → hibou_grand-duc_0046.jpg
2026-05-18 20:53:08,439 | INFO     |   ✓ 46/100: hibou_grand-duc_0046.jpg
2026-05-18 20:53:08,440 | INFO     |   [47/120] → hibou_grand-duc_0047.jpg
2026-05-18 20:53:12,321 | INFO     |   ✓ 47/100: hibou_grand-duc_0047.jpg
2026-05-18 20:53:12,322 | INFO     |   [48/120] → hibou_grand-duc_0048.jpg
2026-05-18 20:53:15,960 | INFO     |   ✓ 48/100: hibou_grand-duc_0048.jpg
2026-05-18 20:53:15,960 | INFO     |   [49/120] → hibou_grand-duc_0049.jpg
2026-05-18 20:53:19,511 | INFO     |   ✓ 49/100: hibou_grand-duc_0049.jpg
2026-05-18 20:53:19,511 | INFO     |   [50/120] → hibou_grand-duc_0050.jpg
2026-05-18 20:53:22,767 | INFO     |   ✓ 50/100: hibou_grand-duc_0050.jpg
2026-05-18 20:53:22,767 | INFO     |   [51/120] → hibou_grand-duc_0051.jpg
2026-05-18 20:53:26,988 | INFO     |   ✓ 51/100: hibou_grand-duc_0051.jpg
2026-05-18 20:53:26,989 | INFO     |   [52/120] → hibou_grand-duc_0052.jpg
2026-05-18 20:53:30,045 | INFO     |   ✓ 52/100: hibou_grand-duc_0052.jpg
2026-05-18 20:53:30,045 | INFO     |   [53/120] → hibou_grand-duc_0053.jpg
2026-05-18 20:53:34,725 | INFO     |   ✓ 53/100: hibou_grand-duc_0053.jpg
2026-05-18 20:53:34,725 | INFO     |   [54/120] → hibou_grand-duc_0054.jpg
2026-05-18 20:53:37,341 | INFO     |   ✓ 54/100: hibou_grand-duc_0054.jpg
2026-05-18 20:53:37,341 | INFO     |   [55/120] → hibou_grand-duc_0055.jpg
2026-05-18 20:53:40,360 | INFO     |   ✓ 55/100: hibou_grand-duc_0055.jpg
2026-05-18 20:53:40,360 | INFO     |   [56/120] → hibou_grand-duc_0056.jpg
2026-05-18 20:53:43,189 | INFO     |   ✓ 56/100: hibou_grand-duc_0056.jpg
2026-05-18 20:53:43,189 | INFO     |   [57/120] → hibou_grand-duc_0057.jpg
2026-05-18 20:53:46,609 | INFO     |   ✓ 57/100: hibou_grand-duc_0057.jpg
2026-05-18 20:53:46,610 | INFO     |   [58/120] → hibou_grand-duc_0058.jpg
2026-05-18 20:53:49,574 | INFO     |   ✓ 58/100: hibou_grand-duc_0058.jpg
2026-05-18 20:53:49,574 | INFO     |   [59/120] → hibou_grand-duc_0059.jpg
2026-05-18 20:53:52,861 | INFO     |   ✓ 59/100: hibou_grand-duc_0059.jpg
2026-05-18 20:53:52,861 | INFO     |   [60/120] → hibou_grand-duc_0060.jpg
2026-05-18 20:53:56,116 | INFO     |   ✓ 60/100: hibou_grand-duc_0060.jpg
2026-05-18 20:53:56,116 | INFO     |   [61/120] → hibou_grand-duc_0061.jpg
2026-05-18 20:53:58,720 | INFO     |   ✓ 61/100: hibou_grand-duc_0061.jpg
2026-05-18 20:53:58,720 | INFO     |   [62/120] → hibou_grand-duc_0062.jpg
2026-05-18 20:54:01,902 | INFO     |   ✓ 62/100: hibou_grand-duc_0062.jpg
2026-05-18 20:54:01,902 | INFO     |   [63/120] → hibou_grand-duc_0063.jpg
2026-05-18 20:54:05,924 | INFO     |   ✓ 63/100: hibou_grand-duc_0063.jpg
2026-05-18 20:54:05,924 | INFO     |   [64/120] → hibou_grand-duc_0064.jpg
2026-05-18 20:54:08,791 | INFO     |   ✓ 64/100: hibou_grand-duc_0064.jpg
2026-05-18 20:54:08,791 | INFO     |   [65/120] → hibou_grand-duc_0065.jpg
2026-05-18 20:54:11,988 | INFO     |   ✓ 65/100: hibou_grand-duc_0065.jpg
2026-05-18 20:54:11,988 | INFO     |   [66/120] → hibou_grand-duc_0066.jpg
2026-05-18 20:54:14,904 | INFO     |   ✓ 66/100: hibou_grand-duc_0066.jpg
2026-05-18 20:54:14,904 | INFO     |   [67/120] → hibou_grand-duc_0067.jpg
2026-05-18 20:54:18,092 | INFO     |   ✓ 67/100: hibou_grand-duc_0067.jpg
2026-05-18 20:54:18,092 | INFO     |   [68/120] → hibou_grand-duc_0068.jpg
2026-05-18 20:54:21,483 | INFO     |   ✓ 68/100: hibou_grand-duc_0068.jpg
2026-05-18 20:54:21,483 | INFO     |   [69/120] → hibou_grand-duc_0069.jpg
2026-05-18 20:54:24,167 | INFO     |   ✓ 69/100: hibou_grand-duc_0069.jpg
2026-05-18 20:54:24,167 | INFO     |   [70/120] → hibou_grand-duc_0070.jpg
2026-05-18 20:54:28,653 | INFO     |   ✓ 70/100: hibou_grand-duc_0070.jpg
2026-05-18 20:54:28,653 | INFO     |   [71/120] → hibou_grand-duc_0071.jpg
2026-05-18 20:54:32,669 | INFO     |   ✓ 71/100: hibou_grand-duc_0071.jpg
2026-05-18 20:54:32,669 | INFO     |   [72/120] → hibou_grand-duc_0072.jpg
2026-05-18 20:54:40,523 | INFO     |   ✓ 72/100: hibou_grand-duc_0072.jpg
2026-05-18 20:54:40,524 | INFO     |   [73/120] → hibou_grand-duc_0073.jpeg
2026-05-18 20:54:43,112 | INFO     |   ✓ 73/100: hibou_grand-duc_0073.jpeg
2026-05-18 20:54:43,112 | INFO     |   [74/120] → hibou_grand-duc_0074.jpg
2026-05-18 20:54:45,845 | INFO     |   ✓ 74/100: hibou_grand-duc_0074.jpg
2026-05-18 20:54:45,845 | INFO     |   [75/120] → hibou_grand-duc_0075.jpg
2026-05-18 20:54:47,854 | INFO     |   ✓ 75/100: hibou_grand-duc_0075.jpg
2026-05-18 20:54:47,854 | INFO     |   [76/120] → hibou_grand-duc_0076.jpg
2026-05-18 20:54:49,672 | INFO     |   ✓ 76/100: hibou_grand-duc_0076.jpg
2026-05-18 20:54:49,673 | INFO     |   [77/120] → hibou_grand-duc_0077.jpg
2026-05-18 20:54:52,102 | INFO     |   ✓ 77/100: hibou_grand-duc_0077.jpg
2026-05-18 20:54:52,102 | INFO     |   [78/120] → hibou_grand-duc_0078.jpg
2026-05-18 20:54:54,872 | INFO     |   ✓ 78/100: hibou_grand-duc_0078.jpg
2026-05-18 20:54:54,872 | INFO     |   [79/120] → hibou_grand-duc_0079.jpg
2026-05-18 20:54:57,362 | INFO     |   ✓ 79/100: hibou_grand-duc_0079.jpg
2026-05-18 20:54:57,362 | INFO     |   [80/120] → hibou_grand-duc_0080.jpg
2026-05-18 20:55:00,700 | INFO     |   ✓ 80/100: hibou_grand-duc_0080.jpg
2026-05-18 20:55:00,700 | INFO     |   [81/120] → hibou_grand-duc_0081.jpg
2026-05-18 20:55:05,675 | INFO     |   ✓ 81/100: hibou_grand-duc_0081.jpg
2026-05-18 20:55:05,676 | INFO     |   [82/120] → hibou_grand-duc_0082.jpg
2026-05-18 20:55:08,263 | INFO     |   ✓ 82/100: hibou_grand-duc_0082.jpg
2026-05-18 20:55:08,263 | INFO     |   [83/120] → hibou_grand-duc_0083.jpg
2026-05-18 20:55:11,753 | INFO     |   ✓ 83/100: hibou_grand-duc_0083.jpg
2026-05-18 20:55:11,754 | INFO     |   [84/120] → hibou_grand-duc_0084.jpg
2026-05-18 20:55:15,126 | INFO     |   ✓ 84/100: hibou_grand-duc_0084.jpg
2026-05-18 20:55:15,127 | INFO     |   [85/120] → hibou_grand-duc_0085.jpg
2026-05-18 20:55:17,855 | INFO     |   ✓ 85/100: hibou_grand-duc_0085.jpg
2026-05-18 20:55:17,855 | INFO     |   [86/120] → hibou_grand-duc_0086.jpg
2026-05-18 20:55:20,038 | INFO     |   ✓ 86/100: hibou_grand-duc_0086.jpg
2026-05-18 20:55:20,038 | INFO     |   [87/120] → hibou_grand-duc_0087.jpg
2026-05-18 20:55:23,042 | INFO     |   ✓ 87/100: hibou_grand-duc_0087.jpg
2026-05-18 20:55:23,042 | INFO     |   [88/120] → hibou_grand-duc_0088.jpg
2026-05-18 20:55:25,140 | INFO     |   ✓ 88/100: hibou_grand-duc_0088.jpg
2026-05-18 20:55:25,140 | INFO     |   [89/120] → hibou_grand-duc_0089.jpg
2026-05-18 20:55:28,294 | INFO     |   ✓ 89/100: hibou_grand-duc_0089.jpg
2026-05-18 20:55:28,294 | INFO     |   [90/120] → hibou_grand-duc_0090.jpg
2026-05-18 20:55:30,256 | INFO     |   ✓ 90/100: hibou_grand-duc_0090.jpg
2026-05-18 20:55:30,256 | INFO     |   [91/120] → hibou_grand-duc_0091.jpg
2026-05-18 20:55:32,795 | INFO     |   ✓ 91/100: hibou_grand-duc_0091.jpg
2026-05-18 20:55:32,795 | INFO     |   [92/120] → hibou_grand-duc_0092.jpg
2026-05-18 20:55:34,941 | INFO     |   ✓ 92/100: hibou_grand-duc_0092.jpg
2026-05-18 20:55:34,942 | INFO     |   [93/120] → hibou_grand-duc_0093.jpg
2026-05-18 20:55:37,087 | INFO     |   ✓ 93/100: hibou_grand-duc_0093.jpg
2026-05-18 20:55:37,087 | INFO     |   [94/120] → hibou_grand-duc_0094.jpg
2026-05-18 20:55:39,173 | INFO     |   ✓ 94/100: hibou_grand-duc_0094.jpg
2026-05-18 20:55:39,173 | INFO     |   [95/120] → hibou_grand-duc_0095.jpg
2026-05-18 20:55:42,283 | INFO     |   ✓ 95/100: hibou_grand-duc_0095.jpg
2026-05-18 20:55:42,284 | INFO     |   [96/120] → hibou_grand-duc_0096.jpg
2026-05-18 20:55:44,332 | INFO     |   ✓ 96/100: hibou_grand-duc_0096.jpg
2026-05-18 20:55:44,333 | INFO     |   [97/120] → hibou_grand-duc_0097.jpg
2026-05-18 20:55:47,141 | INFO     |   ✓ 97/100: hibou_grand-duc_0097.jpg
2026-05-18 20:55:47,142 | INFO     |   [98/120] → hibou_grand-duc_0098.jpg
2026-05-18 20:55:50,011 | INFO     |   ✓ 98/100: hibou_grand-duc_0098.jpg
2026-05-18 20:55:50,011 | INFO     |   [99/120] → hibou_grand-duc_0099.jpg
2026-05-18 20:55:52,163 | INFO     |   ✓ 99/100: hibou_grand-duc_0099.jpg
2026-05-18 20:55:52,163 | INFO     |   [100/120] → hibou_grand-duc_0100.jpg
2026-05-18 20:55:55,131 | INFO     |   ✓ 100/100: hibou_grand-duc_0100.jpg
2026-05-18 20:55:55,131 | INFO     | 
  Summary 'Hibou grand-duc': 100 downloaded, 0 failed.
2026-05-18 20:55:55,132 | INFO     | 
════════════════════════════════════════════════════════════
2026-05-18 20:55:55,132 | INFO     | Species : Flamant rose  →  'Greater flamingo bird'
2026-05-18 20:55:55,133 | INFO     | Folder  : ..\data\raw\flamant_rose
2026-05-18 20:55:55,133 | INFO     | ════════════════════════════════════════════════════════════
2026-05-18 20:55:55,133 | INFO     |   Collecting from iNaturalist…
2026-05-18 20:56:01,229 | INFO     |   iNaturalist page 1: 100 observations
2026-05-18 20:56:01,237 | INFO     |   Total unique URLs: 100
2026-05-18 20:56:01,237 | INFO     |   [1/100] → flamant_rose_0001.jpg
2026-05-18 20:56:04,663 | INFO     |   ✓ 1/100: flamant_rose_0001.jpg
2026-05-18 20:56:04,664 | INFO     |   [2/100] → flamant_rose_0002.jpg
2026-05-18 20:56:07,127 | INFO     |   ✓ 2/100: flamant_rose_0002.jpg
2026-05-18 20:56:07,127 | INFO     |   [3/100] → flamant_rose_0003.jpg
2026-05-18 20:56:10,511 | INFO     |   ✓ 3/100: flamant_rose_0003.jpg
2026-05-18 20:56:10,511 | INFO     |   [4/100] → flamant_rose_0004.jpg
2026-05-18 20:56:13,350 | INFO     |   ✓ 4/100: flamant_rose_0004.jpg
2026-05-18 20:56:13,351 | INFO     |   [5/100] → flamant_rose_0005.jpg
2026-05-18 20:56:16,187 | INFO     |   ✓ 5/100: flamant_rose_0005.jpg
2026-05-18 20:56:16,188 | INFO     |   [6/100] → flamant_rose_0006.jpg
2026-05-18 20:56:18,403 | INFO     |   ✓ 6/100: flamant_rose_0006.jpg
2026-05-18 20:56:18,403 | INFO     |   [7/100] → flamant_rose_0007.jpg
2026-05-18 20:56:21,287 | INFO     |   ✓ 7/100: flamant_rose_0007.jpg
2026-05-18 20:56:21,287 | INFO     |   [8/100] → flamant_rose_0008.jpg
2026-05-18 20:56:23,620 | INFO     |   ✓ 8/100: flamant_rose_0008.jpg
2026-05-18 20:56:23,620 | INFO     |   [9/100] → flamant_rose_0009.jpg
2026-05-18 20:56:26,087 | INFO     |   ✓ 9/100: flamant_rose_0009.jpg
2026-05-18 20:56:26,087 | INFO     |   [10/100] → flamant_rose_0010.jpg
2026-05-18 20:56:29,052 | INFO     |   ✓ 10/100: flamant_rose_0010.jpg
2026-05-18 20:56:29,052 | INFO     |   [11/100] → flamant_rose_0011.jpg
2026-05-18 20:56:32,999 | INFO     |   ✓ 11/100: flamant_rose_0011.jpg
2026-05-18 20:56:33,000 | INFO     |   [12/100] → flamant_rose_0012.jpg
2026-05-18 20:56:35,894 | INFO     |   ✓ 12/100: flamant_rose_0012.jpg
2026-05-18 20:56:35,894 | INFO     |   [13/100] → flamant_rose_0013.jpg
2026-05-18 20:56:41,381 | INFO     |   ✓ 13/100: flamant_rose_0013.jpg
2026-05-18 20:56:41,381 | INFO     |   [14/100] → flamant_rose_0014.jpg
2026-05-18 20:56:44,791 | INFO     |   ✓ 14/100: flamant_rose_0014.jpg
2026-05-18 20:56:44,791 | INFO     |   [15/100] → flamant_rose_0015.jpg
2026-05-18 20:56:47,556 | INFO     |   ✓ 15/100: flamant_rose_0015.jpg
2026-05-18 20:56:47,556 | INFO     |   [16/100] → flamant_rose_0016.jpg
2026-05-18 20:56:51,053 | INFO     |   ✓ 16/100: flamant_rose_0016.jpg
2026-05-18 20:56:51,054 | INFO     |   [17/100] → flamant_rose_0017.jpg
2026-05-18 20:56:54,246 | INFO     |   ✓ 17/100: flamant_rose_0017.jpg
2026-05-18 20:56:54,246 | INFO     |   [18/100] → flamant_rose_0018.jpg
2026-05-18 20:56:57,993 | INFO     |   ✓ 18/100: flamant_rose_0018.jpg
2026-05-18 20:56:57,993 | INFO     |   [19/100] → flamant_rose_0019.jpg
2026-05-18 20:57:01,133 | INFO     |   ✓ 19/100: flamant_rose_0019.jpg
2026-05-18 20:57:01,134 | INFO     |   [20/100] → flamant_rose_0020.jpg
2026-05-18 20:57:05,173 | INFO     |   ✓ 20/100: flamant_rose_0020.jpg
2026-05-18 20:57:05,173 | INFO     |   [21/100] → flamant_rose_0021.jpg
2026-05-18 20:57:08,735 | INFO     |   ✓ 21/100: flamant_rose_0021.jpg
2026-05-18 20:57:08,735 | INFO     |   [22/100] → flamant_rose_0022.jpg
2026-05-18 20:57:12,102 | INFO     |   ✓ 22/100: flamant_rose_0022.jpg
2026-05-18 20:57:12,102 | INFO     |   [23/100] → flamant_rose_0023.jpg
2026-05-18 20:57:15,227 | INFO     |   ✓ 23/100: flamant_rose_0023.jpg
2026-05-18 20:57:15,227 | INFO     |   [24/100] → flamant_rose_0024.jpg
2026-05-18 20:57:18,238 | INFO     |   ✓ 24/100: flamant_rose_0024.jpg
2026-05-18 20:57:18,238 | INFO     |   [25/100] → flamant_rose_0025.jpg
2026-05-18 20:57:21,067 | INFO     |   ✓ 25/100: flamant_rose_0025.jpg
2026-05-18 20:57:21,067 | INFO     |   [26/100] → flamant_rose_0026.jpg
2026-05-18 20:57:24,822 | INFO     |   ✓ 26/100: flamant_rose_0026.jpg
2026-05-18 20:57:24,822 | INFO     |   [27/100] → flamant_rose_0027.jpg
2026-05-18 20:57:27,711 | INFO     |   ✓ 27/100: flamant_rose_0027.jpg
2026-05-18 20:57:27,712 | INFO     |   [28/100] → flamant_rose_0028.jpg
2026-05-18 20:57:31,448 | INFO     |   ✓ 28/100: flamant_rose_0028.jpg
2026-05-18 20:57:31,448 | INFO     |   [29/100] → flamant_rose_0029.jpg
2026-05-18 20:57:34,494 | INFO     |   ✓ 29/100: flamant_rose_0029.jpg
2026-05-18 20:57:34,494 | INFO     |   [30/100] → flamant_rose_0030.jpg
2026-05-18 20:57:38,590 | INFO     |   ✓ 30/100: flamant_rose_0030.jpg
2026-05-18 20:57:38,591 | INFO     |   [31/100] → flamant_rose_0031.jpg
2026-05-18 20:57:42,666 | INFO     |   ✓ 31/100: flamant_rose_0031.jpg
2026-05-18 20:57:42,667 | INFO     |   [32/100] → flamant_rose_0032.jpg
2026-05-18 20:57:46,172 | INFO     |   ✓ 32/100: flamant_rose_0032.jpg
2026-05-18 20:57:46,172 | INFO     |   [33/100] → flamant_rose_0033.jpg
2026-05-18 20:57:49,794 | INFO     |   ✓ 33/100: flamant_rose_0033.jpg
2026-05-18 20:57:49,794 | INFO     |   [34/100] → flamant_rose_0034.jpg
2026-05-18 20:57:52,737 | INFO     |   ✓ 34/100: flamant_rose_0034.jpg
2026-05-18 20:57:52,737 | INFO     |   [35/100] → flamant_rose_0035.jpg
2026-05-18 20:57:56,347 | INFO     |   ✓ 35/100: flamant_rose_0035.jpg
2026-05-18 20:57:56,347 | INFO     |   [36/100] → flamant_rose_0036.jpg
2026-05-18 20:57:59,944 | INFO     |   ✓ 36/100: flamant_rose_0036.jpg
2026-05-18 20:57:59,944 | INFO     |   [37/100] → flamant_rose_0037.jpg
2026-05-18 20:58:03,778 | INFO     |   ✓ 37/100: flamant_rose_0037.jpg
2026-05-18 20:58:03,778 | INFO     |   [38/100] → flamant_rose_0038.jpg
2026-05-18 20:58:07,345 | INFO     |   ✓ 38/100: flamant_rose_0038.jpg
2026-05-18 20:58:07,345 | INFO     |   [39/100] → flamant_rose_0039.jpg
2026-05-18 20:58:11,054 | INFO     |   ✓ 39/100: flamant_rose_0039.jpg
2026-05-18 20:58:11,055 | INFO     |   [40/100] → flamant_rose_0040.jpg
2026-05-18 20:58:14,635 | INFO     |   ✓ 40/100: flamant_rose_0040.jpg
2026-05-18 20:58:14,635 | INFO     |   [41/100] → flamant_rose_0041.jpg
2026-05-18 20:58:18,370 | INFO     |   ✓ 41/100: flamant_rose_0041.jpg
2026-05-18 20:58:18,370 | INFO     |   [42/100] → flamant_rose_0042.jpg
2026-05-18 20:58:22,310 | INFO     |   ✓ 42/100: flamant_rose_0042.jpg
2026-05-18 20:58:22,310 | INFO     |   [43/100] → flamant_rose_0043.jpg
2026-05-18 20:58:25,906 | INFO     |   ✓ 43/100: flamant_rose_0043.jpg
2026-05-18 20:58:25,906 | INFO     |   [44/100] → flamant_rose_0044.jpg
2026-05-18 20:58:28,864 | INFO     |   ✓ 44/100: flamant_rose_0044.jpg
2026-05-18 20:58:28,865 | INFO     |   [45/100] → flamant_rose_0045.jpg
2026-05-18 20:58:32,916 | INFO     |   ✓ 45/100: flamant_rose_0045.jpg
2026-05-18 20:58:32,916 | INFO     |   [46/100] → flamant_rose_0046.jpg
2026-05-18 20:58:36,508 | INFO     |   ✓ 46/100: flamant_rose_0046.jpg
2026-05-18 20:58:36,508 | INFO     |   [47/100] → flamant_rose_0047.jpg
2026-05-18 20:58:40,331 | INFO     |   ✓ 47/100: flamant_rose_0047.jpg
2026-05-18 20:58:40,332 | INFO     |   [48/100] → flamant_rose_0048.jpg
2026-05-18 20:58:44,304 | INFO     |   ✓ 48/100: flamant_rose_0048.jpg
2026-05-18 20:58:44,304 | INFO     |   [49/100] → flamant_rose_0049.jpg
2026-05-18 20:58:47,956 | INFO     |   ✓ 49/100: flamant_rose_0049.jpg
2026-05-18 20:58:47,957 | INFO     |   [50/100] → flamant_rose_0050.jpg
2026-05-18 20:58:51,099 | INFO     |   ✓ 50/100: flamant_rose_0050.jpg
2026-05-18 20:58:51,099 | INFO     |   [51/100] → flamant_rose_0051.jpg
2026-05-18 20:58:54,283 | INFO     |   ✓ 51/100: flamant_rose_0051.jpg
2026-05-18 20:58:54,283 | INFO     |   [52/100] → flamant_rose_0052.jpg
2026-05-18 20:58:58,214 | INFO     |   ✓ 52/100: flamant_rose_0052.jpg
2026-05-18 20:58:58,214 | INFO     |   [53/100] → flamant_rose_0053.jpg
2026-05-18 20:59:01,980 | INFO     |   ✓ 53/100: flamant_rose_0053.jpg
2026-05-18 20:59:01,980 | INFO     |   [54/100] → flamant_rose_0054.jpg
2026-05-18 20:59:06,736 | INFO     |   ✓ 54/100: flamant_rose_0054.jpg
2026-05-18 20:59:06,736 | INFO     |   [55/100] → flamant_rose_0055.jpg
2026-05-18 20:59:09,824 | INFO     |   ✓ 55/100: flamant_rose_0055.jpg
2026-05-18 20:59:09,824 | INFO     |   [56/100] → flamant_rose_0056.jpg
2026-05-18 20:59:13,615 | INFO     |   ✓ 56/100: flamant_rose_0056.jpg
2026-05-18 20:59:13,615 | INFO     |   [57/100] → flamant_rose_0057.jpg
2026-05-18 20:59:16,507 | INFO     |   ✓ 57/100: flamant_rose_0057.jpg
2026-05-18 20:59:16,508 | INFO     |   [58/100] → flamant_rose_0058.jpg
2026-05-18 20:59:20,943 | INFO     |   ✓ 58/100: flamant_rose_0058.jpg
2026-05-18 20:59:20,944 | INFO     |   [59/100] → flamant_rose_0059.jpg
2026-05-18 20:59:25,004 | INFO     |   ✓ 59/100: flamant_rose_0059.jpg
2026-05-18 20:59:25,005 | INFO     |   [60/100] → flamant_rose_0060.jpg
2026-05-18 20:59:28,903 | INFO     |   ✓ 60/100: flamant_rose_0060.jpg
2026-05-18 20:59:28,904 | INFO     |   [61/100] → flamant_rose_0061.jpg
2026-05-18 20:59:31,894 | INFO     |   ✓ 61/100: flamant_rose_0061.jpg
2026-05-18 20:59:31,894 | INFO     |   [62/100] → flamant_rose_0062.jpg
2026-05-18 20:59:35,087 | INFO     |   ✓ 62/100: flamant_rose_0062.jpg
2026-05-18 20:59:35,088 | INFO     |   [63/100] → flamant_rose_0063.jpg
2026-05-18 20:59:38,293 | INFO     |   ✓ 63/100: flamant_rose_0063.jpg
2026-05-18 20:59:38,293 | INFO     |   [64/100] → flamant_rose_0064.jpg
2026-05-18 20:59:42,389 | INFO     |   ✓ 64/100: flamant_rose_0064.jpg
2026-05-18 20:59:42,389 | INFO     |   [65/100] → flamant_rose_0065.jpg
2026-05-18 20:59:46,485 | INFO     |   ✓ 65/100: flamant_rose_0065.jpg
2026-05-18 20:59:46,485 | INFO     |   [66/100] → flamant_rose_0066.jpg
2026-05-18 20:59:49,799 | INFO     |   ✓ 66/100: flamant_rose_0066.jpg
2026-05-18 20:59:49,799 | INFO     |   [67/100] → flamant_rose_0067.jpg
2026-05-18 20:59:53,399 | INFO     |   ✓ 67/100: flamant_rose_0067.jpg
2026-05-18 20:59:53,400 | INFO     |   [68/100] → flamant_rose_0068.jpg
2026-05-18 20:59:56,391 | INFO     |   ✓ 68/100: flamant_rose_0068.jpg
2026-05-18 20:59:56,391 | INFO     |   [69/100] → flamant_rose_0069.jpg
2026-05-18 21:00:00,365 | INFO     |   ✓ 69/100: flamant_rose_0069.jpg
2026-05-18 21:00:00,365 | INFO     |   [70/100] → flamant_rose_0070.jpg
2026-05-18 21:00:03,299 | INFO     |   ✓ 70/100: flamant_rose_0070.jpg
2026-05-18 21:00:03,299 | INFO     |   [71/100] → flamant_rose_0071.jpg
2026-05-18 21:00:06,352 | INFO     |   ✓ 71/100: flamant_rose_0071.jpg
2026-05-18 21:00:06,352 | INFO     |   [72/100] → flamant_rose_0072.jpg
2026-05-18 21:00:09,861 | INFO     |   ✓ 72/100: flamant_rose_0072.jpg
2026-05-18 21:00:09,861 | INFO     |   [73/100] → flamant_rose_0073.jpg
2026-05-18 21:00:13,008 | INFO     |   ✓ 73/100: flamant_rose_0073.jpg
2026-05-18 21:00:13,008 | INFO     |   [74/100] → flamant_rose_0074.jpg
2026-05-18 21:00:16,510 | INFO     |   ✓ 74/100: flamant_rose_0074.jpg
2026-05-18 21:00:16,510 | INFO     |   [75/100] → flamant_rose_0075.jpg
2026-05-18 21:00:19,097 | INFO     |   ✓ 75/100: flamant_rose_0075.jpg
2026-05-18 21:00:19,097 | INFO     |   [76/100] → flamant_rose_0076.jpeg
2026-05-18 21:00:22,253 | INFO     |   ✓ 76/100: flamant_rose_0076.jpeg
2026-05-18 21:00:22,253 | INFO     |   [77/100] → flamant_rose_0077.jpeg
2026-05-18 21:00:25,053 | INFO     |   ✓ 77/100: flamant_rose_0077.jpeg
2026-05-18 21:00:25,054 | INFO     |   [78/100] → flamant_rose_0078.jpeg
2026-05-18 21:00:28,315 | INFO     |   ✓ 78/100: flamant_rose_0078.jpeg
2026-05-18 21:00:28,315 | INFO     |   [79/100] → flamant_rose_0079.jpeg
2026-05-18 21:00:31,009 | INFO     |   ✓ 79/100: flamant_rose_0079.jpeg
2026-05-18 21:00:31,010 | INFO     |   [80/100] → flamant_rose_0080.jpeg
2026-05-18 21:00:34,669 | INFO     |   ✓ 80/100: flamant_rose_0080.jpeg
2026-05-18 21:00:34,669 | INFO     |   [81/100] → flamant_rose_0081.jpeg
2026-05-18 21:00:38,378 | INFO     |   ✓ 81/100: flamant_rose_0081.jpeg
2026-05-18 21:00:38,379 | INFO     |   [82/100] → flamant_rose_0082.jpeg
2026-05-18 21:00:42,131 | INFO     |   ✓ 82/100: flamant_rose_0082.jpeg
2026-05-18 21:00:42,131 | INFO     |   [83/100] → flamant_rose_0083.jpeg
2026-05-18 21:00:44,941 | INFO     |   ✓ 83/100: flamant_rose_0083.jpeg
2026-05-18 21:00:44,942 | INFO     |   [84/100] → flamant_rose_0084.jpeg
2026-05-18 21:00:48,825 | INFO     |   ✓ 84/100: flamant_rose_0084.jpeg
2026-05-18 21:00:48,825 | INFO     |   [85/100] → flamant_rose_0085.jpg
2026-05-18 21:00:51,527 | INFO     |   ✓ 85/100: flamant_rose_0085.jpg
2026-05-18 21:00:51,527 | INFO     |   [86/100] → flamant_rose_0086.jpg
2026-05-18 21:00:54,391 | INFO     |   ✓ 86/100: flamant_rose_0086.jpg
2026-05-18 21:00:54,391 | INFO     |   [87/100] → flamant_rose_0087.jpg
2026-05-18 21:00:57,404 | INFO     |   ✓ 87/100: flamant_rose_0087.jpg
2026-05-18 21:00:57,404 | INFO     |   [88/100] → flamant_rose_0088.jpg
2026-05-18 21:01:01,174 | INFO     |   ✓ 88/100: flamant_rose_0088.jpg
2026-05-18 21:01:01,174 | INFO     |   [89/100] → flamant_rose_0089.jpg
2026-05-18 21:01:04,707 | INFO     |   ✓ 89/100: flamant_rose_0089.jpg
2026-05-18 21:01:04,707 | INFO     |   [90/100] → flamant_rose_0090.jpg
2026-05-18 21:01:07,938 | INFO     |   ✓ 90/100: flamant_rose_0090.jpg
2026-05-18 21:01:07,938 | INFO     |   [91/100] → flamant_rose_0091.jpg
2026-05-18 21:01:11,647 | INFO     |   ✓ 91/100: flamant_rose_0091.jpg
2026-05-18 21:01:11,648 | INFO     |   [92/100] → flamant_rose_0092.jpg
2026-05-18 21:01:14,369 | INFO     |   ✓ 92/100: flamant_rose_0092.jpg
2026-05-18 21:01:14,369 | INFO     |   [93/100] → flamant_rose_0093.jpeg
2026-05-18 21:01:17,529 | INFO     |   ✓ 93/100: flamant_rose_0093.jpeg
2026-05-18 21:01:17,529 | INFO     |   [94/100] → flamant_rose_0094.jpeg
2026-05-18 21:01:20,581 | INFO     |   ✓ 94/100: flamant_rose_0094.jpeg
2026-05-18 21:01:20,581 | INFO     |   [95/100] → flamant_rose_0095.jpeg
2026-05-18 21:01:22,983 | INFO     |   ✓ 95/100: flamant_rose_0095.jpeg
2026-05-18 21:01:22,984 | INFO     |   [96/100] → flamant_rose_0096.jpeg
2026-05-18 21:01:26,380 | INFO     |   ✓ 96/100: flamant_rose_0096.jpeg
2026-05-18 21:01:26,381 | INFO     |   [97/100] → flamant_rose_0097.jpeg
2026-05-18 21:01:29,056 | INFO     |   ✓ 97/100: flamant_rose_0097.jpeg
2026-05-18 21:01:29,057 | INFO     |   [98/100] → flamant_rose_0098.jpeg
2026-05-18 21:01:31,399 | INFO     |   ✓ 98/100: flamant_rose_0098.jpeg
2026-05-18 21:01:31,399 | INFO     |   [99/100] → flamant_rose_0099.jpeg
2026-05-18 21:01:34,484 | INFO     |   ✓ 99/100: flamant_rose_0099.jpeg
2026-05-18 21:01:34,484 | INFO     |   [100/100] → flamant_rose_0100.jpg
2026-05-18 21:01:36,972 | INFO     |   ✓ 100/100: flamant_rose_0100.jpg
2026-05-18 21:01:36,972 | INFO     | 
  Summary 'Flamant rose': 100 downloaded, 0 failed.
2026-05-18 21:01:36,975 | INFO     | 
════════════════════════════════════════════════════════════
2026-05-18 21:01:36,976 | INFO     | Species : Martin-pêcheur  →  'Common kingfisher bird'
2026-05-18 21:01:36,976 | INFO     | Folder  : ..\data\raw\martin-pecheur
2026-05-18 21:01:36,976 | INFO     | ════════════════════════════════════════════════════════════
2026-05-18 21:01:36,976 | INFO     |   Collecting from iNaturalist…
2026-05-18 21:01:42,367 | INFO     |   iNaturalist page 1: 100 observations
2026-05-18 21:01:42,378 | INFO     |   Total unique URLs: 100
2026-05-18 21:01:42,378 | INFO     |   [1/100] → martin-pecheur_0001.jpg
2026-05-18 21:01:45,390 | INFO     |   ✓ 1/100: martin-pecheur_0001.jpg
2026-05-18 21:01:45,391 | INFO     |   [2/100] → martin-pecheur_0002.jpg
2026-05-18 21:01:48,074 | INFO     |   ✓ 2/100: martin-pecheur_0002.jpg
2026-05-18 21:01:48,074 | INFO     |   [3/100] → martin-pecheur_0003.jpg
2026-05-18 21:01:50,609 | INFO     |   ✓ 3/100: martin-pecheur_0003.jpg
2026-05-18 21:01:50,610 | INFO     |   [4/100] → martin-pecheur_0004.jpg
2026-05-18 21:01:54,077 | INFO     |   ✓ 4/100: martin-pecheur_0004.jpg
2026-05-18 21:01:54,078 | INFO     |   [5/100] → martin-pecheur_0005.jpg
2026-05-18 21:01:56,689 | INFO     |   ✓ 5/100: martin-pecheur_0005.jpg
2026-05-18 21:01:56,689 | INFO     |   [6/100] → martin-pecheur_0006.jpg
2026-05-18 21:01:59,354 | INFO     |   ✓ 6/100: martin-pecheur_0006.jpg
2026-05-18 21:01:59,354 | INFO     |   [7/100] → martin-pecheur_0007.jpg
2026-05-18 21:02:02,673 | INFO     |   ✓ 7/100: martin-pecheur_0007.jpg
2026-05-18 21:02:02,674 | INFO     |   [8/100] → martin-pecheur_0008.jpg
2026-05-18 21:02:06,073 | INFO     |   ✓ 8/100: martin-pecheur_0008.jpg
2026-05-18 21:02:06,073 | INFO     |   [9/100] → martin-pecheur_0009.jpg
2026-05-18 21:02:09,116 | INFO     |   ✓ 9/100: martin-pecheur_0009.jpg
2026-05-18 21:02:09,116 | INFO     |   [10/100] → martin-pecheur_0010.jpg
2026-05-18 21:02:12,278 | INFO     |   ✓ 10/100: martin-pecheur_0010.jpg
2026-05-18 21:02:12,278 | INFO     |   [11/100] → martin-pecheur_0011.jpg
2026-05-18 21:02:16,290 | INFO     |   ✓ 11/100: martin-pecheur_0011.jpg
2026-05-18 21:02:16,291 | INFO     |   [12/100] → martin-pecheur_0012.jpg
2026-05-18 21:02:20,432 | INFO     |   ✓ 12/100: martin-pecheur_0012.jpg
2026-05-18 21:02:20,433 | INFO     |   [13/100] → martin-pecheur_0013.jpg
2026-05-18 21:02:24,472 | INFO     |   ✓ 13/100: martin-pecheur_0013.jpg
2026-05-18 21:02:24,472 | INFO     |   [14/100] → martin-pecheur_0014.jpg
2026-05-18 21:02:28,932 | INFO     |   ✓ 14/100: martin-pecheur_0014.jpg
2026-05-18 21:02:28,932 | INFO     |   [15/100] → martin-pecheur_0015.jpg
2026-05-18 21:02:31,844 | INFO     |   ✓ 15/100: martin-pecheur_0015.jpg
2026-05-18 21:02:31,844 | INFO     |   [16/100] → martin-pecheur_0016.jpg
2026-05-18 21:02:35,892 | INFO     |   ✓ 16/100: martin-pecheur_0016.jpg
2026-05-18 21:02:35,892 | INFO     |   [17/100] → martin-pecheur_0017.jpg
2026-05-18 21:02:44,101 | INFO     |   ✓ 17/100: martin-pecheur_0017.jpg
2026-05-18 21:02:44,102 | INFO     |   [18/100] → martin-pecheur_0018.jpg
2026-05-18 21:02:48,081 | INFO     |   ✓ 18/100: martin-pecheur_0018.jpg
2026-05-18 21:02:48,081 | INFO     |   [19/100] → martin-pecheur_0019.jpg
2026-05-18 21:02:52,179 | INFO     |   ✓ 19/100: martin-pecheur_0019.jpg
2026-05-18 21:02:52,179 | INFO     |   [20/100] → martin-pecheur_0020.jpg
2026-05-18 21:02:54,570 | INFO     |   ✓ 20/100: martin-pecheur_0020.jpg
2026-05-18 21:02:54,571 | INFO     |   [21/100] → martin-pecheur_0021.jpg
2026-05-18 21:02:57,933 | INFO     |   ✓ 21/100: martin-pecheur_0021.jpg
2026-05-18 21:02:57,934 | INFO     |   [22/100] → martin-pecheur_0022.jpg
2026-05-18 21:03:01,497 | INFO     |   ✓ 22/100: martin-pecheur_0022.jpg
2026-05-18 21:03:01,497 | INFO     |   [23/100] → martin-pecheur_0023.jpg
2026-05-18 21:03:05,625 | INFO     |   ✓ 23/100: martin-pecheur_0023.jpg
2026-05-18 21:03:05,625 | INFO     |   [24/100] → martin-pecheur_0024.jpg
2026-05-18 21:03:07,852 | INFO     |   ✓ 24/100: martin-pecheur_0024.jpg
2026-05-18 21:03:07,852 | INFO     |   [25/100] → martin-pecheur_0025.jpg
2026-05-18 21:03:09,795 | INFO     |   ✓ 25/100: martin-pecheur_0025.jpg
2026-05-18 21:03:09,795 | INFO     |   [26/100] → martin-pecheur_0026.jpg
2026-05-18 21:03:13,308 | INFO     |   ✓ 26/100: martin-pecheur_0026.jpg
2026-05-18 21:03:13,308 | INFO     |   [27/100] → martin-pecheur_0027.jpg
2026-05-18 21:03:16,752 | INFO     |   ✓ 27/100: martin-pecheur_0027.jpg
2026-05-18 21:03:16,752 | INFO     |   [28/100] → martin-pecheur_0028.jpg
2026-05-18 21:03:19,395 | INFO     |   ✓ 28/100: martin-pecheur_0028.jpg
2026-05-18 21:03:19,395 | INFO     |   [29/100] → martin-pecheur_0029.jpg
2026-05-18 21:03:21,579 | INFO     |   ✓ 29/100: martin-pecheur_0029.jpg
2026-05-18 21:03:21,580 | INFO     |   [30/100] → martin-pecheur_0030.jpg
2026-05-18 21:03:24,509 | INFO     |   ✓ 30/100: martin-pecheur_0030.jpg
2026-05-18 21:03:24,509 | INFO     |   [31/100] → martin-pecheur_0031.jpg
2026-05-18 21:03:28,133 | INFO     |   ✓ 31/100: martin-pecheur_0031.jpg
2026-05-18 21:03:28,133 | INFO     |   [32/100] → martin-pecheur_0032.jpg
2026-05-18 21:03:31,594 | INFO     |   ✓ 32/100: martin-pecheur_0032.jpg
2026-05-18 21:03:31,595 | INFO     |   [33/100] → martin-pecheur_0033.jpg
2026-05-18 21:03:33,778 | INFO     |   ✓ 33/100: martin-pecheur_0033.jpg
2026-05-18 21:03:33,778 | INFO     |   [34/100] → martin-pecheur_0034.jpg
2026-05-18 21:03:37,494 | INFO     |   ✓ 34/100: martin-pecheur_0034.jpg
2026-05-18 21:03:37,495 | INFO     |   [35/100] → martin-pecheur_0035.jpg
2026-05-18 21:03:40,336 | INFO     |   ✓ 35/100: martin-pecheur_0035.jpg
2026-05-18 21:03:40,336 | INFO     |   [36/100] → martin-pecheur_0036.jpg
2026-05-18 21:03:43,646 | INFO     |   ✓ 36/100: martin-pecheur_0036.jpg
2026-05-18 21:03:43,646 | INFO     |   [37/100] → martin-pecheur_0037.jpg
2026-05-18 21:03:47,694 | INFO     |   ✓ 37/100: martin-pecheur_0037.jpg
2026-05-18 21:03:47,695 | INFO     |   [38/100] → martin-pecheur_0038.jpg
2026-05-18 21:03:50,891 | INFO     |   ✓ 38/100: martin-pecheur_0038.jpg
2026-05-18 21:03:50,891 | INFO     |   [39/100] → martin-pecheur_0039.jpg
2026-05-18 21:03:53,388 | INFO     |   ✓ 39/100: martin-pecheur_0039.jpg
2026-05-18 21:03:53,389 | INFO     |   [40/100] → martin-pecheur_0040.jpg
2026-05-18 21:03:55,678 | INFO     |   ✓ 40/100: martin-pecheur_0040.jpg
2026-05-18 21:03:55,678 | INFO     |   [41/100] → martin-pecheur_0041.jpg
2026-05-18 21:03:58,481 | INFO     |   ✓ 41/100: martin-pecheur_0041.jpg
2026-05-18 21:03:58,481 | INFO     |   [42/100] → martin-pecheur_0042.jpg
2026-05-18 21:04:02,238 | INFO     |   ✓ 42/100: martin-pecheur_0042.jpg
2026-05-18 21:04:02,239 | INFO     |   [43/100] → martin-pecheur_0043.jpg
2026-05-18 21:04:05,110 | INFO     |   ✓ 43/100: martin-pecheur_0043.jpg
2026-05-18 21:04:05,110 | INFO     |   [44/100] → martin-pecheur_0044.jpg
2026-05-18 21:04:09,128 | INFO     |   ✓ 44/100: martin-pecheur_0044.jpg
2026-05-18 21:04:09,128 | INFO     |   [45/100] → martin-pecheur_0045.jpg
2026-05-18 21:04:12,223 | INFO     |   ✓ 45/100: martin-pecheur_0045.jpg
2026-05-18 21:04:12,223 | INFO     |   [46/100] → martin-pecheur_0046.jpg
2026-05-18 21:04:15,164 | INFO     |   ✓ 46/100: martin-pecheur_0046.jpg
2026-05-18 21:04:15,164 | INFO     |   [47/100] → martin-pecheur_0047.jpg
2026-05-18 21:04:18,075 | INFO     |   ✓ 47/100: martin-pecheur_0047.jpg
2026-05-18 21:04:18,076 | INFO     |   [48/100] → martin-pecheur_0048.jpg
2026-05-18 21:04:21,119 | INFO     |   ✓ 48/100: martin-pecheur_0048.jpg
2026-05-18 21:04:21,119 | INFO     |   [49/100] → martin-pecheur_0049.jpg
2026-05-18 21:04:24,127 | INFO     |   ✓ 49/100: martin-pecheur_0049.jpg
2026-05-18 21:04:24,127 | INFO     |   [50/100] → martin-pecheur_0050.jpg
2026-05-18 21:04:26,453 | INFO     |   ✓ 50/100: martin-pecheur_0050.jpg
2026-05-18 21:04:26,453 | INFO     |   [51/100] → martin-pecheur_0051.jpg
2026-05-18 21:04:28,421 | INFO     |   ✓ 51/100: martin-pecheur_0051.jpg
2026-05-18 21:04:28,421 | INFO     |   [52/100] → martin-pecheur_0052.jpg
2026-05-18 21:04:32,484 | INFO     |   ✓ 52/100: martin-pecheur_0052.jpg
2026-05-18 21:04:32,485 | INFO     |   [53/100] → martin-pecheur_0053.jpg
2026-05-18 21:04:35,875 | INFO     |   ✓ 53/100: martin-pecheur_0053.jpg
2026-05-18 21:04:35,876 | INFO     |   [54/100] → martin-pecheur_0054.jpg
2026-05-18 21:04:39,332 | INFO     |   ✓ 54/100: martin-pecheur_0054.jpg
2026-05-18 21:04:39,332 | INFO     |   [55/100] → martin-pecheur_0055.jpg
2026-05-18 21:04:42,916 | INFO     |   ✓ 55/100: martin-pecheur_0055.jpg
2026-05-18 21:04:42,917 | INFO     |   [56/100] → martin-pecheur_0056.jpg
2026-05-18 21:04:46,224 | INFO     |   ✓ 56/100: martin-pecheur_0056.jpg
2026-05-18 21:04:46,225 | INFO     |   [57/100] → martin-pecheur_0057.jpg
2026-05-18 21:04:49,364 | INFO     |   ✓ 57/100: martin-pecheur_0057.jpg
2026-05-18 21:04:49,364 | INFO     |   [58/100] → martin-pecheur_0058.jpg
2026-05-18 21:04:52,169 | INFO     |   ✓ 58/100: martin-pecheur_0058.jpg
2026-05-18 21:04:52,169 | INFO     |   [59/100] → martin-pecheur_0059.jpg
2026-05-18 21:04:55,298 | INFO     |   ✓ 59/100: martin-pecheur_0059.jpg
2026-05-18 21:04:55,298 | INFO     |   [60/100] → martin-pecheur_0060.jpg
2026-05-18 21:04:58,957 | INFO     |   ✓ 60/100: martin-pecheur_0060.jpg
2026-05-18 21:04:58,958 | INFO     |   [61/100] → martin-pecheur_0061.jpg
2026-05-18 21:05:04,489 | INFO     |   ✓ 61/100: martin-pecheur_0061.jpg
2026-05-18 21:05:04,490 | INFO     |   [62/100] → martin-pecheur_0062.jpg
2026-05-18 21:05:08,772 | INFO     |   ✓ 62/100: martin-pecheur_0062.jpg
2026-05-18 21:05:08,773 | INFO     |   [63/100] → martin-pecheur_0063.jpg
2026-05-18 21:05:13,412 | INFO     |   ✓ 63/100: martin-pecheur_0063.jpg
2026-05-18 21:05:13,412 | INFO     |   [64/100] → martin-pecheur_0064.jpg
2026-05-18 21:05:16,979 | INFO     |   ✓ 64/100: martin-pecheur_0064.jpg
2026-05-18 21:05:16,979 | INFO     |   [65/100] → martin-pecheur_0065.jpg
2026-05-18 21:05:19,202 | INFO     |   ✓ 65/100: martin-pecheur_0065.jpg
2026-05-18 21:05:19,202 | INFO     |   [66/100] → martin-pecheur_0066.jpg
2026-05-18 21:05:21,219 | INFO     |   ✓ 66/100: martin-pecheur_0066.jpg
2026-05-18 21:05:21,220 | INFO     |   [67/100] → martin-pecheur_0067.jpg
2026-05-18 21:05:23,347 | INFO     |   ✓ 67/100: martin-pecheur_0067.jpg
2026-05-18 21:05:23,347 | INFO     |   [68/100] → martin-pecheur_0068.jpg
2026-05-18 21:05:27,308 | INFO     |   ✓ 68/100: martin-pecheur_0068.jpg
2026-05-18 21:05:27,308 | INFO     |   [69/100] → martin-pecheur_0069.jpg
2026-05-18 21:05:29,565 | INFO     |   ✓ 69/100: martin-pecheur_0069.jpg
2026-05-18 21:05:29,565 | INFO     |   [70/100] → martin-pecheur_0070.jpg
2026-05-18 21:05:32,550 | INFO     |   ✓ 70/100: martin-pecheur_0070.jpg
2026-05-18 21:05:32,550 | INFO     |   [71/100] → martin-pecheur_0071.jpg
2026-05-18 21:05:34,910 | INFO     |   ✓ 71/100: martin-pecheur_0071.jpg
2026-05-18 21:05:34,910 | INFO     |   [72/100] → martin-pecheur_0072.jpg
2026-05-18 21:05:38,851 | INFO     |   ✓ 72/100: martin-pecheur_0072.jpg
2026-05-18 21:05:38,852 | INFO     |   [73/100] → martin-pecheur_0073.jpg
2026-05-18 21:05:42,109 | INFO     |   ✓ 73/100: martin-pecheur_0073.jpg
2026-05-18 21:05:42,109 | INFO     |   [74/100] → martin-pecheur_0074.jpg
2026-05-18 21:05:46,334 | INFO     |   ✓ 74/100: martin-pecheur_0074.jpg
2026-05-18 21:05:46,335 | INFO     |   [75/100] → martin-pecheur_0075.jpg
2026-05-18 21:05:51,723 | INFO     |   ✓ 75/100: martin-pecheur_0075.jpg
2026-05-18 21:05:51,724 | INFO     |   [76/100] → martin-pecheur_0076.jpg
2026-05-18 21:05:54,935 | INFO     |   ✓ 76/100: martin-pecheur_0076.jpg
2026-05-18 21:05:54,935 | INFO     |   [77/100] → martin-pecheur_0077.jpg
2026-05-18 21:05:59,744 | INFO     |   ✓ 77/100: martin-pecheur_0077.jpg
2026-05-18 21:05:59,744 | INFO     |   [78/100] → martin-pecheur_0078.jpg
2026-05-18 21:06:03,189 | INFO     |   ✓ 78/100: martin-pecheur_0078.jpg
2026-05-18 21:06:03,189 | INFO     |   [79/100] → martin-pecheur_0079.jpg
2026-05-18 21:06:07,435 | INFO     |   ✓ 79/100: martin-pecheur_0079.jpg
2026-05-18 21:06:07,436 | INFO     |   [80/100] → martin-pecheur_0080.jpg
2026-05-18 21:06:10,555 | INFO     |   ✓ 80/100: martin-pecheur_0080.jpg
2026-05-18 21:06:10,555 | INFO     |   [81/100] → martin-pecheur_0081.jpg
2026-05-18 21:06:14,885 | INFO     |   ✓ 81/100: martin-pecheur_0081.jpg
2026-05-18 21:06:14,885 | INFO     |   [82/100] → martin-pecheur_0082.jpg
2026-05-18 21:06:18,904 | INFO     |   ✓ 82/100: martin-pecheur_0082.jpg
2026-05-18 21:06:18,904 | INFO     |   [83/100] → martin-pecheur_0083.jpg
2026-05-18 21:06:22,490 | INFO     |   ✓ 83/100: martin-pecheur_0083.jpg
2026-05-18 21:06:22,491 | INFO     |   [84/100] → martin-pecheur_0084.jpg
2026-05-18 21:06:25,422 | INFO     |   ✓ 84/100: martin-pecheur_0084.jpg
2026-05-18 21:06:25,422 | INFO     |   [85/100] → martin-pecheur_0085.jpg
2026-05-18 21:06:29,294 | INFO     |   ✓ 85/100: martin-pecheur_0085.jpg
2026-05-18 21:06:29,294 | INFO     |   [86/100] → martin-pecheur_0086.jpg
2026-05-18 21:06:32,488 | INFO     |   ✓ 86/100: martin-pecheur_0086.jpg
2026-05-18 21:06:32,488 | INFO     |   [87/100] → martin-pecheur_0087.jpg
2026-05-18 21:06:35,313 | INFO     |   ✓ 87/100: martin-pecheur_0087.jpg
2026-05-18 21:06:35,313 | INFO     |   [88/100] → martin-pecheur_0088.jpg
2026-05-18 21:06:38,025 | INFO     |   ✓ 88/100: martin-pecheur_0088.jpg
2026-05-18 21:06:38,025 | INFO     |   [89/100] → martin-pecheur_0089.jpg
2026-05-18 21:06:41,580 | INFO     |   ✓ 89/100: martin-pecheur_0089.jpg
2026-05-18 21:06:41,580 | INFO     |   [90/100] → martin-pecheur_0090.jpg
2026-05-18 21:06:44,172 | INFO     |   ✓ 90/100: martin-pecheur_0090.jpg
2026-05-18 21:06:44,172 | INFO     |   [91/100] → martin-pecheur_0091.jpg
2026-05-18 21:06:47,489 | INFO     |   ✓ 91/100: martin-pecheur_0091.jpg
2026-05-18 21:06:47,489 | INFO     |   [92/100] → martin-pecheur_0092.jpg
2026-05-18 21:06:51,925 | INFO     |   ✓ 92/100: martin-pecheur_0092.jpg
2026-05-18 21:06:51,925 | INFO     |   [93/100] → martin-pecheur_0093.jpg
2026-05-18 21:06:56,160 | INFO     |   ✓ 93/100: martin-pecheur_0093.jpg
2026-05-18 21:06:56,161 | INFO     |   [94/100] → martin-pecheur_0094.jpg
2026-05-18 21:07:00,072 | INFO     |   ✓ 94/100: martin-pecheur_0094.jpg
2026-05-18 21:07:00,073 | INFO     |   [95/100] → martin-pecheur_0095.jpg
2026-05-18 21:07:02,755 | INFO     |   ✓ 95/100: martin-pecheur_0095.jpg
2026-05-18 21:07:02,755 | INFO     |   [96/100] → martin-pecheur_0096.jpg
2026-05-18 21:07:07,720 | INFO     |   ✓ 96/100: martin-pecheur_0096.jpg
2026-05-18 21:07:07,720 | INFO     |   [97/100] → martin-pecheur_0097.jpg
2026-05-18 21:07:10,655 | INFO     |   ✓ 97/100: martin-pecheur_0097.jpg
2026-05-18 21:07:10,655 | INFO     |   [98/100] → martin-pecheur_0098.jpg
2026-05-18 21:07:14,631 | INFO     |   ✓ 98/100: martin-pecheur_0098.jpg
2026-05-18 21:07:14,631 | INFO     |   [99/100] → martin-pecheur_0099.jpeg
2026-05-18 21:07:18,336 | INFO     |   ✓ 99/100: martin-pecheur_0099.jpeg
2026-05-18 21:07:18,336 | INFO     |   [100/100] → martin-pecheur_0100.jpg
2026-05-18 21:07:21,918 | INFO     |   ✓ 100/100: martin-pecheur_0100.jpg
2026-05-18 21:07:21,919 | INFO     | 
  Summary 'Martin-pêcheur': 100 downloaded, 0 failed.
2026-05-18 21:07:21,922 | INFO     | 
════════════════════════════════════════════════════════════
2026-05-18 21:07:21,922 | INFO     | Species : Cygne tuberculé  →  'Mute swan bird'
2026-05-18 21:07:21,922 | INFO     | Folder  : ..\data\raw\cygne_tubercule
2026-05-18 21:07:21,923 | INFO     | ════════════════════════════════════════════════════════════
2026-05-18 21:07:21,923 | INFO     |   Collecting from iNaturalist…
2026-05-18 21:07:27,995 | INFO     |   iNaturalist page 1: 100 observations
2026-05-18 21:07:28,006 | INFO     |   Total unique URLs: 100
2026-05-18 21:07:28,007 | INFO     |   [1/100] → cygne_tubercule_0001.jpg
2026-05-18 21:07:31,497 | INFO     |   ✓ 1/100: cygne_tubercule_0001.jpg
2026-05-18 21:07:31,497 | INFO     |   [2/100] → cygne_tubercule_0002.jpg
2026-05-18 21:07:34,622 | INFO     |   ✓ 2/100: cygne_tubercule_0002.jpg
2026-05-18 21:07:34,622 | INFO     |   [3/100] → cygne_tubercule_0003.jpg
2026-05-18 21:07:37,629 | INFO     |   ✓ 3/100: cygne_tubercule_0003.jpg
2026-05-18 21:07:37,630 | INFO     |   [4/100] → cygne_tubercule_0004.jpg
2026-05-18 21:07:40,982 | INFO     |   ✓ 4/100: cygne_tubercule_0004.jpg
2026-05-18 21:07:40,982 | INFO     |   [5/100] → cygne_tubercule_0005.jpg
2026-05-18 21:07:44,450 | INFO     |   ✓ 5/100: cygne_tubercule_0005.jpg
2026-05-18 21:07:44,451 | INFO     |   [6/100] → cygne_tubercule_0006.jpg
2026-05-18 21:07:46,916 | INFO     |   ✓ 6/100: cygne_tubercule_0006.jpg
2026-05-18 21:07:46,917 | INFO     |   [7/100] → cygne_tubercule_0007.jpg
2026-05-18 21:07:49,809 | INFO     |   ✓ 7/100: cygne_tubercule_0007.jpg
2026-05-18 21:07:49,809 | INFO     |   [8/100] → cygne_tubercule_0008.jpg
2026-05-18 21:07:52,858 | INFO     |   ✓ 8/100: cygne_tubercule_0008.jpg
2026-05-18 21:07:52,858 | INFO     |   [9/100] → cygne_tubercule_0009.jpg
2026-05-18 21:07:55,459 | INFO     |   ✓ 9/100: cygne_tubercule_0009.jpg
2026-05-18 21:07:55,459 | INFO     |   [10/100] → cygne_tubercule_0010.jpg
2026-05-18 21:07:59,140 | INFO     |   ✓ 10/100: cygne_tubercule_0010.jpg
2026-05-18 21:07:59,140 | INFO     |   [11/100] → cygne_tubercule_0011.jpg
2026-05-18 21:08:02,208 | INFO     |   ✓ 11/100: cygne_tubercule_0011.jpg
2026-05-18 21:08:02,209 | INFO     |   [12/100] → cygne_tubercule_0012.jpg
2026-05-18 21:08:07,110 | INFO     |   ✓ 12/100: cygne_tubercule_0012.jpg
2026-05-18 21:08:07,110 | INFO     |   [13/100] → cygne_tubercule_0013.jpg
2026-05-18 21:08:10,904 | INFO     |   ✓ 13/100: cygne_tubercule_0013.jpg
2026-05-18 21:08:10,904 | INFO     |   [14/100] → cygne_tubercule_0014.jpg
2026-05-18 21:08:15,210 | INFO     |   ✓ 14/100: cygne_tubercule_0014.jpg
2026-05-18 21:08:15,211 | INFO     |   [15/100] → cygne_tubercule_0015.jpg
2026-05-18 21:08:18,528 | INFO     |   ✓ 15/100: cygne_tubercule_0015.jpg
2026-05-18 21:08:18,528 | INFO     |   [16/100] → cygne_tubercule_0016.jpg
2026-05-18 21:08:23,314 | INFO     |   ✓ 16/100: cygne_tubercule_0016.jpg
2026-05-18 21:08:23,314 | INFO     |   [17/100] → cygne_tubercule_0017.jpg
2026-05-18 21:08:28,422 | INFO     |   ✓ 17/100: cygne_tubercule_0017.jpg
2026-05-18 21:08:28,422 | INFO     |   [18/100] → cygne_tubercule_0018.jpg
2026-05-18 21:08:32,376 | INFO     |   ✓ 18/100: cygne_tubercule_0018.jpg
2026-05-18 21:08:32,376 | INFO     |   [19/100] → cygne_tubercule_0019.jpg
2026-05-18 21:08:37,196 | INFO     |   ✓ 19/100: cygne_tubercule_0019.jpg
2026-05-18 21:08:37,197 | INFO     |   [20/100] → cygne_tubercule_0020.jpg
2026-05-18 21:08:41,924 | INFO     |   ✓ 20/100: cygne_tubercule_0020.jpg
2026-05-18 21:08:41,925 | INFO     |   [21/100] → cygne_tubercule_0021.jpg
2026-05-18 21:08:45,995 | INFO     |   ✓ 21/100: cygne_tubercule_0021.jpg
2026-05-18 21:08:45,995 | INFO     |   [22/100] → cygne_tubercule_0022.jpg
2026-05-18 21:08:50,869 | INFO     |   ✓ 22/100: cygne_tubercule_0022.jpg
2026-05-18 21:08:50,869 | INFO     |   [23/100] → cygne_tubercule_0023.jpg
2026-05-18 21:08:55,007 | INFO     |   ✓ 23/100: cygne_tubercule_0023.jpg
2026-05-18 21:08:55,007 | INFO     |   [24/100] → cygne_tubercule_0024.jpg
2026-05-18 21:08:58,752 | INFO     |   ✓ 24/100: cygne_tubercule_0024.jpg
2026-05-18 21:08:58,752 | INFO     |   [25/100] → cygne_tubercule_0025.jpg
2026-05-18 21:09:02,985 | INFO     |   ✓ 25/100: cygne_tubercule_0025.jpg
2026-05-18 21:09:02,985 | INFO     |   [26/100] → cygne_tubercule_0026.jpg
2026-05-18 21:09:06,170 | INFO     |   ✓ 26/100: cygne_tubercule_0026.jpg
2026-05-18 21:09:06,170 | INFO     |   [27/100] → cygne_tubercule_0027.jpg
2026-05-18 21:09:08,661 | INFO     |   ✓ 27/100: cygne_tubercule_0027.jpg
2026-05-18 21:09:08,662 | INFO     |   [28/100] → cygne_tubercule_0028.jpg
2026-05-18 21:09:13,153 | INFO     |   ✓ 28/100: cygne_tubercule_0028.jpg
2026-05-18 21:09:13,153 | INFO     |   [29/100] → cygne_tubercule_0029.jpg
2026-05-18 21:09:17,097 | INFO     |   ✓ 29/100: cygne_tubercule_0029.jpg
2026-05-18 21:09:17,097 | INFO     |   [30/100] → cygne_tubercule_0030.jpg
2026-05-18 21:09:20,938 | INFO     |   ✓ 30/100: cygne_tubercule_0030.jpg
2026-05-18 21:09:20,938 | INFO     |   [31/100] → cygne_tubercule_0031.jpg
2026-05-18 21:09:24,800 | INFO     |   ✓ 31/100: cygne_tubercule_0031.jpg
2026-05-18 21:09:24,800 | INFO     |   [32/100] → cygne_tubercule_0032.jpg
2026-05-18 21:09:28,561 | INFO     |   ✓ 32/100: cygne_tubercule_0032.jpg
2026-05-18 21:09:28,561 | INFO     |   [33/100] → cygne_tubercule_0033.jpg
2026-05-18 21:09:31,790 | INFO     |   ✓ 33/100: cygne_tubercule_0033.jpg
2026-05-18 21:09:31,791 | INFO     |   [34/100] → cygne_tubercule_0034.jpg
2026-05-18 21:09:35,605 | INFO     |   ✓ 34/100: cygne_tubercule_0034.jpg
2026-05-18 21:09:35,605 | INFO     |   [35/100] → cygne_tubercule_0035.jpg
2026-05-18 21:09:40,158 | INFO     |   ✓ 35/100: cygne_tubercule_0035.jpg
2026-05-18 21:09:40,158 | INFO     |   [36/100] → cygne_tubercule_0036.jpg
2026-05-18 21:09:44,902 | INFO     |   ✓ 36/100: cygne_tubercule_0036.jpg
2026-05-18 21:09:44,903 | INFO     |   [37/100] → cygne_tubercule_0037.jpg
2026-05-18 21:09:50,896 | INFO     |   ✓ 37/100: cygne_tubercule_0037.jpg
2026-05-18 21:09:50,897 | INFO     |   [38/100] → cygne_tubercule_0038.jpg
2026-05-18 21:09:53,594 | INFO     |   ✓ 38/100: cygne_tubercule_0038.jpg
2026-05-18 21:09:53,594 | INFO     |   [39/100] → cygne_tubercule_0039.jpg
2026-05-18 21:09:57,355 | INFO     |   ✓ 39/100: cygne_tubercule_0039.jpg
2026-05-18 21:09:57,355 | INFO     |   [40/100] → cygne_tubercule_0040.jpg
2026-05-18 21:10:00,799 | INFO     |   ✓ 40/100: cygne_tubercule_0040.jpg
2026-05-18 21:10:00,799 | INFO     |   [41/100] → cygne_tubercule_0041.jpg
2026-05-18 21:10:04,106 | INFO     |   ✓ 41/100: cygne_tubercule_0041.jpg
2026-05-18 21:10:04,106 | INFO     |   [42/100] → cygne_tubercule_0042.jpg
2026-05-18 21:10:08,280 | INFO     |   ✓ 42/100: cygne_tubercule_0042.jpg
2026-05-18 21:10:08,280 | INFO     |   [43/100] → cygne_tubercule_0043.jpg
2026-05-18 21:10:12,007 | INFO     |   ✓ 43/100: cygne_tubercule_0043.jpg
2026-05-18 21:10:12,008 | INFO     |   [44/100] → cygne_tubercule_0044.jpg
2026-05-18 21:10:16,669 | INFO     |   ✓ 44/100: cygne_tubercule_0044.jpg
2026-05-18 21:10:16,669 | INFO     |   [45/100] → cygne_tubercule_0045.jpg
2026-05-18 21:10:20,492 | INFO     |   ✓ 45/100: cygne_tubercule_0045.jpg
2026-05-18 21:10:20,492 | INFO     |   [46/100] → cygne_tubercule_0046.jpg
2026-05-18 21:10:23,747 | INFO     |   ✓ 46/100: cygne_tubercule_0046.jpg
2026-05-18 21:10:23,747 | INFO     |   [47/100] → cygne_tubercule_0047.jpg
2026-05-18 21:10:27,771 | INFO     |   ✓ 47/100: cygne_tubercule_0047.jpg
2026-05-18 21:10:27,772 | INFO     |   [48/100] → cygne_tubercule_0048.jpg
2026-05-18 21:10:31,955 | INFO     |   ✓ 48/100: cygne_tubercule_0048.jpg
2026-05-18 21:10:31,955 | INFO     |   [49/100] → cygne_tubercule_0049.jpg
2026-05-18 21:10:35,301 | INFO     |   ✓ 49/100: cygne_tubercule_0049.jpg
2026-05-18 21:10:35,301 | INFO     |   [50/100] → cygne_tubercule_0050.jpg
2026-05-18 21:10:48,097 | INFO     |   ✓ 50/100: cygne_tubercule_0050.jpg
2026-05-18 21:10:48,098 | INFO     |   [51/100] → cygne_tubercule_0051.jpg
2026-05-18 21:10:51,921 | INFO     |   ✓ 51/100: cygne_tubercule_0051.jpg
2026-05-18 21:10:51,922 | INFO     |   [52/100] → cygne_tubercule_0052.jpg
2026-05-18 21:10:55,704 | INFO     |   ✓ 52/100: cygne_tubercule_0052.jpg
2026-05-18 21:10:55,704 | INFO     |   [53/100] → cygne_tubercule_0053.jpg
2026-05-18 21:11:00,324 | INFO     |   ✓ 53/100: cygne_tubercule_0053.jpg
2026-05-18 21:11:00,324 | INFO     |   [54/100] → cygne_tubercule_0054.jpg
2026-05-18 21:11:05,098 | INFO     |   ✓ 54/100: cygne_tubercule_0054.jpg
2026-05-18 21:11:05,098 | INFO     |   [55/100] → cygne_tubercule_0055.jpg
2026-05-18 21:11:09,539 | INFO     |   ✓ 55/100: cygne_tubercule_0055.jpg
2026-05-18 21:11:09,540 | INFO     |   [56/100] → cygne_tubercule_0056.jpg
2026-05-18 21:11:14,001 | INFO     |   ✓ 56/100: cygne_tubercule_0056.jpg
2026-05-18 21:11:14,001 | INFO     |   [57/100] → cygne_tubercule_0057.jpg
2026-05-18 21:11:16,601 | INFO     |   ✓ 57/100: cygne_tubercule_0057.jpg
2026-05-18 21:11:16,602 | INFO     |   [58/100] → cygne_tubercule_0058.jpg
2026-05-18 21:11:19,167 | INFO     |   ✓ 58/100: cygne_tubercule_0058.jpg
2026-05-18 21:11:19,167 | INFO     |   [59/100] → cygne_tubercule_0059.jpg
2026-05-18 21:11:21,734 | INFO     |   ✓ 59/100: cygne_tubercule_0059.jpg
2026-05-18 21:11:21,734 | INFO     |   [60/100] → cygne_tubercule_0060.jpg
2026-05-18 21:11:24,850 | INFO     |   ✓ 60/100: cygne_tubercule_0060.jpg
2026-05-18 21:11:24,850 | INFO     |   [61/100] → cygne_tubercule_0061.jpg
2026-05-18 21:11:28,182 | INFO     |   ✓ 61/100: cygne_tubercule_0061.jpg
2026-05-18 21:11:28,182 | INFO     |   [62/100] → cygne_tubercule_0062.jpg
2026-05-18 21:11:31,166 | INFO     |   ✓ 62/100: cygne_tubercule_0062.jpg
2026-05-18 21:11:31,166 | INFO     |   [63/100] → cygne_tubercule_0063.jpg
2026-05-18 21:11:33,879 | INFO     |   ✓ 63/100: cygne_tubercule_0063.jpg
2026-05-18 21:11:33,879 | INFO     |   [64/100] → cygne_tubercule_0064.jpg
2026-05-18 21:11:38,910 | INFO     |   ✓ 64/100: cygne_tubercule_0064.jpg
2026-05-18 21:11:38,910 | INFO     |   [65/100] → cygne_tubercule_0065.jpg
2026-05-18 21:11:42,763 | INFO     |   ✓ 65/100: cygne_tubercule_0065.jpg
2026-05-18 21:11:42,763 | INFO     |   [66/100] → cygne_tubercule_0066.jpg
2026-05-18 21:11:46,882 | INFO     |   ✓ 66/100: cygne_tubercule_0066.jpg
2026-05-18 21:11:46,882 | INFO     |   [67/100] → cygne_tubercule_0067.jpg
2026-05-18 21:11:51,158 | INFO     |   ✓ 67/100: cygne_tubercule_0067.jpg
2026-05-18 21:11:51,158 | INFO     |   [68/100] → cygne_tubercule_0068.jpg
2026-05-18 21:11:54,177 | INFO     |   ✓ 68/100: cygne_tubercule_0068.jpg
2026-05-18 21:11:54,177 | INFO     |   [69/100] → cygne_tubercule_0069.jpg
2026-05-18 21:11:57,757 | INFO     |   ✓ 69/100: cygne_tubercule_0069.jpg
2026-05-18 21:11:57,757 | INFO     |   [70/100] → cygne_tubercule_0070.jpg
2026-05-18 21:12:00,776 | INFO     |   ✓ 70/100: cygne_tubercule_0070.jpg
2026-05-18 21:12:00,776 | INFO     |   [71/100] → cygne_tubercule_0071.jpg
2026-05-18 21:12:04,140 | INFO     |   ✓ 71/100: cygne_tubercule_0071.jpg
2026-05-18 21:12:04,140 | INFO     |   [72/100] → cygne_tubercule_0072.jpg
2026-05-18 21:12:07,164 | INFO     |   ✓ 72/100: cygne_tubercule_0072.jpg
2026-05-18 21:12:07,165 | INFO     |   [73/100] → cygne_tubercule_0073.jpg
2026-05-18 21:12:10,747 | INFO     |   ✓ 73/100: cygne_tubercule_0073.jpg
2026-05-18 21:12:10,748 | INFO     |   [74/100] → cygne_tubercule_0074.jpg
2026-05-18 21:12:13,906 | INFO     |   ✓ 74/100: cygne_tubercule_0074.jpg
2026-05-18 21:12:13,907 | INFO     |   [75/100] → cygne_tubercule_0075.jpg
2026-05-18 21:12:17,565 | INFO     |   ✓ 75/100: cygne_tubercule_0075.jpg
2026-05-18 21:12:17,565 | INFO     |   [76/100] → cygne_tubercule_0076.jpg
2026-05-18 21:12:21,008 | INFO     |   ✓ 76/100: cygne_tubercule_0076.jpg
2026-05-18 21:12:21,008 | INFO     |   [77/100] → cygne_tubercule_0077.jpg
2026-05-18 21:12:24,703 | INFO     |   ✓ 77/100: cygne_tubercule_0077.jpg
2026-05-18 21:12:24,704 | INFO     |   [78/100] → cygne_tubercule_0078.jpg
2026-05-18 21:12:27,371 | INFO     |   ✓ 78/100: cygne_tubercule_0078.jpg
2026-05-18 21:12:27,372 | INFO     |   [79/100] → cygne_tubercule_0079.jpg
2026-05-18 21:12:30,058 | INFO     |   ✓ 79/100: cygne_tubercule_0079.jpg
2026-05-18 21:12:30,058 | INFO     |   [80/100] → cygne_tubercule_0080.jpg
2026-05-18 21:12:33,088 | INFO     |   ✓ 80/100: cygne_tubercule_0080.jpg
2026-05-18 21:12:33,088 | INFO     |   [81/100] → cygne_tubercule_0081.jpg
2026-05-18 21:12:36,326 | INFO     |   ✓ 81/100: cygne_tubercule_0081.jpg
2026-05-18 21:12:36,326 | INFO     |   [82/100] → cygne_tubercule_0082.jpg
2026-05-18 21:12:39,591 | INFO     |   ✓ 82/100: cygne_tubercule_0082.jpg
2026-05-18 21:12:39,591 | INFO     |   [83/100] → cygne_tubercule_0083.jpg
2026-05-18 21:12:43,214 | INFO     |   ✓ 83/100: cygne_tubercule_0083.jpg
2026-05-18 21:12:43,214 | INFO     |   [84/100] → cygne_tubercule_0084.jpg
2026-05-18 21:12:45,992 | INFO     |   ✓ 84/100: cygne_tubercule_0084.jpg
2026-05-18 21:12:45,993 | INFO     |   [85/100] → cygne_tubercule_0085.jpg
2026-05-18 21:12:49,506 | INFO     |   ✓ 85/100: cygne_tubercule_0085.jpg
2026-05-18 21:12:49,507 | INFO     |   [86/100] → cygne_tubercule_0086.jpg
2026-05-18 21:12:52,449 | INFO     |   ✓ 86/100: cygne_tubercule_0086.jpg
2026-05-18 21:12:52,449 | INFO     |   [87/100] → cygne_tubercule_0087.jpg
2026-05-18 21:12:55,578 | INFO     |   ✓ 87/100: cygne_tubercule_0087.jpg
2026-05-18 21:12:55,578 | INFO     |   [88/100] → cygne_tubercule_0088.jpg
2026-05-18 21:12:59,087 | INFO     |   ✓ 88/100: cygne_tubercule_0088.jpg
2026-05-18 21:12:59,088 | INFO     |   [89/100] → cygne_tubercule_0089.jpg
2026-05-18 21:13:02,849 | INFO     |   ✓ 89/100: cygne_tubercule_0089.jpg
2026-05-18 21:13:02,849 | INFO     |   [90/100] → cygne_tubercule_0090.jpg
2026-05-18 21:13:06,650 | INFO     |   ✓ 90/100: cygne_tubercule_0090.jpg
2026-05-18 21:13:06,651 | INFO     |   [91/100] → cygne_tubercule_0091.jpg
2026-05-18 21:13:09,163 | INFO     |   ✓ 91/100: cygne_tubercule_0091.jpg
2026-05-18 21:13:09,163 | INFO     |   [92/100] → cygne_tubercule_0092.jpg
2026-05-18 21:13:12,936 | INFO     |   ✓ 92/100: cygne_tubercule_0092.jpg
2026-05-18 21:13:12,936 | INFO     |   [93/100] → cygne_tubercule_0093.jpg
2026-05-18 21:13:16,761 | INFO     |   ✓ 93/100: cygne_tubercule_0093.jpg
2026-05-18 21:13:16,761 | INFO     |   [94/100] → cygne_tubercule_0094.jpg
2026-05-18 21:13:19,298 | INFO     |   ✓ 94/100: cygne_tubercule_0094.jpg
2026-05-18 21:13:19,299 | INFO     |   [95/100] → cygne_tubercule_0095.jpg
2026-05-18 21:13:22,715 | INFO     |   ✓ 95/100: cygne_tubercule_0095.jpg
2026-05-18 21:13:22,715 | INFO     |   [96/100] → cygne_tubercule_0096.jpg
2026-05-18 21:13:25,785 | INFO     |   ✓ 96/100: cygne_tubercule_0096.jpg
2026-05-18 21:13:25,785 | INFO     |   [97/100] → cygne_tubercule_0097.jpg
2026-05-18 21:13:29,522 | INFO     |   ✓ 97/100: cygne_tubercule_0097.jpg
2026-05-18 21:13:29,522 | INFO     |   [98/100] → cygne_tubercule_0098.jpg
2026-05-18 21:13:31,959 | INFO     |   ✓ 98/100: cygne_tubercule_0098.jpg
2026-05-18 21:13:31,959 | INFO     |   [99/100] → cygne_tubercule_0099.jpg
2026-05-18 21:13:34,435 | INFO     |   ✓ 99/100: cygne_tubercule_0099.jpg
2026-05-18 21:13:34,436 | INFO     |   [100/100] → cygne_tubercule_0100.jpg
2026-05-18 21:13:37,752 | INFO     |   ✓ 100/100: cygne_tubercule_0100.jpg
2026-05-18 21:13:37,752 | INFO     | 
  Summary 'Cygne tuberculé': 100 downloaded, 0 failed.
2026-05-18 21:13:37,753 | INFO     | 
════════════════════════════════════════════════════════════
2026-05-18 21:13:37,753 | INFO     | Species : Pic vert  →  'European green woodpecker bird'
2026-05-18 21:13:37,753 | INFO     | Folder  : ..\data\raw\pic_vert
2026-05-18 21:13:37,753 | INFO     | ════════════════════════════════════════════════════════════
2026-05-18 21:13:37,753 | INFO     |   Collecting from iNaturalist…
2026-05-18 21:13:41,675 | INFO     |   iNaturalist page 1: 29 observations
2026-05-18 21:13:41,681 | INFO     |   Supplementing with Flickr (37 needed)…
2026-05-18 21:13:44,708 | INFO     |   Flickr tags='European,green,woodpecker,bird': 20 results
2026-05-18 21:13:47,482 | INFO     |   Flickr tags='European,green,woodpecker,bird,nature': 20 results
2026-05-18 21:13:49,354 | INFO     |   Flickr tags='European,green,woodpecker,bird,wildlife': 20 results
2026-05-18 21:13:52,401 | INFO     |   Flickr tags='European,green,woodpecker,bird,ornithology': 20 results
2026-05-18 21:13:55,359 | INFO     |   Flickr tags='European,green,woodpecker,bird,photography': 9 results
2026-05-18 21:13:55,363 | INFO     |   Total unique URLs: 113
2026-05-18 21:13:55,364 | INFO     |   [1/113] → pic_vert_0001.jpg
2026-05-18 21:13:58,119 | INFO     |   ✓ 1/100: pic_vert_0001.jpg
2026-05-18 21:13:58,119 | INFO     |   [2/113] → pic_vert_0002.jpg
2026-05-18 21:14:01,119 | INFO     |   ✓ 2/100: pic_vert_0002.jpg
2026-05-18 21:14:01,119 | INFO     |   [3/113] → pic_vert_0003.jpg
2026-05-18 21:14:03,831 | INFO     |   ✓ 3/100: pic_vert_0003.jpg
2026-05-18 21:14:03,832 | INFO     |   [4/113] → pic_vert_0004.jpg
2026-05-18 21:14:06,532 | INFO     |   ✓ 4/100: pic_vert_0004.jpg
2026-05-18 21:14:06,533 | INFO     |   [5/113] → pic_vert_0005.jpg
2026-05-18 21:14:10,053 | INFO     |   ✓ 5/100: pic_vert_0005.jpg
2026-05-18 21:14:10,054 | INFO     |   [6/113] → pic_vert_0006.jpg
2026-05-18 21:14:14,502 | INFO     |   ✓ 6/100: pic_vert_0006.jpg
2026-05-18 21:14:14,503 | INFO     |   [7/113] → pic_vert_0007.jpg
2026-05-18 21:14:18,757 | INFO     |   ✓ 7/100: pic_vert_0007.jpg
2026-05-18 21:14:18,757 | INFO     |   [8/113] → pic_vert_0008.jpg
2026-05-18 21:14:22,280 | INFO     |   ✓ 8/100: pic_vert_0008.jpg
2026-05-18 21:14:22,280 | INFO     |   [9/113] → pic_vert_0009.jpg
2026-05-18 21:14:26,354 | INFO     |   ✓ 9/100: pic_vert_0009.jpg
2026-05-18 21:14:26,355 | INFO     |   [10/113] → pic_vert_0010.jpg
2026-05-18 21:14:29,383 | INFO     |   ✓ 10/100: pic_vert_0010.jpg
2026-05-18 21:14:29,384 | INFO     |   [11/113] → pic_vert_0011.jpg
2026-05-18 21:14:33,236 | INFO     |   ✓ 11/100: pic_vert_0011.jpg
2026-05-18 21:14:33,237 | INFO     |   [12/113] → pic_vert_0012.jpg
2026-05-18 21:14:37,785 | INFO     |   ✓ 12/100: pic_vert_0012.jpg
2026-05-18 21:14:37,786 | INFO     |   [13/113] → pic_vert_0013.jpg
2026-05-18 21:14:40,687 | INFO     |   ✓ 13/100: pic_vert_0013.jpg
2026-05-18 21:14:40,687 | INFO     |   [14/113] → pic_vert_0014.jpg
2026-05-18 21:14:44,747 | INFO     |   ✓ 14/100: pic_vert_0014.jpg
2026-05-18 21:14:44,747 | INFO     |   [15/113] → pic_vert_0015.jpg
2026-05-18 21:14:48,404 | INFO     |   ✓ 15/100: pic_vert_0015.jpg
2026-05-18 21:14:48,405 | INFO     |   [16/113] → pic_vert_0016.jpg
2026-05-18 21:14:52,473 | INFO     |   ✓ 16/100: pic_vert_0016.jpg
2026-05-18 21:14:52,474 | INFO     |   [17/113] → pic_vert_0017.jpg
2026-05-18 21:14:55,941 | INFO     |   ✓ 17/100: pic_vert_0017.jpg
2026-05-18 21:14:55,941 | INFO     |   [18/113] → pic_vert_0018.jpg
2026-05-18 21:14:59,774 | INFO     |   ✓ 18/100: pic_vert_0018.jpg
2026-05-18 21:14:59,775 | INFO     |   [19/113] → pic_vert_0019.jpg
2026-05-18 21:15:03,612 | INFO     |   ✓ 19/100: pic_vert_0019.jpg
2026-05-18 21:15:03,612 | INFO     |   [20/113] → pic_vert_0020.jpg
2026-05-18 21:15:07,509 | INFO     |   ✓ 20/100: pic_vert_0020.jpg
2026-05-18 21:15:07,509 | INFO     |   [21/113] → pic_vert_0021.jpg
2026-05-18 21:15:11,101 | INFO     |   ✓ 21/100: pic_vert_0021.jpg
2026-05-18 21:15:11,101 | INFO     |   [22/113] → pic_vert_0022.jpg
2026-05-18 21:15:14,875 | INFO     |   ✓ 22/100: pic_vert_0022.jpg
2026-05-18 21:15:14,875 | INFO     |   [23/113] → pic_vert_0023.jpg
2026-05-18 21:15:17,992 | INFO     |   ✓ 23/100: pic_vert_0023.jpg
2026-05-18 21:15:17,993 | INFO     |   [24/113] → pic_vert_0024.jpg
2026-05-18 21:15:21,316 | INFO     |   ✓ 24/100: pic_vert_0024.jpg
2026-05-18 21:15:21,316 | INFO     |   [25/113] → pic_vert_0025.jpg
2026-05-18 21:15:24,599 | INFO     |   ✓ 25/100: pic_vert_0025.jpg
2026-05-18 21:15:24,599 | INFO     |   [26/113] → pic_vert_0026.jpg
2026-05-18 21:15:28,504 | INFO     |   ✓ 26/100: pic_vert_0026.jpg
2026-05-18 21:15:28,505 | INFO     |   [27/113] → pic_vert_0027.jpg
2026-05-18 21:15:31,614 | INFO     |   ✓ 27/100: pic_vert_0027.jpg
2026-05-18 21:15:31,614 | INFO     |   [28/113] → pic_vert_0028.jpg
2026-05-18 21:15:35,263 | INFO     |   ✓ 28/100: pic_vert_0028.jpg
2026-05-18 21:15:35,264 | INFO     |   [29/113] → pic_vert_0029.jpg
2026-05-18 21:15:38,544 | INFO     |   ✓ 29/100: pic_vert_0029.jpg
2026-05-18 21:15:38,544 | INFO     |   [30/113] → pic_vert_0030.jpg
2026-05-18 21:15:42,565 | INFO     |   ✓ 30/100: pic_vert_0030.jpg
2026-05-18 21:15:42,565 | INFO     |   [31/113] → pic_vert_0031.jpeg
2026-05-18 21:15:46,430 | INFO     |   ✓ 31/100: pic_vert_0031.jpeg
2026-05-18 21:15:46,430 | INFO     |   [32/113] → pic_vert_0032.jpeg
2026-05-18 21:15:49,349 | INFO     |   ✓ 32/100: pic_vert_0032.jpeg
2026-05-18 21:15:49,350 | INFO     |   [33/113] → pic_vert_0033.jpeg
2026-05-18 21:15:52,393 | INFO     |   ✓ 33/100: pic_vert_0033.jpeg
2026-05-18 21:15:52,393 | INFO     |   [34/113] → pic_vert_0034.jpeg
2026-05-18 21:15:55,487 | INFO     |   ✓ 34/100: pic_vert_0034.jpeg
2026-05-18 21:15:55,487 | INFO     |   [35/113] → pic_vert_0035.jpeg
2026-05-18 21:15:58,366 | INFO     |   ✓ 35/100: pic_vert_0035.jpeg
2026-05-18 21:15:58,366 | INFO     |   [36/113] → pic_vert_0036.jpeg
2026-05-18 21:16:02,310 | INFO     |   ✓ 36/100: pic_vert_0036.jpeg
2026-05-18 21:16:02,310 | INFO     |   [37/113] → pic_vert_0037.jpeg
2026-05-18 21:16:06,077 | INFO     |   ✓ 37/100: pic_vert_0037.jpeg
2026-05-18 21:16:06,078 | INFO     |   [38/113] → pic_vert_0038.jpeg
2026-05-18 21:16:09,231 | INFO     |   ✓ 38/100: pic_vert_0038.jpeg
2026-05-18 21:16:09,231 | INFO     |   [39/113] → pic_vert_0039.jpeg
2026-05-18 21:16:14,545 | INFO     |   ✓ 39/100: pic_vert_0039.jpeg
2026-05-18 21:16:14,545 | INFO     |   [40/113] → pic_vert_0040.jpeg
2026-05-18 21:16:17,813 | INFO     |   ✓ 40/100: pic_vert_0040.jpeg
2026-05-18 21:16:17,814 | INFO     |   [41/113] → pic_vert_0041.jpeg
2026-05-18 21:16:20,619 | INFO     |   ✓ 41/100: pic_vert_0041.jpeg
2026-05-18 21:16:20,619 | INFO     |   [42/113] → pic_vert_0042.jpeg
2026-05-18 21:16:26,144 | INFO     |   ✓ 42/100: pic_vert_0042.jpeg
2026-05-18 21:16:26,144 | INFO     |   [43/113] → pic_vert_0043.jpeg
2026-05-18 21:16:30,181 | INFO     |   ✓ 43/100: pic_vert_0043.jpeg
2026-05-18 21:16:30,181 | INFO     |   [44/113] → pic_vert_0044.jpeg
2026-05-18 21:16:33,044 | INFO     |   ✓ 44/100: pic_vert_0044.jpeg
2026-05-18 21:16:33,044 | INFO     |   [45/113] → pic_vert_0045.jpeg
2026-05-18 21:16:36,089 | INFO     |   ✓ 45/100: pic_vert_0045.jpeg
2026-05-18 21:16:36,090 | INFO     |   [46/113] → pic_vert_0046.jpeg
2026-05-18 21:16:39,611 | INFO     |   ✓ 46/100: pic_vert_0046.jpeg
2026-05-18 21:16:39,612 | INFO     |   [47/113] → pic_vert_0047.jpeg
2026-05-18 21:16:43,567 | INFO     |   ✓ 47/100: pic_vert_0047.jpeg
2026-05-18 21:16:43,568 | INFO     |   [48/113] → pic_vert_0048.jpeg
2026-05-18 21:16:46,195 | INFO     |   ✓ 48/100: pic_vert_0048.jpeg
2026-05-18 21:16:46,195 | INFO     |   [49/113] → pic_vert_0049.jpeg
2026-05-18 21:16:48,838 | INFO     |   ✓ 49/100: pic_vert_0049.jpeg
2026-05-18 21:16:48,838 | INFO     |   [50/113] → pic_vert_0050.jpeg
2026-05-18 21:16:51,661 | INFO     |   ✓ 50/100: pic_vert_0050.jpeg
2026-05-18 21:16:51,662 | INFO     |   [51/113] → pic_vert_0051.jpg
2026-05-18 21:16:54,895 | INFO     |   ✓ 51/100: pic_vert_0051.jpg
2026-05-18 21:16:54,895 | INFO     |   [52/113] → pic_vert_0052.jpg
2026-05-18 21:16:58,126 | INFO     |   ✓ 52/100: pic_vert_0052.jpg
2026-05-18 21:16:58,126 | INFO     |   [53/113] → pic_vert_0053.jpg
2026-05-18 21:17:01,524 | INFO     |   ✓ 53/100: pic_vert_0053.jpg
2026-05-18 21:17:01,525 | INFO     |   [54/113] → pic_vert_0054.jpg
2026-05-18 21:17:04,599 | INFO     |   ✓ 54/100: pic_vert_0054.jpg
2026-05-18 21:17:04,600 | INFO     |   [55/113] → pic_vert_0055.jpg
2026-05-18 21:17:07,053 | INFO     |   ✓ 55/100: pic_vert_0055.jpg
2026-05-18 21:17:07,054 | INFO     |   [56/113] → pic_vert_0056.jpg
2026-05-18 21:17:10,436 | INFO     |   ✓ 56/100: pic_vert_0056.jpg
2026-05-18 21:17:10,437 | INFO     |   [57/113] → pic_vert_0057.jpg
2026-05-18 21:17:15,586 | INFO     |   ✓ 57/100: pic_vert_0057.jpg
2026-05-18 21:17:15,587 | INFO     |   [58/113] → pic_vert_0058.jpg
2026-05-18 21:17:22,040 | INFO     |   ✓ 58/100: pic_vert_0058.jpg
2026-05-18 21:17:22,041 | INFO     |   [59/113] → pic_vert_0059.jpg
2026-05-18 21:17:25,053 | INFO     |   ✓ 59/100: pic_vert_0059.jpg
2026-05-18 21:17:25,053 | INFO     |   [60/113] → pic_vert_0060.jpg
2026-05-18 21:17:27,601 | INFO     |   ✓ 60/100: pic_vert_0060.jpg
2026-05-18 21:17:27,601 | INFO     |   [61/113] → pic_vert_0061.jpg
2026-05-18 21:17:30,188 | INFO     |   ✓ 61/100: pic_vert_0061.jpg
2026-05-18 21:17:30,188 | INFO     |   [62/113] → pic_vert_0062.jpg
2026-05-18 21:17:34,186 | INFO     |   ✓ 62/100: pic_vert_0062.jpg
2026-05-18 21:17:34,186 | INFO     |   [63/113] → pic_vert_0063.jpg
2026-05-18 21:17:37,814 | INFO     |   ✓ 63/100: pic_vert_0063.jpg
2026-05-18 21:17:37,814 | INFO     |   [64/113] → pic_vert_0064.jpg
2026-05-18 21:17:40,552 | INFO     |   ✓ 64/100: pic_vert_0064.jpg
2026-05-18 21:17:40,553 | INFO     |   [65/113] → pic_vert_0065.jpg
2026-05-18 21:17:43,376 | INFO     |   ✓ 65/100: pic_vert_0065.jpg
2026-05-18 21:17:43,376 | INFO     |   [66/113] → pic_vert_0066.jpg
2026-05-18 21:17:46,200 | INFO     |   ✓ 66/100: pic_vert_0066.jpg
2026-05-18 21:17:46,201 | INFO     |   [67/113] → pic_vert_0067.jpg
2026-05-18 21:17:48,869 | INFO     |   ✓ 67/100: pic_vert_0067.jpg
2026-05-18 21:17:48,870 | INFO     |   [68/113] → pic_vert_0068.jpg
2026-05-18 21:17:50,762 | INFO     |   ✓ 68/100: pic_vert_0068.jpg
2026-05-18 21:17:50,762 | INFO     |   [69/113] → pic_vert_0069.jpg
2026-05-18 21:17:53,379 | INFO     |   ✓ 69/100: pic_vert_0069.jpg
2026-05-18 21:17:53,380 | INFO     |   [70/113] → pic_vert_0070.jpg
2026-05-18 21:17:56,198 | INFO     |   ✓ 70/100: pic_vert_0070.jpg
2026-05-18 21:17:56,199 | INFO     |   [71/113] → pic_vert_0071.jpg
2026-05-18 21:17:58,645 | INFO     |   ✓ 71/100: pic_vert_0071.jpg
2026-05-18 21:17:58,645 | INFO     |   [72/113] → pic_vert_0072.jpg
2026-05-18 21:18:00,955 | INFO     |   ✓ 72/100: pic_vert_0072.jpg
2026-05-18 21:18:00,955 | INFO     |   [73/113] → pic_vert_0073.jpg
2026-05-18 21:18:02,588 | INFO     |   ✓ 73/100: pic_vert_0073.jpg
2026-05-18 21:18:02,589 | INFO     |   [74/113] → pic_vert_0074.jpg
2026-05-18 21:18:04,707 | INFO     |   ✓ 74/100: pic_vert_0074.jpg
2026-05-18 21:18:04,707 | INFO     |   [75/113] → pic_vert_0075.jpg
2026-05-18 21:18:07,609 | INFO     |   ✓ 75/100: pic_vert_0075.jpg
2026-05-18 21:18:07,610 | INFO     |   [76/113] → pic_vert_0076.jpg
2026-05-18 21:18:09,318 | INFO     |   ✓ 76/100: pic_vert_0076.jpg
2026-05-18 21:18:09,318 | INFO     |   [77/113] → pic_vert_0077.jpg
2026-05-18 21:18:12,738 | INFO     |   ✓ 77/100: pic_vert_0077.jpg
2026-05-18 21:18:12,739 | INFO     |   [78/113] → pic_vert_0078.jpg
2026-05-18 21:18:14,913 | INFO     |   ✓ 78/100: pic_vert_0078.jpg
2026-05-18 21:18:14,914 | INFO     |   [79/113] → pic_vert_0079.jpg
2026-05-18 21:18:17,324 | INFO     |   ✓ 79/100: pic_vert_0079.jpg
2026-05-18 21:18:17,325 | INFO     |   [80/113] → pic_vert_0080.jpg
2026-05-18 21:18:19,488 | INFO     |   ✓ 80/100: pic_vert_0080.jpg
2026-05-18 21:18:19,488 | INFO     |   [81/113] → pic_vert_0081.jpg
2026-05-18 21:18:22,043 | INFO     |   ✓ 81/100: pic_vert_0081.jpg
2026-05-18 21:18:22,043 | INFO     |   [82/113] → pic_vert_0082.jpg
2026-05-18 21:18:23,689 | INFO     |   ✓ 82/100: pic_vert_0082.jpg
2026-05-18 21:18:23,690 | INFO     |   [83/113] → pic_vert_0083.jpg
2026-05-18 21:18:25,815 | INFO     |   ✓ 83/100: pic_vert_0083.jpg
2026-05-18 21:18:25,815 | INFO     |   [84/113] → pic_vert_0084.jpg
2026-05-18 21:18:27,836 | INFO     |   ✓ 84/100: pic_vert_0084.jpg
2026-05-18 21:18:27,836 | INFO     |   [85/113] → pic_vert_0085.jpg
2026-05-18 21:18:29,505 | INFO     |   ✓ 85/100: pic_vert_0085.jpg
2026-05-18 21:18:29,506 | INFO     |   [86/113] → pic_vert_0086.jpg
2026-05-18 21:18:31,706 | INFO     |   ✓ 86/100: pic_vert_0086.jpg
2026-05-18 21:18:31,706 | INFO     |   [87/113] → pic_vert_0087.jpg
2026-05-18 21:18:33,271 | INFO     |   ✓ 87/100: pic_vert_0087.jpg
2026-05-18 21:18:33,271 | INFO     |   [88/113] → pic_vert_0088.jpg
2026-05-18 21:18:34,862 | INFO     |   ✓ 88/100: pic_vert_0088.jpg
2026-05-18 21:18:34,862 | INFO     |   [89/113] → pic_vert_0089.jpg
2026-05-18 21:18:37,372 | INFO     |   ✓ 89/100: pic_vert_0089.jpg
2026-05-18 21:18:37,372 | INFO     |   [90/113] → pic_vert_0090.jpg
2026-05-18 21:18:39,898 | INFO     |   ✓ 90/100: pic_vert_0090.jpg
2026-05-18 21:18:39,899 | INFO     |   [91/113] → pic_vert_0091.jpg
2026-05-18 21:18:43,193 | INFO     |   ✓ 91/100: pic_vert_0091.jpg
2026-05-18 21:18:43,194 | INFO     |   [92/113] → pic_vert_0092.jpg
2026-05-18 21:18:45,743 | INFO     |   ✓ 92/100: pic_vert_0092.jpg
2026-05-18 21:18:45,744 | INFO     |   [93/113] → pic_vert_0093.jpg
2026-05-18 21:18:51,898 | INFO     |   ✓ 93/100: pic_vert_0093.jpg
2026-05-18 21:18:51,899 | INFO     |   [94/113] → pic_vert_0094.jpg
2026-05-18 21:18:54,573 | INFO     |   ✓ 94/100: pic_vert_0094.jpg
2026-05-18 21:18:54,573 | INFO     |   [95/113] → pic_vert_0095.jpg
2026-05-18 21:18:57,485 | INFO     |   ✓ 95/100: pic_vert_0095.jpg
2026-05-18 21:18:57,485 | INFO     |   [96/113] → pic_vert_0096.jpg
2026-05-18 21:18:59,566 | INFO     |   ✓ 96/100: pic_vert_0096.jpg
2026-05-18 21:18:59,567 | INFO     |   [97/113] → pic_vert_0097.jpg
2026-05-18 21:19:02,797 | INFO     |   ✓ 97/100: pic_vert_0097.jpg
2026-05-18 21:19:02,797 | INFO     |   [98/113] → pic_vert_0098.jpg
2026-05-18 21:19:04,478 | INFO     |   ✓ 98/100: pic_vert_0098.jpg
2026-05-18 21:19:04,479 | INFO     |   [99/113] → pic_vert_0099.jpg
2026-05-18 21:19:07,314 | INFO     |   ✓ 99/100: pic_vert_0099.jpg
2026-05-18 21:19:07,314 | INFO     |   [100/113] → pic_vert_0100.jpg
2026-05-18 21:19:09,240 | INFO     |   ✓ 100/100: pic_vert_0100.jpg
2026-05-18 21:19:09,240 | INFO     | 
  Summary 'Pic vert': 100 downloaded, 0 failed.
2026-05-18 21:19:09,241 | INFO     | 
All species done.
