2026-05-18 22:03:37,284 | INFO     | Dataset Split
2026-05-18 22:03:37,284 | INFO     | Splits: {'train': '70%', 'val': '15%', 'test': '15%'}
2026-05-18 22:03:37,284 | INFO     | Seed: 42
2026-05-18 22:03:37,284 | INFO     | Output: ..\dataset_final
2026-05-18 22:03:37,284 | INFO     | Log: ..\logs\split_20260518_220337.log

2026-05-18 22:03:37,285 | INFO     | 
────────────────────────────────────────────────────────────
2026-05-18 22:03:37,285 | INFO     | Splitting : hibou_grand-duc
2026-05-18 22:03:37,773 | INFO     |   train   : 255 files
2026-05-18 22:03:37,773 | INFO     |   val     : 55 files
2026-05-18 22:03:37,773 | INFO     |   test    : 55 files
2026-05-18 22:03:37,773 | INFO     | 
────────────────────────────────────────────────────────────
2026-05-18 22:03:37,773 | INFO     | Splitting : flamant_rose
2026-05-18 22:03:38,359 | INFO     |   train   : 266 files
2026-05-18 22:03:38,360 | INFO     |   val     : 57 files
2026-05-18 22:03:38,360 | INFO     |   test    : 57 files
2026-05-18 22:03:38,360 | INFO     | 
────────────────────────────────────────────────────────────
2026-05-18 22:03:38,360 | INFO     | Splitting : martin-pecheur
2026-05-18 22:03:39,062 | INFO     |   train   : 304 files
2026-05-18 22:03:39,062 | INFO     |   val     : 65 files
2026-05-18 22:03:39,062 | INFO     |   test    : 66 files
2026-05-18 22:03:39,063 | INFO     | 
────────────────────────────────────────────────────────────
2026-05-18 22:03:39,063 | INFO     | Splitting : cygne_tubercule
2026-05-18 22:03:39,702 | INFO     |   train   : 284 files
2026-05-18 22:03:39,703 | INFO     |   val     : 61 files
2026-05-18 22:03:39,703 | INFO     |   test    : 60 files
2026-05-18 22:03:39,703 | INFO     | 
────────────────────────────────────────────────────────────
2026-05-18 22:03:39,703 | INFO     | Splitting : pic_vert
2026-05-18 22:03:40,229 | INFO     |   train   : 266 files
2026-05-18 22:03:40,230 | INFO     |   val     : 57 files
2026-05-18 22:03:40,230 | INFO     |   test    : 57 files
2026-05-18 22:03:40,230 | INFO     |                           DATASET SUMMARY                           
2026-05-18 22:03:40,230 | INFO     | Species                      train         val        test     TOTAL
2026-05-18 22:03:40,231 | INFO     | ────────────────────────────────────────────────────────────────────
2026-05-18 22:03:40,235 | INFO     | hibou_grand-duc                255          55          55       365
2026-05-18 22:03:40,239 | INFO     | flamant_rose                   266          57          57       380
2026-05-18 22:03:40,242 | INFO     | martin-pecheur                 304          65          66       435
2026-05-18 22:03:40,246 | INFO     | cygne_tubercule                284          61          60       405
2026-05-18 22:03:40,253 | INFO     | pic_vert                       266          57          57       380
2026-05-18 22:03:40,253 | INFO     | TOTAL                         1375         295         295      1965
2026-05-18 22:03:40,253 | INFO     | 
dataset_final/
2026-05-18 22:03:40,253 | INFO     | ├── train/
2026-05-18 22:03:40,255 | INFO     | │   ├── cygne_tubercule/  (284 images)
2026-05-18 22:03:40,256 | INFO     | │   ├── flamant_rose/  (266 images)
2026-05-18 22:03:40,257 | INFO     | │   ├── hibou_grand-duc/  (255 images)
2026-05-18 22:03:40,258 | INFO     | │   ├── martin-pecheur/  (304 images)
2026-05-18 22:03:40,260 | INFO     | │   └── pic_vert/  (266 images)
2026-05-18 22:03:40,261 | INFO     | ├── val/
2026-05-18 22:03:40,262 | INFO     | │   ├── cygne_tubercule/  (61 images)
2026-05-18 22:03:40,264 | INFO     | │   ├── flamant_rose/  (57 images)
2026-05-18 22:03:40,265 | INFO     | │   ├── hibou_grand-duc/  (55 images)
2026-05-18 22:03:40,266 | INFO     | │   ├── martin-pecheur/  (65 images)
2026-05-18 22:03:40,267 | INFO     | │   └── pic_vert/  (57 images)
2026-05-18 22:03:40,267 | INFO     | ├── test/
2026-05-18 22:03:40,268 | INFO     | │   ├── cygne_tubercule/  (60 images)
2026-05-18 22:03:40,270 | INFO     | │   ├── flamant_rose/  (57 images)
2026-05-18 22:03:40,271 | INFO     | │   ├── hibou_grand-duc/  (55 images)
2026-05-18 22:03:40,273 | INFO     | │   ├── martin-pecheur/  (66 images)
2026-05-18 22:03:40,274 | INFO     | │   └── pic_vert/  (57 images)
2026-05-18 22:03:40,274 | INFO     | 
Split complete → ..\dataset_final
